<html>
<body>
<pre>
<h1>µVision Build Log</h1>
<h2>Project:</h2>
I:\ECE315\ECE315-master\ECE315-master\LAB4\ECE315\ece353_base_project.uvprojx
Project File Date:  04/19/2017

<h2>Output:</h2>
Rebuild target 'Target 1'
compiling main.c...
main.c(85): warning:  #550-D: variable "dist" was set but never used
        char dist[6];
main.c(86): warning:  #177-D: variable "status" was declared but never referenced
        wireless_com_status_t status;
main.c(87): warning:  #177-D: variable "data" was declared but never referenced
        uint32_t data;
main.c(88): warning:  #177-D: variable "char1" was declared but never referenced
        uint8_t char1, char2;
main.c(88): warning:  #177-D: variable "char2" was declared but never referenced
        uint8_t char1, char2;
main.c(90): warning:  #177-D: variable "i" was declared but never referenced
        int i;
main.c(93): warning:  #177-D: variable "temp1" was declared but never referenced
                uint32_t temp1 = 0;
main.c: 7 warnings, 0 errors
compiling boardUtil.c...
compiling interrupts.c...
interrupts.c(18): warning:  #550-D: variable "val" was set but never used
        uint32_t val;
interrupts.c: 1 warning, 0 errors
compiling lcd.c...
compiling fonts.c...
compiling encoders.c...
encoders.h(7): warning:  #1-D: last line of file ends without a newline
  #endif
encoders.c(5): warning:  #1035-D: single-precision operand implicitly converted to double-precision
        return (inches * 12.15);
encoders.c(6): warning:  #1-D: last line of file ends without a newline
  }
encoders.c: 3 warnings, 0 errors
compiling pwm.c...
pwm.c(79): warning:  #1-D: last line of file ends without a newline
  }
pwm.c: 1 warning, 0 errors
compiling ece315_lab3.c...
compiling drv8833.c...
drv8833.c(110): warning:  #1-D: last line of file ends without a newline
  }
drv8833.c: 1 warning, 0 errors
compiling led_controller.c...
assembling startup_TM4C123.s...
compiling system_TM4C123.c...
linking...
Program Size: Code=13920 RO-data=3008 RW-data=52 ZI-data=16524  
".\obj\ece353_base_project.axf" - 0 Error(s), 13 Warning(s).

<h2>Software Packages used:</h2>

Package Vendor: ARM
                http://www.keil.com/pack/ARM.CMSIS.4.1.1.pack
                ARM::CMSIS:CORE:3.30.0
                CMSIS (Cortex Microcontroller Software Interface Standard)
   * Component: CORE Version: 3.30.0

Package Vendor: Keil
                http://www.keil.com/pack/Keil.TM4C_DFP.1.0.0.pack
                Keil::Device:Startup:1.0.0
                Texas Instruments Tiva C Series Device Support and Examples
   * Component: Startup Version: 1.0.0

<h2>Collection of Component include folders:</h2>
  I:\ECE315\ECE315-master\ECE315-master\LAB4\ECE315\RTE
  C:\AppV\mdk_510\ARM\PACK\ARM\CMSIS\4.1.1\CMSIS\Include
  C:\AppV\mdk_510\ARM\PACK\Keil\TM4C_DFP\1.0.0\Device\Include\TM4C123

<h2>Collection of Component Files used:</h2>

   * Component: ARM::CMSIS:CORE:3.30.0
      Source file:   CMSIS\UserCodeTemplates\ARM\ITM_Retarget.c

   * Component: Keil::Device:Startup:1.0.0
      Source file:   Device\Source\ARM\startup_TM4C123.s
      Source file:   Device\Source\system_TM4C123.c
      Include file:  Device\Include\TM4C123\TM4C123.h
Load "I:\\ECE315\\ECE315-master\\ECE315-master\\LAB4\\ECE315\\obj\\ece353_base_project.axf" 
Connecting: Mode=JTAG, Speed=1000000Hz
Erase Done.
Programming Done.
Verify OK.
ash Download failed  -  Target DLL has been cancelled
Load "I:\\ECE315\\ECE315-master\\ECE315-master\\LAB4\\ECE315\\obj\\ece353_base_project.axf" 
Connecting: Mode=JTAG, Speed=1000000Hz
Erase Done.
Programming Done.
Verify OK.
