<html>
<body>
<pre>
<h1>µVision Build Log</h1>
<h2>Project:</h2>
I:\ECE315\ECE315\ece353_base_project.uvprojx
Project File Date:  03/15/2017

<h2>Output:</h2>
Rebuild target 'Target 1'
compiling main.c...
main.c(62): warning:  #550-D: variable "analogvalue" was set but never used
    int analogvalue = 0;
main.c: 1 warning, 0 errors
compiling boardUtil.c...
boardUtil.c(90): warning:  #940-D: missing return statement at end of non-void function "uart_init_lab1"
  }
boardUtil.c(99): warning:  #223-D: function "initializeADC" declared implicitly
        initializeADC(ADC0_BASE);
boardUtil.c(299): warning:  #188-D: enumerated type mixed with another type
         return 0;
boardUtil.c: 3 warnings, 0 errors
compiling interrupts.c...
interrupts.c(17): warning:  #1-D: last line of file ends without a newline
  }
interrupts.c(8): warning:  #177-D: variable "anval" was declared but never referenced
        int anval;
interrupts.c: 2 warnings, 0 errors
assembling startup_TM4C123.s...
compiling system_TM4C123.c...
linking...
Program Size: Code=2780 RO-data=652 RW-data=12 ZI-data=4100  
".\obj\ece353_base_project.axf" - 0 Error(s), 6 Warning(s).

<h2>Software Packages used:</h2>

Package Vendor: ARM
                http://www.keil.com/pack/ARM.CMSIS.4.1.1.pack
                ARM::CMSIS:CORE:3.30.0
                CMSIS (Cortex Microcontroller Software Interface Standard)
   * Component: CORE Version: 3.30.0

Package Vendor: Keil
                http://www.keil.com/pack/Keil.TM4C_DFP.1.0.0.pack
                Keil::Device:Startup:1.0.0
                Texas Instruments Tiva C Series Device Support and Examples
   * Component: Startup Version: 1.0.0

<h2>Collection of Component include folders:</h2>
  I:\ECE315\ECE315\RTE
  C:\AppV\mdk_510\ARM\PACK\ARM\CMSIS\4.1.1\CMSIS\Include
  C:\AppV\mdk_510\ARM\PACK\Keil\TM4C_DFP\1.0.0\Device\Include\TM4C123

<h2>Collection of Component Files used:</h2>

   * Component: ARM::CMSIS:CORE:3.30.0
      Source file:   CMSIS\UserCodeTemplates\ARM\ITM_Retarget.c

   * Component: Keil::Device:Startup:1.0.0
      Include file:  Device\Include\TM4C123\TM4C123.h
      Source file:   Device\Source\system_TM4C123.c
      Source file:   Device\Source\ARM\startup_TM4C123.s
</pre>
</body>
</html>
created
arget.c

   * Component: Keil::Device:Startup:1.0.0
      Include file:  Device\Include\TM4C123\TM4C123.h
      Source file:   Device\Source\system_TM4C123.c
      Source file:   Device\Source\ARM\startup_TM4C123.s
Target not created
