Component: ARM Compiler 5.06 update 4 (build 422) Tool: armlink [4d35d2]

==============================================================================

Section Cross References

    main.o(.text) refers to boardutil.o(.text) for DisableInterrupts
    main.o(.text) refers to lcd.o(.text) for ece315_lcdInit
    main.o(.text) refers to drv8833.o(.text) for drv8833_gpioInit
    main.o(.text) refers to ece315_lab3.o(.text) for rfInit
    main.o(.text) refers to adc.o(.text) for initializeADC
    main.o(.text) refers to uart.o(.text) for uartTxPoll
    main.o(.text) refers to wireless.o(.text) for wireless_get_32
    main.o(.text) refers to memseta.o(.text) for __aeabi_memclr4
    main.o(.text) refers to printfa.o(i.__0sprintf) for __2sprintf
    main.o(.text) refers to atof.o(i.__hardfp_atof) for __hardfp_atof
    main.o(.text) refers to d2f.o(.text) for __aeabi_d2f
    main.o(.text) refers to f2d.o(.text) for __aeabi_f2d
    main.o(.text) refers to main.o(.data) for leftBuf
    main.o(.text) refers to main.o(.bss) for console
    boardutil.o(.text) refers to gpioport.o(.text) for gpio_enable_port
    boardutil.o(.text) refers to uart.o(.text) for uart_init_115K
    interrupts.o(.text) refers to main.o(.data) for leftBuf
    lcd.o(.text) refers to spi.o(.text) for spiTx
    lcd.o(.text) refers to gpioport.o(.text) for gpio_enable_port
    lcd.o(.text) refers to fonts.o(.constdata) for courierNew_10ptBitmaps
    encoders.o(.text) refers to f2d.o(.text) for __aeabi_f2d
    encoders.o(.text) refers to dmul.o(.text) for __aeabi_dmul
    encoders.o(.text) refers to d2f.o(.text) for __aeabi_d2f
    pwm.o(.text) refers to pwm.o(.data) for PWM
    ece315_lab3.o(.text) refers to wireless.o(.text) for wireless_set_pin_config
    ece315_lab3.o(.text) refers to gpioport.o(.text) for gpio_enable_port
    ece315_lab3.o(.text) refers to spi.o(.text) for initialize_spi
    ece315_lab3.o(.text) refers to ece315_lab3.o(.data) for ece353_ids
    drv8833.o(.text) refers to gpioport.o(.text) for gpio_enable_port
    drv8833.o(.text) refers to pwm.o(.text) for pwmConfig
    startup_tm4c123.o(RESET) refers to startup_tm4c123.o(STACK) for __initial_sp
    startup_tm4c123.o(RESET) refers to startup_tm4c123.o(.text) for Reset_Handler
    startup_tm4c123.o(RESET) refers to interrupts.o(.text) for GPIOC_Handler
    startup_tm4c123.o(.text) refers to system_tm4c123.o(.text) for SystemInit
    startup_tm4c123.o(.text) refers to entry.o(.ARM.Collect$$$$00000000) for __main
    system_tm4c123.o(.text) refers to system_tm4c123.o(.data) for SystemCoreClock
    wireless.o(.text) refers to spi.o(.text) for spiTx
    wireless.o(.text) refers to wireless.o(.bss) for wirelessPinConfig
    atof.o(i.__hardfp_atof) refers (Special) to iusefp.o(.text) for __I$use$fp
    atof.o(i.__hardfp_atof) refers to errno.o(i.__read_errno) for __read_errno
    atof.o(i.__hardfp_atof) refers to strtod.o(.text) for __strtod_int
    atof.o(i.__hardfp_atof) refers to errno.o(i.__set_errno) for __set_errno
    atof.o(i.__softfp_atof) refers (Special) to iusefp.o(.text) for __I$use$fp
    atof.o(i.__softfp_atof) refers to errno.o(i.__read_errno) for __read_errno
    atof.o(i.__softfp_atof) refers to strtod.o(.text) for __strtod_int
    atof.o(i.__softfp_atof) refers to errno.o(i.__set_errno) for __set_errno
    atof.o(i.atof) refers (Special) to iusefp.o(.text) for __I$use$fp
    atof.o(i.atof) refers to errno.o(i.__read_errno) for __read_errno
    atof.o(i.atof) refers to strtod.o(.text) for __strtod_int
    atof.o(i.atof) refers to errno.o(i.__set_errno) for __set_errno
    entry.o(.ARM.Collect$$$$00000000) refers (Special) to entry10a.o(.ARM.Collect$$$$0000000D) for __rt_final_cpp
    entry.o(.ARM.Collect$$$$00000000) refers (Special) to entry11a.o(.ARM.Collect$$$$0000000F) for __rt_final_exit
    entry.o(.ARM.Collect$$$$00000000) refers (Special) to entry7b.o(.ARM.Collect$$$$00000008) for _main_clock
    entry.o(.ARM.Collect$$$$00000000) refers (Special) to entry8b.o(.ARM.Collect$$$$0000000A) for _main_cpp_init
    entry.o(.ARM.Collect$$$$00000000) refers (Special) to entry9a.o(.ARM.Collect$$$$0000000B) for _main_init
    entry.o(.ARM.Collect$$$$00000000) refers (Special) to entry5.o(.ARM.Collect$$$$00000004) for _main_scatterload
    entry.o(.ARM.Collect$$$$00000000) refers (Special) to entry2.o(.ARM.Collect$$$$00000001) for _main_stk
    printfb.o(i.__0fprintf$bare) refers to printfb.o(i._printf_core) for _printf_core
    printfb.o(i.__0fprintf$bare) refers to fputc.o(i.fputc) for fputc
    printfb.o(i.__0printf$bare) refers to printfb.o(i._printf_core) for _printf_core
    printfb.o(i.__0printf$bare) refers to fputc.o(i.fputc) for fputc
    printfb.o(i.__0printf$bare) refers to stdout.o(.data) for __stdout
    printfb.o(i.__0snprintf$bare) refers to printfb.o(i._printf_core) for _printf_core
    printfb.o(i.__0snprintf$bare) refers to printfb.o(i._snputc) for _snputc
    printfb.o(i.__0sprintf$bare) refers to printfb.o(i._printf_core) for _printf_core
    printfb.o(i.__0sprintf$bare) refers to printfb.o(i._sputc) for _sputc
    printfb.o(i.__0vfprintf$bare) refers to printfb.o(i._printf_core) for _printf_core
    printfb.o(i.__0vfprintf$bare) refers to fputc.o(i.fputc) for fputc
    printfb.o(i.__0vprintf$bare) refers to printfb.o(i._printf_core) for _printf_core
    printfb.o(i.__0vprintf$bare) refers to fputc.o(i.fputc) for fputc
    printfb.o(i.__0vprintf$bare) refers to stdout.o(.data) for __stdout
    printfb.o(i.__0vsnprintf$bare) refers to printfb.o(i._printf_core) for _printf_core
    printfb.o(i.__0vsnprintf$bare) refers to printfb.o(i._snputc) for _snputc
    printfb.o(i.__0vsprintf$bare) refers to printfb.o(i._printf_core) for _printf_core
    printfb.o(i.__0vsprintf$bare) refers to printfb.o(i._sputc) for _sputc
    printf0.o(i.__0fprintf$0) refers to printf0.o(i._printf_core) for _printf_core
    printf0.o(i.__0fprintf$0) refers to fputc.o(i.fputc) for fputc
    printf0.o(i.__0printf$0) refers to printf0.o(i._printf_core) for _printf_core
    printf0.o(i.__0printf$0) refers to fputc.o(i.fputc) for fputc
    printf0.o(i.__0printf$0) refers to stdout.o(.data) for __stdout
    printf0.o(i.__0snprintf$0) refers to printf0.o(i._printf_core) for _printf_core
    printf0.o(i.__0snprintf$0) refers to printf0.o(i._snputc) for _snputc
    printf0.o(i.__0sprintf$0) refers to printf0.o(i._printf_core) for _printf_core
    printf0.o(i.__0sprintf$0) refers to printf0.o(i._sputc) for _sputc
    printf0.o(i.__0vfprintf$0) refers to printf0.o(i._printf_core) for _printf_core
    printf0.o(i.__0vfprintf$0) refers to fputc.o(i.fputc) for fputc
    printf0.o(i.__0vprintf$0) refers to printf0.o(i._printf_core) for _printf_core
    printf0.o(i.__0vprintf$0) refers to fputc.o(i.fputc) for fputc
    printf0.o(i.__0vprintf$0) refers to stdout.o(.data) for __stdout
    printf0.o(i.__0vsnprintf$0) refers to printf0.o(i._printf_core) for _printf_core
    printf0.o(i.__0vsnprintf$0) refers to printf0.o(i._snputc) for _snputc
    printf0.o(i.__0vsprintf$0) refers to printf0.o(i._printf_core) for _printf_core
    printf0.o(i.__0vsprintf$0) refers to printf0.o(i._sputc) for _sputc
    printf1.o(i.__0fprintf$1) refers to printf1.o(i._printf_core) for _printf_core
    printf1.o(i.__0fprintf$1) refers to fputc.o(i.fputc) for fputc
    printf1.o(i.__0printf$1) refers to printf1.o(i._printf_core) for _printf_core
    printf1.o(i.__0printf$1) refers to fputc.o(i.fputc) for fputc
    printf1.o(i.__0printf$1) refers to stdout.o(.data) for __stdout
    printf1.o(i.__0snprintf$1) refers to printf1.o(i._printf_core) for _printf_core
    printf1.o(i.__0snprintf$1) refers to printf1.o(i._snputc) for _snputc
    printf1.o(i.__0sprintf$1) refers to printf1.o(i._printf_core) for _printf_core
    printf1.o(i.__0sprintf$1) refers to printf1.o(i._sputc) for _sputc
    printf1.o(i.__0vfprintf$1) refers to printf1.o(i._printf_core) for _printf_core
    printf1.o(i.__0vfprintf$1) refers to fputc.o(i.fputc) for fputc
    printf1.o(i.__0vprintf$1) refers to printf1.o(i._printf_core) for _printf_core
    printf1.o(i.__0vprintf$1) refers to fputc.o(i.fputc) for fputc
    printf1.o(i.__0vprintf$1) refers to stdout.o(.data) for __stdout
    printf1.o(i.__0vsnprintf$1) refers to printf1.o(i._printf_core) for _printf_core
    printf1.o(i.__0vsnprintf$1) refers to printf1.o(i._snputc) for _snputc
    printf1.o(i.__0vsprintf$1) refers to printf1.o(i._printf_core) for _printf_core
    printf1.o(i.__0vsprintf$1) refers to printf1.o(i._sputc) for _sputc
    printf1.o(i._printf_core) refers to uidiv.o(.text) for __aeabi_uidivmod
    printf2.o(i.__0fprintf$2) refers to printf2.o(i._printf_core) for _printf_core
    printf2.o(i.__0fprintf$2) refers to fputc.o(i.fputc) for fputc
    printf2.o(i.__0printf$2) refers to printf2.o(i._printf_core) for _printf_core
    printf2.o(i.__0printf$2) refers to fputc.o(i.fputc) for fputc
    printf2.o(i.__0printf$2) refers to stdout.o(.data) for __stdout
    printf2.o(i.__0snprintf$2) refers to printf2.o(i._printf_core) for _printf_core
    printf2.o(i.__0snprintf$2) refers to printf2.o(i._snputc) for _snputc
    printf2.o(i.__0sprintf$2) refers to printf2.o(i._printf_core) for _printf_core
    printf2.o(i.__0sprintf$2) refers to printf2.o(i._sputc) for _sputc
    printf2.o(i.__0vfprintf$2) refers to printf2.o(i._printf_core) for _printf_core
    printf2.o(i.__0vfprintf$2) refers to fputc.o(i.fputc) for fputc
    printf2.o(i.__0vprintf$2) refers to printf2.o(i._printf_core) for _printf_core
    printf2.o(i.__0vprintf$2) refers to fputc.o(i.fputc) for fputc
    printf2.o(i.__0vprintf$2) refers to stdout.o(.data) for __stdout
    printf2.o(i.__0vsnprintf$2) refers to printf2.o(i._printf_core) for _printf_core
    printf2.o(i.__0vsnprintf$2) refers to printf2.o(i._snputc) for _snputc
    printf2.o(i.__0vsprintf$2) refers to printf2.o(i._printf_core) for _printf_core
    printf2.o(i.__0vsprintf$2) refers to printf2.o(i._sputc) for _sputc
    printf3.o(i.__0fprintf$3) refers to printf3.o(i._printf_core) for _printf_core
    printf3.o(i.__0fprintf$3) refers to fputc.o(i.fputc) for fputc
    printf3.o(i.__0printf$3) refers to printf3.o(i._printf_core) for _printf_core
    printf3.o(i.__0printf$3) refers to fputc.o(i.fputc) for fputc
    printf3.o(i.__0printf$3) refers to stdout.o(.data) for __stdout
    printf3.o(i.__0snprintf$3) refers to printf3.o(i._printf_core) for _printf_core
    printf3.o(i.__0snprintf$3) refers to printf3.o(i._snputc) for _snputc
    printf3.o(i.__0sprintf$3) refers to printf3.o(i._printf_core) for _printf_core
    printf3.o(i.__0sprintf$3) refers to printf3.o(i._sputc) for _sputc
    printf3.o(i.__0vfprintf$3) refers to printf3.o(i._printf_core) for _printf_core
    printf3.o(i.__0vfprintf$3) refers to fputc.o(i.fputc) for fputc
    printf3.o(i.__0vprintf$3) refers to printf3.o(i._printf_core) for _printf_core
    printf3.o(i.__0vprintf$3) refers to fputc.o(i.fputc) for fputc
    printf3.o(i.__0vprintf$3) refers to stdout.o(.data) for __stdout
    printf3.o(i.__0vsnprintf$3) refers to printf3.o(i._printf_core) for _printf_core
    printf3.o(i.__0vsnprintf$3) refers to printf3.o(i._snputc) for _snputc
    printf3.o(i.__0vsprintf$3) refers to printf3.o(i._printf_core) for _printf_core
    printf3.o(i.__0vsprintf$3) refers to printf3.o(i._sputc) for _sputc
    printf3.o(i._printf_core) refers to uidiv.o(.text) for __aeabi_uidivmod
    printf4.o(i.__0fprintf$4) refers to printf4.o(i._printf_core) for _printf_core
    printf4.o(i.__0fprintf$4) refers to fputc.o(i.fputc) for fputc
    printf4.o(i.__0printf$4) refers to printf4.o(i._printf_core) for _printf_core
    printf4.o(i.__0printf$4) refers to fputc.o(i.fputc) for fputc
    printf4.o(i.__0printf$4) refers to stdout.o(.data) for __stdout
    printf4.o(i.__0snprintf$4) refers to printf4.o(i._printf_core) for _printf_core
    printf4.o(i.__0snprintf$4) refers to printf4.o(i._snputc) for _snputc
    printf4.o(i.__0sprintf$4) refers to printf4.o(i._printf_core) for _printf_core
    printf4.o(i.__0sprintf$4) refers to printf4.o(i._sputc) for _sputc
    printf4.o(i.__0vfprintf$4) refers to printf4.o(i._printf_core) for _printf_core
    printf4.o(i.__0vfprintf$4) refers to fputc.o(i.fputc) for fputc
    printf4.o(i.__0vprintf$4) refers to printf4.o(i._printf_core) for _printf_core
    printf4.o(i.__0vprintf$4) refers to fputc.o(i.fputc) for fputc
    printf4.o(i.__0vprintf$4) refers to stdout.o(.data) for __stdout
    printf4.o(i.__0vsnprintf$4) refers to printf4.o(i._printf_core) for _printf_core
    printf4.o(i.__0vsnprintf$4) refers to printf4.o(i._snputc) for _snputc
    printf4.o(i.__0vsprintf$4) refers to printf4.o(i._printf_core) for _printf_core
    printf4.o(i.__0vsprintf$4) refers to printf4.o(i._sputc) for _sputc
    printf4.o(i._printf_core) refers to uldiv.o(.text) for __aeabi_uldivmod
    printf5.o(i.__0fprintf$5) refers to printf5.o(i._printf_core) for _printf_core
    printf5.o(i.__0fprintf$5) refers to fputc.o(i.fputc) for fputc
    printf5.o(i.__0printf$5) refers to printf5.o(i._printf_core) for _printf_core
    printf5.o(i.__0printf$5) refers to fputc.o(i.fputc) for fputc
    printf5.o(i.__0printf$5) refers to stdout.o(.data) for __stdout
    printf5.o(i.__0snprintf$5) refers to printf5.o(i._printf_core) for _printf_core
    printf5.o(i.__0snprintf$5) refers to printf5.o(i._snputc) for _snputc
    printf5.o(i.__0sprintf$5) refers to printf5.o(i._printf_core) for _printf_core
    printf5.o(i.__0sprintf$5) refers to printf5.o(i._sputc) for _sputc
    printf5.o(i.__0vfprintf$5) refers to printf5.o(i._printf_core) for _printf_core
    printf5.o(i.__0vfprintf$5) refers to fputc.o(i.fputc) for fputc
    printf5.o(i.__0vprintf$5) refers to printf5.o(i._printf_core) for _printf_core
    printf5.o(i.__0vprintf$5) refers to fputc.o(i.fputc) for fputc
    printf5.o(i.__0vprintf$5) refers to stdout.o(.data) for __stdout
    printf5.o(i.__0vsnprintf$5) refers to printf5.o(i._printf_core) for _printf_core
    printf5.o(i.__0vsnprintf$5) refers to printf5.o(i._snputc) for _snputc
    printf5.o(i.__0vsprintf$5) refers to printf5.o(i._printf_core) for _printf_core
    printf5.o(i.__0vsprintf$5) refers to printf5.o(i._sputc) for _sputc
    printf5.o(i._printf_core) refers to uldiv.o(.text) for __aeabi_uldivmod
    printf6.o(i.__0fprintf$6) refers to printf6.o(i._printf_core) for _printf_core
    printf6.o(i.__0fprintf$6) refers to fputc.o(i.fputc) for fputc
    printf6.o(i.__0printf$6) refers to printf6.o(i._printf_core) for _printf_core
    printf6.o(i.__0printf$6) refers to fputc.o(i.fputc) for fputc
    printf6.o(i.__0printf$6) refers to stdout.o(.data) for __stdout
    printf6.o(i.__0snprintf$6) refers to printf6.o(i._printf_core) for _printf_core
    printf6.o(i.__0snprintf$6) refers to printf6.o(i._snputc) for _snputc
    printf6.o(i.__0sprintf$6) refers to printf6.o(i._printf_core) for _printf_core
    printf6.o(i.__0sprintf$6) refers to printf6.o(i._sputc) for _sputc
    printf6.o(i.__0vfprintf$6) refers to printf6.o(i._printf_core) for _printf_core
    printf6.o(i.__0vfprintf$6) refers to fputc.o(i.fputc) for fputc
    printf6.o(i.__0vprintf$6) refers to printf6.o(i._printf_core) for _printf_core
    printf6.o(i.__0vprintf$6) refers to fputc.o(i.fputc) for fputc
    printf6.o(i.__0vprintf$6) refers to stdout.o(.data) for __stdout
    printf6.o(i.__0vsnprintf$6) refers to printf6.o(i._printf_core) for _printf_core
    printf6.o(i.__0vsnprintf$6) refers to printf6.o(i._snputc) for _snputc
    printf6.o(i.__0vsprintf$6) refers to printf6.o(i._printf_core) for _printf_core
    printf6.o(i.__0vsprintf$6) refers to printf6.o(i._sputc) for _sputc
    printf6.o(i._printf_core) refers to printf6.o(i._printf_pre_padding) for _printf_pre_padding
    printf6.o(i._printf_core) refers to uidiv.o(.text) for __aeabi_uidivmod
    printf6.o(i._printf_core) refers to printf6.o(i._printf_post_padding) for _printf_post_padding
    printf7.o(i.__0fprintf$7) refers to printf7.o(i._printf_core) for _printf_core
    printf7.o(i.__0fprintf$7) refers to fputc.o(i.fputc) for fputc
    printf7.o(i.__0printf$7) refers to printf7.o(i._printf_core) for _printf_core
    printf7.o(i.__0printf$7) refers to fputc.o(i.fputc) for fputc
    printf7.o(i.__0printf$7) refers to stdout.o(.data) for __stdout
    printf7.o(i.__0snprintf$7) refers to printf7.o(i._printf_core) for _printf_core
    printf7.o(i.__0snprintf$7) refers to printf7.o(i._snputc) for _snputc
    printf7.o(i.__0sprintf$7) refers to printf7.o(i._printf_core) for _printf_core
    printf7.o(i.__0sprintf$7) refers to printf7.o(i._sputc) for _sputc
    printf7.o(i.__0vfprintf$7) refers to printf7.o(i._printf_core) for _printf_core
    printf7.o(i.__0vfprintf$7) refers to fputc.o(i.fputc) for fputc
    printf7.o(i.__0vprintf$7) refers to printf7.o(i._printf_core) for _printf_core
    printf7.o(i.__0vprintf$7) refers to fputc.o(i.fputc) for fputc
    printf7.o(i.__0vprintf$7) refers to stdout.o(.data) for __stdout
    printf7.o(i.__0vsnprintf$7) refers to printf7.o(i._printf_core) for _printf_core
    printf7.o(i.__0vsnprintf$7) refers to printf7.o(i._snputc) for _snputc
    printf7.o(i.__0vsprintf$7) refers to printf7.o(i._printf_core) for _printf_core
    printf7.o(i.__0vsprintf$7) refers to printf7.o(i._sputc) for _sputc
    printf7.o(i._printf_core) refers to printf7.o(i._printf_pre_padding) for _printf_pre_padding
    printf7.o(i._printf_core) refers to uldiv.o(.text) for __aeabi_uldivmod
    printf7.o(i._printf_core) refers to printf7.o(i._printf_post_padding) for _printf_post_padding
    printf8.o(i.__0fprintf$8) refers to printf8.o(i._printf_core) for _printf_core
    printf8.o(i.__0fprintf$8) refers to fputc.o(i.fputc) for fputc
    printf8.o(i.__0printf$8) refers to printf8.o(i._printf_core) for _printf_core
    printf8.o(i.__0printf$8) refers to fputc.o(i.fputc) for fputc
    printf8.o(i.__0printf$8) refers to stdout.o(.data) for __stdout
    printf8.o(i.__0snprintf$8) refers to printf8.o(i._printf_core) for _printf_core
    printf8.o(i.__0snprintf$8) refers to printf8.o(i._snputc) for _snputc
    printf8.o(i.__0sprintf$8) refers to printf8.o(i._printf_core) for _printf_core
    printf8.o(i.__0sprintf$8) refers to printf8.o(i._sputc) for _sputc
    printf8.o(i.__0vfprintf$8) refers to printf8.o(i._printf_core) for _printf_core
    printf8.o(i.__0vfprintf$8) refers to fputc.o(i.fputc) for fputc
    printf8.o(i.__0vprintf$8) refers to printf8.o(i._printf_core) for _printf_core
    printf8.o(i.__0vprintf$8) refers to fputc.o(i.fputc) for fputc
    printf8.o(i.__0vprintf$8) refers to stdout.o(.data) for __stdout
    printf8.o(i.__0vsnprintf$8) refers to printf8.o(i._printf_core) for _printf_core
    printf8.o(i.__0vsnprintf$8) refers to printf8.o(i._snputc) for _snputc
    printf8.o(i.__0vsprintf$8) refers to printf8.o(i._printf_core) for _printf_core
    printf8.o(i.__0vsprintf$8) refers to printf8.o(i._sputc) for _sputc
    printf8.o(i._printf_core) refers to printf8.o(i._printf_pre_padding) for _printf_pre_padding
    printf8.o(i._printf_core) refers to uldiv.o(.text) for __aeabi_uldivmod
    printf8.o(i._printf_core) refers to printf8.o(i._printf_post_padding) for _printf_post_padding
    printfa.o(i.__0fprintf) refers (Special) to iusefp.o(.text) for __I$use$fp
    printfa.o(i.__0fprintf) refers to printfa.o(i._printf_core) for _printf_core
    printfa.o(i.__0fprintf) refers to fputc.o(i.fputc) for fputc
    printfa.o(i.__0printf) refers (Special) to iusefp.o(.text) for __I$use$fp
    printfa.o(i.__0printf) refers to printfa.o(i._printf_core) for _printf_core
    printfa.o(i.__0printf) refers to fputc.o(i.fputc) for fputc
    printfa.o(i.__0printf) refers to stdout.o(.data) for __stdout
    printfa.o(i.__0snprintf) refers (Special) to iusefp.o(.text) for __I$use$fp
    printfa.o(i.__0snprintf) refers to printfa.o(i._printf_core) for _printf_core
    printfa.o(i.__0snprintf) refers to printfa.o(i._snputc) for _snputc
    printfa.o(i.__0sprintf) refers (Special) to iusefp.o(.text) for __I$use$fp
    printfa.o(i.__0sprintf) refers to printfa.o(i._printf_core) for _printf_core
    printfa.o(i.__0sprintf) refers to printfa.o(i._sputc) for _sputc
    printfa.o(i.__0vfprintf) refers (Special) to iusefp.o(.text) for __I$use$fp
    printfa.o(i.__0vfprintf) refers to printfa.o(i._printf_core) for _printf_core
    printfa.o(i.__0vfprintf) refers to fputc.o(i.fputc) for fputc
    printfa.o(i.__0vprintf) refers (Special) to iusefp.o(.text) for __I$use$fp
    printfa.o(i.__0vprintf) refers to printfa.o(i._printf_core) for _printf_core
    printfa.o(i.__0vprintf) refers to fputc.o(i.fputc) for fputc
    printfa.o(i.__0vprintf) refers to stdout.o(.data) for __stdout
    printfa.o(i.__0vsnprintf) refers (Special) to iusefp.o(.text) for __I$use$fp
    printfa.o(i.__0vsnprintf) refers to printfa.o(i._printf_core) for _printf_core
    printfa.o(i.__0vsnprintf) refers to printfa.o(i._snputc) for _snputc
    printfa.o(i.__0vsprintf) refers (Special) to iusefp.o(.text) for __I$use$fp
    printfa.o(i.__0vsprintf) refers to printfa.o(i._printf_core) for _printf_core
    printfa.o(i.__0vsprintf) refers to printfa.o(i._sputc) for _sputc
    printfa.o(i._fp_digits) refers (Special) to iusefp.o(.text) for __I$use$fp
    printfa.o(i._fp_digits) refers to dmul.o(.text) for __aeabi_dmul
    printfa.o(i._fp_digits) refers to ddiv.o(.text) for __aeabi_ddiv
    printfa.o(i._fp_digits) refers to cdrcmple.o(.text) for __aeabi_cdrcmple
    printfa.o(i._fp_digits) refers to dadd.o(.text) for __aeabi_dadd
    printfa.o(i._fp_digits) refers to dfixul.o(.text) for __aeabi_d2ulz
    printfa.o(i._fp_digits) refers to uldiv.o(.text) for __aeabi_uldivmod
    printfa.o(i._printf_core) refers (Special) to iusefp.o(.text) for __I$use$fp
    printfa.o(i._printf_core) refers to printfa.o(i._printf_pre_padding) for _printf_pre_padding
    printfa.o(i._printf_core) refers to uldiv.o(.text) for __aeabi_uldivmod
    printfa.o(i._printf_core) refers to printfa.o(i._printf_post_padding) for _printf_post_padding
    printfa.o(i._printf_core) refers to printfa.o(i._fp_digits) for _fp_digits
    printfa.o(i._printf_core) refers to uidiv.o(.text) for __aeabi_uidivmod
    printfa.o(i._printf_post_padding) refers (Special) to iusefp.o(.text) for __I$use$fp
    printfa.o(i._printf_pre_padding) refers (Special) to iusefp.o(.text) for __I$use$fp
    printfa.o(i._snputc) refers (Special) to iusefp.o(.text) for __I$use$fp
    printfa.o(i._sputc) refers (Special) to iusefp.o(.text) for __I$use$fp
    dmul.o(.text) refers (Special) to iusefp.o(.text) for __I$use$fp
    dmul.o(.text) refers to depilogue.o(.text) for _double_epilogue
    f2d.o(.text) refers (Special) to iusefp.o(.text) for __I$use$fp
    d2f.o(.text) refers (Special) to iusefp.o(.text) for __I$use$fp
    d2f.o(.text) refers to fepilogue.o(.text) for _float_round
    entry2.o(.ARM.Collect$$$$00000001) refers to entry2.o(.ARM.Collect$$$$00002712) for __lit__00000000
    entry2.o(.ARM.Collect$$$$00002712) refers to startup_tm4c123.o(STACK) for __initial_sp
    entry2.o(__vectab_stack_and_reset_area) refers to startup_tm4c123.o(STACK) for __initial_sp
    entry2.o(__vectab_stack_and_reset_area) refers to entry.o(.ARM.Collect$$$$00000000) for __main
    entry5.o(.ARM.Collect$$$$00000004) refers to init.o(.text) for __scatterload
    entry9a.o(.ARM.Collect$$$$0000000B) refers to main.o(.text) for main
    entry9b.o(.ARM.Collect$$$$0000000C) refers to main.o(.text) for main
    fputc.o(i.fputc) refers (Special) to iusesemip.o(.text) for __I$use$semihosting$fputc
    fputc.o(i.fputc) refers (Special) to semi.o(.text) for __semihosting_library_function
    uldiv.o(.text) refers to llushr.o(.text) for __aeabi_llsr
    uldiv.o(.text) refers to llshl.o(.text) for __aeabi_llsl
    errno.o(i.__aeabi_errno_addr) refers to errno.o(.data) for .data
    errno.o(i.__read_errno) refers to errno.o(.data) for .data
    errno.o(i.__set_errno) refers to errno.o(.data) for .data
    strtod.o(.text) refers to scanf_fp.o(.text) for _scanf_real
    strtod.o(.text) refers to _sgetc.o(.text) for _sgetc
    strtod.o(.text) refers to isspace_c.o(.text) for isspace
    depilogue.o(.text) refers to llshl.o(.text) for __aeabi_llsl
    depilogue.o(.text) refers to llushr.o(.text) for __aeabi_llsr
    dadd.o(.text) refers to llshl.o(.text) for __aeabi_llsl
    dadd.o(.text) refers to llsshr.o(.text) for __aeabi_lasr
    dadd.o(.text) refers to depilogue.o(.text) for _double_epilogue
    ddiv.o(.text) refers to depilogue.o(.text) for _double_round
    dfixul.o(.text) refers to llushr.o(.text) for __aeabi_llsr
    dfixul.o(.text) refers to llshl.o(.text) for __aeabi_llsl
    init.o(.text) refers to entry5.o(.ARM.Collect$$$$00000004) for __main_after_scatterload
    isspace_c.o(.text) refers to ctype_c.o(.text) for __ctype_lookup
    scanf_fp.o(.text) refers (Special) to iusefp.o(.text) for __I$use$fp
    scanf_fp.o(.text) refers to dfltul.o(.text) for __aeabi_ul2d
    scanf_fp.o(.text) refers to dmul.o(.text) for __aeabi_dmul
    scanf_fp.o(.text) refers to ddiv.o(.text) for __aeabi_ddiv
    scanf_fp.o(.text) refers to scanf_fp.o(i._is_digit) for _is_digit
    scanf_fp.o(.text) refers to d2f.o(.text) for __aeabi_d2f
    ctype_c.o(.text) refers to ctype_c.o(.constdata) for .constdata
    dfltul.o(.text) refers to depilogue.o(.text) for _double_epilogue
    scanf_fp.o(i._is_digit) refers (Special) to iusefp.o(.text) for __I$use$fp


==============================================================================

Removing Unused input sections from the image.

    Removing main.o(.rev16_text), (4 bytes).
    Removing main.o(.revsh_text), (4 bytes).
    Removing main.o(.rrx_text), (6 bytes).
    Removing boardutil.o(.rev16_text), (4 bytes).
    Removing boardutil.o(.revsh_text), (4 bytes).
    Removing boardutil.o(.rrx_text), (6 bytes).
    Removing interrupts.o(.rev16_text), (4 bytes).
    Removing interrupts.o(.revsh_text), (4 bytes).
    Removing interrupts.o(.rrx_text), (6 bytes).
    Removing lcd.o(.rev16_text), (4 bytes).
    Removing lcd.o(.revsh_text), (4 bytes).
    Removing lcd.o(.rrx_text), (6 bytes).
    Removing encoders.o(.text), (60 bytes).
    Removing pwm.o(.rev16_text), (4 bytes).
    Removing pwm.o(.revsh_text), (4 bytes).
    Removing pwm.o(.rrx_text), (6 bytes).
    Removing ece315_lab3.o(.rev16_text), (4 bytes).
    Removing ece315_lab3.o(.revsh_text), (4 bytes).
    Removing ece315_lab3.o(.rrx_text), (6 bytes).
    Removing drv8833.o(.rev16_text), (4 bytes).
    Removing drv8833.o(.revsh_text), (4 bytes).
    Removing drv8833.o(.rrx_text), (6 bytes).
    Removing startup_tm4c123.o(HEAP), (0 bytes).
    Removing system_tm4c123.o(.rev16_text), (4 bytes).
    Removing system_tm4c123.o(.revsh_text), (4 bytes).
    Removing system_tm4c123.o(.rrx_text), (6 bytes).
    Removing gpioport.o(.rev16_text), (4 bytes).
    Removing gpioport.o(.revsh_text), (4 bytes).
    Removing gpioport.o(.rrx_text), (6 bytes).
    Removing spi.o(.rev16_text), (4 bytes).
    Removing spi.o(.revsh_text), (4 bytes).
    Removing spi.o(.rrx_text), (6 bytes).
    Removing uart.o(.rev16_text), (4 bytes).
    Removing uart.o(.revsh_text), (4 bytes).
    Removing uart.o(.rrx_text), (6 bytes).
    Removing adc.o(.rev16_text), (4 bytes).
    Removing adc.o(.revsh_text), (4 bytes).
    Removing adc.o(.rrx_text), (6 bytes).
    Removing wireless.o(.rev16_text), (4 bytes).
    Removing wireless.o(.revsh_text), (4 bytes).
    Removing wireless.o(.rrx_text), (6 bytes).

41 unused section(s) (total 242 bytes) removed from the image.

==============================================================================

Image Symbol Table

    Local Symbols

    Symbol Name                              Value     Ov Type        Size  Object(Section)

    RESET                                    0x00000000   Section      620  startup_tm4c123.o(RESET)
    ../clib/microlib/ctype/ctype.c           0x00000000   Number         0  isspace_c.o ABSOLUTE
    ../clib/microlib/ctype/ctype.c           0x00000000   Number         0  ctype_c.o ABSOLUTE
    ../clib/microlib/division.c              0x00000000   Number         0  uldiv.o ABSOLUTE
    ../clib/microlib/division.c              0x00000000   Number         0  uidiv.o ABSOLUTE
    ../clib/microlib/errno.c                 0x00000000   Number         0  errno.o ABSOLUTE
    ../clib/microlib/init/entry.s            0x00000000   Number         0  entry10b.o ABSOLUTE
    ../clib/microlib/init/entry.s            0x00000000   Number         0  entry8b.o ABSOLUTE
    ../clib/microlib/init/entry.s            0x00000000   Number         0  entry10a.o ABSOLUTE
    ../clib/microlib/init/entry.s            0x00000000   Number         0  entry2.o ABSOLUTE
    ../clib/microlib/init/entry.s            0x00000000   Number         0  entry.o ABSOLUTE
    ../clib/microlib/init/entry.s            0x00000000   Number         0  entry7a.o ABSOLUTE
    ../clib/microlib/init/entry.s            0x00000000   Number         0  entry5.o ABSOLUTE
    ../clib/microlib/init/entry.s            0x00000000   Number         0  entry9b.o ABSOLUTE
    ../clib/microlib/init/entry.s            0x00000000   Number         0  entry8a.o ABSOLUTE
    ../clib/microlib/init/entry.s            0x00000000   Number         0  entry7b.o ABSOLUTE
    ../clib/microlib/init/entry.s            0x00000000   Number         0  entry9a.o ABSOLUTE
    ../clib/microlib/init/entry.s            0x00000000   Number         0  entry11b.o ABSOLUTE
    ../clib/microlib/init/entry.s            0x00000000   Number         0  entry11a.o ABSOLUTE
    ../clib/microlib/longlong.c              0x00000000   Number         0  llsshr.o ABSOLUTE
    ../clib/microlib/longlong.c              0x00000000   Number         0  llushr.o ABSOLUTE
    ../clib/microlib/longlong.c              0x00000000   Number         0  llshl.o ABSOLUTE
    ../clib/microlib/printf/printf.c         0x00000000   Number         0  printf1.o ABSOLUTE
    ../clib/microlib/printf/printf.c         0x00000000   Number         0  printf2.o ABSOLUTE
    ../clib/microlib/printf/printf.c         0x00000000   Number         0  printf4.o ABSOLUTE
    ../clib/microlib/printf/printf.c         0x00000000   Number         0  printf3.o ABSOLUTE
    ../clib/microlib/printf/printf.c         0x00000000   Number         0  printf6.o ABSOLUTE
    ../clib/microlib/printf/printf.c         0x00000000   Number         0  printfa.o ABSOLUTE
    ../clib/microlib/printf/printf.c         0x00000000   Number         0  printf5.o ABSOLUTE
    ../clib/microlib/printf/printf.c         0x00000000   Number         0  printf7.o ABSOLUTE
    ../clib/microlib/printf/printf.c         0x00000000   Number         0  printf0.o ABSOLUTE
    ../clib/microlib/printf/printf.c         0x00000000   Number         0  printfb.o ABSOLUTE
    ../clib/microlib/printf/printf.c         0x00000000   Number         0  printf8.o ABSOLUTE
    ../clib/microlib/printf/stubs.s          0x00000000   Number         0  stubs.o ABSOLUTE
    ../clib/microlib/stdio/fputc.c           0x00000000   Number         0  fputc.o ABSOLUTE
    ../clib/microlib/stdio/semi.s            0x00000000   Number         0  semi.o ABSOLUTE
    ../clib/microlib/stdio/streams.c         0x00000000   Number         0  stdout.o ABSOLUTE
    ../clib/microlib/string/memset.c         0x00000000   Number         0  memseta.o ABSOLUTE
    ../clib/microlib/stubs.s                 0x00000000   Number         0  iusefp.o ABSOLUTE
    ../clib/microlib/stubs.s                 0x00000000   Number         0  iusesemip.o ABSOLUTE
    ../clib/scanf.c                          0x00000000   Number         0  strtod.o ABSOLUTE
    ../clib/scanf.c                          0x00000000   Number         0  scanf_fp.o ABSOLUTE
    ../clib/scanf.c                          0x00000000   Number         0  _sgetc.o ABSOLUTE
    ../fplib/microlib/d2f.c                  0x00000000   Number         0  d2f.o ABSOLUTE
    ../fplib/microlib/f2d.c                  0x00000000   Number         0  f2d.o ABSOLUTE
    ../fplib/microlib/fpadd.c                0x00000000   Number         0  dadd.o ABSOLUTE
    ../fplib/microlib/fpdiv.c                0x00000000   Number         0  ddiv.o ABSOLUTE
    ../fplib/microlib/fpepilogue.c           0x00000000   Number         0  fepilogue.o ABSOLUTE
    ../fplib/microlib/fpepilogue.c           0x00000000   Number         0  depilogue.o ABSOLUTE
    ../fplib/microlib/fpfix.c                0x00000000   Number         0  dfixul.o ABSOLUTE
    ../fplib/microlib/fpflt.c                0x00000000   Number         0  dfltul.o ABSOLUTE
    ../fplib/microlib/fpmul.c                0x00000000   Number         0  dmul.o ABSOLUTE
    ../mathlib/atof.c                        0x00000000   Number         0  atof.o ABSOLUTE
    ..\\drivers\\adc.c                       0x00000000   Number         0  adc.o ABSOLUTE
    ..\\drivers\\gpioPort.c                  0x00000000   Number         0  gpioport.o ABSOLUTE
    ..\\drivers\\spi.c                       0x00000000   Number         0  spi.o ABSOLUTE
    ..\\drivers\\uart.c                      0x00000000   Number         0  uart.o ABSOLUTE
    ..\\drivers\\wireless.c                  0x00000000   Number         0  wireless.o ABSOLUTE
    ..\drivers\adc.c                         0x00000000   Number         0  adc.o ABSOLUTE
    ..\drivers\fonts.c                       0x00000000   Number         0  fonts.o ABSOLUTE
    ..\drivers\gpioPort.c                    0x00000000   Number         0  gpioport.o ABSOLUTE
    ..\drivers\spi.c                         0x00000000   Number         0  spi.o ABSOLUTE
    ..\drivers\uart.c                        0x00000000   Number         0  uart.o ABSOLUTE
    ..\drivers\wireless.c                    0x00000000   Number         0  wireless.o ABSOLUTE
    RTE\Device\TM4C123GH6PM\startup_TM4C123.s 0x00000000   Number         0  startup_tm4c123.o ABSOLUTE
    RTE\Device\TM4C123GH6PM\system_TM4C123.c 0x00000000   Number         0  system_tm4c123.o ABSOLUTE
    RTE\\Device\\TM4C123GH6PM\\system_TM4C123.c 0x00000000   Number         0  system_tm4c123.o ABSOLUTE
    boardUtil.c                              0x00000000   Number         0  boardutil.o ABSOLUTE
    boardUtil.c                              0x00000000   Number         0  boardutil.o ABSOLUTE
    cdrcmple.s                               0x00000000   Number         0  cdrcmple.o ABSOLUTE
    dc.s                                     0x00000000   Number         0  dc.o ABSOLUTE
    drv8833.c                                0x00000000   Number         0  drv8833.o ABSOLUTE
    drv8833.c                                0x00000000   Number         0  drv8833.o ABSOLUTE
    ece315_lab3.c                            0x00000000   Number         0  ece315_lab3.o ABSOLUTE
    ece315_lab3.c                            0x00000000   Number         0  ece315_lab3.o ABSOLUTE
    encoders.c                               0x00000000   Number         0  encoders.o ABSOLUTE
    handlers.s                               0x00000000   Number         0  handlers.o ABSOLUTE
    init.s                                   0x00000000   Number         0  init.o ABSOLUTE
    interrupts.c                             0x00000000   Number         0  interrupts.o ABSOLUTE
    interrupts.c                             0x00000000   Number         0  interrupts.o ABSOLUTE
    lcd.c                                    0x00000000   Number         0  lcd.o ABSOLUTE
    lcd.c                                    0x00000000   Number         0  lcd.o ABSOLUTE
    main.c                                   0x00000000   Number         0  main.o ABSOLUTE
    main.c                                   0x00000000   Number         0  main.o ABSOLUTE
    pwm.c                                    0x00000000   Number         0  pwm.o ABSOLUTE
    pwm.c                                    0x00000000   Number         0  pwm.o ABSOLUTE
    .ARM.Collect$$$$00000000                 0x0000026c   Section        0  entry.o(.ARM.Collect$$$$00000000)
    .ARM.Collect$$$$00000001                 0x0000026c   Section        4  entry2.o(.ARM.Collect$$$$00000001)
    .ARM.Collect$$$$00000004                 0x00000270   Section        4  entry5.o(.ARM.Collect$$$$00000004)
    .ARM.Collect$$$$00000008                 0x00000274   Section        0  entry7b.o(.ARM.Collect$$$$00000008)
    .ARM.Collect$$$$0000000A                 0x00000274   Section        0  entry8b.o(.ARM.Collect$$$$0000000A)
    .ARM.Collect$$$$0000000B                 0x00000274   Section        8  entry9a.o(.ARM.Collect$$$$0000000B)
    .ARM.Collect$$$$0000000D                 0x0000027c   Section        0  entry10a.o(.ARM.Collect$$$$0000000D)
    .ARM.Collect$$$$0000000F                 0x0000027c   Section        0  entry11a.o(.ARM.Collect$$$$0000000F)
    .ARM.Collect$$$$00002712                 0x0000027c   Section        4  entry2.o(.ARM.Collect$$$$00002712)
    __lit__00000000                          0x0000027c   Data           4  entry2.o(.ARM.Collect$$$$00002712)
    .text                                    0x00000280   Section        0  main.o(.text)
    .text                                    0x00000544   Section        0  boardutil.o(.text)
    __NVIC_SetPriority                       0x00000545   Thumb Code    32  boardutil.o(.text)
    __NVIC_EnableIRQ                         0x0000074b   Thumb Code    26  boardutil.o(.text)
    .text                                    0x00000790   Section        0  interrupts.o(.text)
    .text                                    0x00000830   Section        0  lcd.o(.text)
    .text                                    0x00000b0c   Section        0  pwm.o(.text)
    .text                                    0x00000d2c   Section        0  ece315_lab3.o(.text)
    .text                                    0x00000e18   Section        0  drv8833.o(.text)
    .text                                    0x00000fcc   Section      252  startup_tm4c123.o(.text)
    $v0                                      0x00000fcc   Number         0  startup_tm4c123.o(.text)
    .text                                    0x000010c8   Section        0  system_tm4c123.o(.text)
    getOscClk                                0x000010c9   Thumb Code   182  system_tm4c123.o(.text)
    .text                                    0x00001318   Section        0  gpioport.o(.text)
    verifyBaseAddr                           0x00001319   Thumb Code    64  gpioport.o(.text)
    .text                                    0x00001548   Section        0  spi.o(.text)
    .text                                    0x000016d8   Section        0  uart.o(.text)
    .text                                    0x000017dc   Section        0  adc.o(.text)
    .text                                    0x000018b4   Section        0  wireless.o(.text)
    wireless_reg_read                        0x000018db   Thumb Code    42  wireless.o(.text)
    wireless_reg_write                       0x00001905   Thumb Code    42  wireless.o(.text)
    wireless_rx_data_payload                 0x0000192f   Thumb Code    82  wireless.o(.text)
    wireless_set_rx_addr                     0x00001981   Thumb Code   120  wireless.o(.text)
    wireless_flush_tx_fifo                   0x000019f9   Thumb Code    30  wireless.o(.text)
    wireless_get_status                      0x00001a17   Thumb Code    34  wireless.o(.text)
    wireless_CSN_low                         0x00001cdb   Thumb Code    20  wireless.o(.text)
    wireless_CSN_high                        0x00001cef   Thumb Code    20  wireless.o(.text)
    wireless_CE_low                          0x00001d03   Thumb Code    20  wireless.o(.text)
    wireless_CE_high                         0x00001d17   Thumb Code    20  wireless.o(.text)
    wireless_rx_fifo_empty                   0x00001d2b   Thumb Code    24  wireless.o(.text)
    wireless_status_tx_ds_asserted           0x00001d43   Thumb Code    16  wireless.o(.text)
    wireless_status_tx_full_asserted         0x00001d53   Thumb Code    16  wireless.o(.text)
    wireless_clear_max_rt                    0x00001d63   Thumb Code    12  wireless.o(.text)
    .text                                    0x00001d74   Section        0  memseta.o(.text)
    .text                                    0x00001d98   Section        0  dmul.o(.text)
    .text                                    0x00001e7c   Section        0  f2d.o(.text)
    .text                                    0x00001ea2   Section        0  d2f.o(.text)
    .text                                    0x00001eda   Section        0  uidiv.o(.text)
    .text                                    0x00001f06   Section        0  uldiv.o(.text)
    .text                                    0x00001f68   Section        0  strtod.o(.text)
    _local_sscanf                            0x00001f69   Thumb Code    54  strtod.o(.text)
    .text                                    0x00002004   Section        0  iusefp.o(.text)
    .text                                    0x00002004   Section        0  fepilogue.o(.text)
    .text                                    0x00002072   Section        0  depilogue.o(.text)
    .text                                    0x0000212c   Section        0  dadd.o(.text)
    .text                                    0x0000227a   Section        0  ddiv.o(.text)
    .text                                    0x00002358   Section        0  dfixul.o(.text)
    .text                                    0x00002388   Section       48  cdrcmple.o(.text)
    .text                                    0x000023b8   Section       36  init.o(.text)
    .text                                    0x000023dc   Section        0  llshl.o(.text)
    .text                                    0x000023fa   Section        0  llushr.o(.text)
    .text                                    0x0000241a   Section        0  llsshr.o(.text)
    .text                                    0x0000243e   Section        0  isspace_c.o(.text)
    .text                                    0x00002448   Section        0  scanf_fp.o(.text)
    _fp_value                                0x00002449   Thumb Code   256  scanf_fp.o(.text)
    .text                                    0x00002780   Section        0  _sgetc.o(.text)
    .text                                    0x000027c0   Section        0  ctype_c.o(.text)
    .text                                    0x000027e8   Section        0  dfltul.o(.text)
    i.__0sprintf                             0x00002800   Section        0  printfa.o(i.__0sprintf)
    i.__hardfp_atof                          0x00002828   Section        0  atof.o(i.__hardfp_atof)
    i.__read_errno                           0x00002860   Section        0  errno.o(i.__read_errno)
    i.__scatterload_copy                     0x0000286c   Section       14  handlers.o(i.__scatterload_copy)
    i.__scatterload_null                     0x0000287a   Section        2  handlers.o(i.__scatterload_null)
    i.__scatterload_zeroinit                 0x0000287c   Section       14  handlers.o(i.__scatterload_zeroinit)
    i.__set_errno                            0x0000288c   Section        0  errno.o(i.__set_errno)
    i._fp_digits                             0x00002898   Section        0  printfa.o(i._fp_digits)
    _fp_digits                               0x00002899   Thumb Code   366  printfa.o(i._fp_digits)
    i._is_digit                              0x00002a1c   Section        0  scanf_fp.o(i._is_digit)
    i._printf_core                           0x00002a2c   Section        0  printfa.o(i._printf_core)
    _printf_core                             0x00002a2d   Thumb Code  1744  printfa.o(i._printf_core)
    i._printf_post_padding                   0x00003108   Section        0  printfa.o(i._printf_post_padding)
    _printf_post_padding                     0x00003109   Thumb Code    36  printfa.o(i._printf_post_padding)
    i._printf_pre_padding                    0x0000312c   Section        0  printfa.o(i._printf_pre_padding)
    _printf_pre_padding                      0x0000312d   Thumb Code    46  printfa.o(i._printf_pre_padding)
    i._sputc                                 0x0000315a   Section        0  printfa.o(i._sputc)
    _sputc                                   0x0000315b   Thumb Code    10  printfa.o(i._sputc)
    .constdata                               0x00003164   Section     2292  fonts.o(.constdata)
    .constdata                               0x00003a58   Section       64  ctype_c.o(.constdata)
    .data                                    0x20000000   Section        8  main.o(.data)
    .data                                    0x20000008   Section        4  pwm.o(.data)
    .data                                    0x2000000c   Section       10  ece315_lab3.o(.data)
    ece353_ids                               0x2000000c   Data           5  ece315_lab3.o(.data)
    ece315_ids                               0x20000011   Data           5  ece315_lab3.o(.data)
    .data                                    0x20000018   Section        4  system_tm4c123.o(.data)
    .data                                    0x2000001c   Section        4  errno.o(.data)
    _errno                                   0x2000001c   Data           4  errno.o(.data)
    .bss                                     0x20000020   Section       50  main.o(.bss)
    .bss                                     0x20000054   Section       24  wireless.o(.bss)
    STACK                                    0x20000070   Section     4096  startup_tm4c123.o(STACK)

    Global Symbols

    Symbol Name                              Value     Ov Type        Size  Object(Section)

    BuildAttributes$$THM_ISAv4$E$P$D$K$B$S$7EM$VFPi3$EXTD16$VFPS$VFMA$PE$A:L22UL41UL21$X:L11$S22US41US21$IEEE1$IW$USESV6$~STKCKD$USESV7$~SHL$OTIME$ROPI$IEEEJ$EBA8$MICROLIB$REQ8$PRES8$EABIv2 0x00000000   Number         0  anon$$obj.o ABSOLUTE
    __ARM_use_no_argv                        0x00000000   Number         0  main.o ABSOLUTE
    __Vectors                                0x00000000   Data           4  startup_tm4c123.o(RESET)
    _printf_a                                0x00000000   Number         0  stubs.o ABSOLUTE
    _printf_c                                0x00000000   Number         0  stubs.o ABSOLUTE
    _printf_charcount                        0x00000000   Number         0  stubs.o ABSOLUTE
    _printf_d                                0x00000000   Number         0  stubs.o ABSOLUTE
    _printf_e                                0x00000000   Number         0  stubs.o ABSOLUTE
    _printf_f                                0x00000000   Number         0  stubs.o ABSOLUTE
    _printf_flags                            0x00000000   Number         0  stubs.o ABSOLUTE
    _printf_fp_dec                           0x00000000   Number         0  stubs.o ABSOLUTE
    _printf_fp_hex                           0x00000000   Number         0  stubs.o ABSOLUTE
    _printf_g                                0x00000000   Number         0  stubs.o ABSOLUTE
    _printf_i                                0x00000000   Number         0  stubs.o ABSOLUTE
    _printf_int_dec                          0x00000000   Number         0  stubs.o ABSOLUTE
    _printf_l                                0x00000000   Number         0  stubs.o ABSOLUTE
    _printf_lc                               0x00000000   Number         0  stubs.o ABSOLUTE
    _printf_ll                               0x00000000   Number         0  stubs.o ABSOLUTE
    _printf_lld                              0x00000000   Number         0  stubs.o ABSOLUTE
    _printf_lli                              0x00000000   Number         0  stubs.o ABSOLUTE
    _printf_llo                              0x00000000   Number         0  stubs.o ABSOLUTE
    _printf_llu                              0x00000000   Number         0  stubs.o ABSOLUTE
    _printf_llx                              0x00000000   Number         0  stubs.o ABSOLUTE
    _printf_longlong_dec                     0x00000000   Number         0  stubs.o ABSOLUTE
    _printf_longlong_hex                     0x00000000   Number         0  stubs.o ABSOLUTE
    _printf_longlong_oct                     0x00000000   Number         0  stubs.o ABSOLUTE
    _printf_ls                               0x00000000   Number         0  stubs.o ABSOLUTE
    _printf_mbtowc                           0x00000000   Number         0  stubs.o ABSOLUTE
    _printf_n                                0x00000000   Number         0  stubs.o ABSOLUTE
    _printf_o                                0x00000000   Number         0  stubs.o ABSOLUTE
    _printf_p                                0x00000000   Number         0  stubs.o ABSOLUTE
    _printf_percent                          0x00000000   Number         0  stubs.o ABSOLUTE
    _printf_pre_padding                      0x00000000   Number         0  stubs.o ABSOLUTE
    _printf_return_value                     0x00000000   Number         0  stubs.o ABSOLUTE
    _printf_s                                0x00000000   Number         0  stubs.o ABSOLUTE
    _printf_sizespec                         0x00000000   Number         0  stubs.o ABSOLUTE
    _printf_str                              0x00000000   Number         0  stubs.o ABSOLUTE
    _printf_truncate_signed                  0x00000000   Number         0  stubs.o ABSOLUTE
    _printf_truncate_unsigned                0x00000000   Number         0  stubs.o ABSOLUTE
    _printf_u                                0x00000000   Number         0  stubs.o ABSOLUTE
    _printf_wc                               0x00000000   Number         0  stubs.o ABSOLUTE
    _printf_wctomb                           0x00000000   Number         0  stubs.o ABSOLUTE
    _printf_widthprec                        0x00000000   Number         0  stubs.o ABSOLUTE
    _printf_x                                0x00000000   Number         0  stubs.o ABSOLUTE
    __cpp_initialize__aeabi_                  - Undefined Weak Reference
    __cxa_finalize                            - Undefined Weak Reference
    __decompress                              - Undefined Weak Reference
    _clock_init                               - Undefined Weak Reference
    _microlib_exit                            - Undefined Weak Reference
    __Vectors_End                            0x0000026c   Data           0  startup_tm4c123.o(RESET)
    __Vectors_Size                           0x0000026c   Number         0  startup_tm4c123.o ABSOLUTE
    __main                                   0x0000026d   Thumb Code     0  entry.o(.ARM.Collect$$$$00000000)
    _main_stk                                0x0000026d   Thumb Code     0  entry2.o(.ARM.Collect$$$$00000001)
    _main_scatterload                        0x00000271   Thumb Code     0  entry5.o(.ARM.Collect$$$$00000004)
    __main_after_scatterload                 0x00000275   Thumb Code     0  entry5.o(.ARM.Collect$$$$00000004)
    _main_clock                              0x00000275   Thumb Code     0  entry7b.o(.ARM.Collect$$$$00000008)
    _main_cpp_init                           0x00000275   Thumb Code     0  entry8b.o(.ARM.Collect$$$$0000000A)
    _main_init                               0x00000275   Thumb Code     0  entry9a.o(.ARM.Collect$$$$0000000B)
    __rt_final_cpp                           0x0000027d   Thumb Code     0  entry10a.o(.ARM.Collect$$$$0000000D)
    __rt_final_exit                          0x0000027d   Thumb Code     0  entry11a.o(.ARM.Collect$$$$0000000F)
    initializeBoard                          0x00000281   Thumb Code    42  main.o(.text)
    main                                     0x000002ab   Thumb Code   454  main.o(.text)
    DisableInterrupts                        0x00000565   Thumb Code     4  boardutil.o(.text)
    EnableInterrupts                         0x00000569   Thumb Code     4  boardutil.o(.text)
    uart0_config_gpio                        0x0000056d   Thumb Code    42  boardutil.o(.text)
    serialDebugInit                          0x00000597   Thumb Code    18  boardutil.o(.text)
    uart_init_9600                           0x000005a9   Thumb Code    70  boardutil.o(.text)
    sensor_config                            0x000005ef   Thumb Code   120  boardutil.o(.text)
    encodersInit                             0x00000667   Thumb Code   228  boardutil.o(.text)
    UART7_Handler                            0x00000791   Thumb Code    34  interrupts.o(.text)
    GPIOF_Handler                            0x000007b3   Thumb Code    54  interrupts.o(.text)
    GPIOC_Handler                            0x000007e9   Thumb Code    54  interrupts.o(.text)
    ece315_lcdWriteData                      0x00000831   Thumb Code    18  lcd.o(.text)
    ece315_lcdSetColumn                      0x00000843   Thumb Code    84  lcd.o(.text)
    ece315_lcdSetPage                        0x00000897   Thumb Code    58  lcd.o(.text)
    ece315_lcdClear                          0x000008d1   Thumb Code    42  lcd.o(.text)
    ece315_lcdInit                           0x000008fb   Thumb Code   368  lcd.o(.text)
    ece315_lcdWriteChar                      0x00000a6b   Thumb Code   102  lcd.o(.text)
    ece315_lcdWriteString                    0x00000ad1   Thumb Code    44  lcd.o(.text)
    pwmConfig                                0x00000b0d   Thumb Code   524  pwm.o(.text)
    rfInit                                   0x00000d2d   Thumb Code   214  ece315_lab3.o(.text)
    drv8833_gpioInit                         0x00000e19   Thumb Code   128  drv8833.o(.text)
    drv8833_leftForward                      0x00000e99   Thumb Code    48  drv8833.o(.text)
    drv8833_leftReverse                      0x00000ec9   Thumb Code    48  drv8833.o(.text)
    drv8833_rightForward                     0x00000ef9   Thumb Code    48  drv8833.o(.text)
    drv8833_rightReverse                     0x00000f29   Thumb Code    48  drv8833.o(.text)
    drv8833_turnLeft                         0x00000f59   Thumb Code    18  drv8833.o(.text)
    drv8833_turnRight                        0x00000f6b   Thumb Code    18  drv8833.o(.text)
    drv8833_halt                             0x00000f7d   Thumb Code    56  drv8833.o(.text)
    Reset_Handler                            0x00000fcd   Thumb Code     8  startup_tm4c123.o(.text)
    NMI_Handler                              0x00000fd5   Thumb Code     2  startup_tm4c123.o(.text)
    HardFault_Handler                        0x00000fd7   Thumb Code     2  startup_tm4c123.o(.text)
    MemManage_Handler                        0x00000fd9   Thumb Code     2  startup_tm4c123.o(.text)
    BusFault_Handler                         0x00000fdb   Thumb Code     2  startup_tm4c123.o(.text)
    UsageFault_Handler                       0x00000fdd   Thumb Code     2  startup_tm4c123.o(.text)
    SVC_Handler                              0x00000fdf   Thumb Code     2  startup_tm4c123.o(.text)
    DebugMon_Handler                         0x00000fe1   Thumb Code     2  startup_tm4c123.o(.text)
    PendSV_Handler                           0x00000fe3   Thumb Code     2  startup_tm4c123.o(.text)
    SysTick_Handler                          0x00000fe5   Thumb Code     2  startup_tm4c123.o(.text)
    GPIOA_Handler                            0x00000fe7   Thumb Code     2  startup_tm4c123.o(.text)
    GPIOB_Handler                            0x00000fe9   Thumb Code     2  startup_tm4c123.o(.text)
    GPIOD_Handler                            0x00000fed   Thumb Code     2  startup_tm4c123.o(.text)
    GPIOE_Handler                            0x00000fef   Thumb Code     2  startup_tm4c123.o(.text)
    UART0_Handler                            0x00000ff1   Thumb Code     2  startup_tm4c123.o(.text)
    UART1_Handler                            0x00000ff3   Thumb Code     2  startup_tm4c123.o(.text)
    SSI0_Handler                             0x00000ff5   Thumb Code     2  startup_tm4c123.o(.text)
    I2C0_Handler                             0x00000ff7   Thumb Code     2  startup_tm4c123.o(.text)
    PMW0_FAULT_Handler                       0x00000ff9   Thumb Code     2  startup_tm4c123.o(.text)
    PWM0_0_Handler                           0x00000ffb   Thumb Code     2  startup_tm4c123.o(.text)
    PWM0_1_Handler                           0x00000ffd   Thumb Code     2  startup_tm4c123.o(.text)
    PWM0_2_Handler                           0x00000fff   Thumb Code     2  startup_tm4c123.o(.text)
    QEI0_Handler                             0x00001001   Thumb Code     2  startup_tm4c123.o(.text)
    ADC0SS0_Handler                          0x00001003   Thumb Code     2  startup_tm4c123.o(.text)
    ADC0SS1_Handler                          0x00001005   Thumb Code     2  startup_tm4c123.o(.text)
    ADC0SS2_Handler                          0x00001007   Thumb Code     2  startup_tm4c123.o(.text)
    ADC0SS3_Handler                          0x00001009   Thumb Code     2  startup_tm4c123.o(.text)
    WDT0_Handler                             0x0000100b   Thumb Code     2  startup_tm4c123.o(.text)
    TIMER0A_Handler                          0x0000100d   Thumb Code     2  startup_tm4c123.o(.text)
    TIMER0B_Handler                          0x0000100f   Thumb Code     2  startup_tm4c123.o(.text)
    TIMER1A_Handler                          0x00001011   Thumb Code     2  startup_tm4c123.o(.text)
    TIMER1B_Handler                          0x00001013   Thumb Code     2  startup_tm4c123.o(.text)
    TIMER2A_Handler                          0x00001015   Thumb Code     2  startup_tm4c123.o(.text)
    TIMER2B_Handler                          0x00001017   Thumb Code     2  startup_tm4c123.o(.text)
    COMP0_Handler                            0x00001019   Thumb Code     2  startup_tm4c123.o(.text)
    COMP1_Handler                            0x0000101b   Thumb Code     2  startup_tm4c123.o(.text)
    COMP2_Handler                            0x0000101d   Thumb Code     2  startup_tm4c123.o(.text)
    SYSCTL_Handler                           0x0000101f   Thumb Code     2  startup_tm4c123.o(.text)
    FLASH_Handler                            0x00001021   Thumb Code     2  startup_tm4c123.o(.text)
    GPIOG_Handler                            0x00001025   Thumb Code     2  startup_tm4c123.o(.text)
    GPIOH_Handler                            0x00001027   Thumb Code     2  startup_tm4c123.o(.text)
    UART2_Handler                            0x00001029   Thumb Code     2  startup_tm4c123.o(.text)
    SSI1_Handler                             0x0000102b   Thumb Code     2  startup_tm4c123.o(.text)
    TIMER3A_Handler                          0x0000102d   Thumb Code     2  startup_tm4c123.o(.text)
    TIMER3B_Handler                          0x0000102f   Thumb Code     2  startup_tm4c123.o(.text)
    I2C1_Handler                             0x00001031   Thumb Code     2  startup_tm4c123.o(.text)
    QEI1_Handler                             0x00001033   Thumb Code     2  startup_tm4c123.o(.text)
    CAN0_Handler                             0x00001035   Thumb Code     2  startup_tm4c123.o(.text)
    CAN1_Handler                             0x00001037   Thumb Code     2  startup_tm4c123.o(.text)
    CAN2_Handler                             0x00001039   Thumb Code     2  startup_tm4c123.o(.text)
    HIB_Handler                              0x0000103b   Thumb Code     2  startup_tm4c123.o(.text)
    USB0_Handler                             0x0000103d   Thumb Code     2  startup_tm4c123.o(.text)
    PWM0_3_Handler                           0x0000103f   Thumb Code     2  startup_tm4c123.o(.text)
    UDMA_Handler                             0x00001041   Thumb Code     2  startup_tm4c123.o(.text)
    UDMAERR_Handler                          0x00001043   Thumb Code     2  startup_tm4c123.o(.text)
    ADC1SS0_Handler                          0x00001045   Thumb Code     2  startup_tm4c123.o(.text)
    ADC1SS1_Handler                          0x00001047   Thumb Code     2  startup_tm4c123.o(.text)
    ADC1SS2_Handler                          0x00001049   Thumb Code     2  startup_tm4c123.o(.text)
    ADC1SS3_Handler                          0x0000104b   Thumb Code     2  startup_tm4c123.o(.text)
    GPIOJ_Handler                            0x0000104d   Thumb Code     2  startup_tm4c123.o(.text)
    GPIOK_Handler                            0x0000104f   Thumb Code     2  startup_tm4c123.o(.text)
    GPIOL_Handler                            0x00001051   Thumb Code     2  startup_tm4c123.o(.text)
    SSI2_Handler                             0x00001053   Thumb Code     2  startup_tm4c123.o(.text)
    SSI3_Handler                             0x00001055   Thumb Code     2  startup_tm4c123.o(.text)
    UART3_Handler                            0x00001057   Thumb Code     2  startup_tm4c123.o(.text)
    UART4_Handler                            0x00001059   Thumb Code     2  startup_tm4c123.o(.text)
    UART5_Handler                            0x0000105b   Thumb Code     2  startup_tm4c123.o(.text)
    UART6_Handler                            0x0000105d   Thumb Code     2  startup_tm4c123.o(.text)
    I2C2_Handler                             0x00001061   Thumb Code     2  startup_tm4c123.o(.text)
    I2C3_Handler                             0x00001063   Thumb Code     2  startup_tm4c123.o(.text)
    TIMER4A_Handler                          0x00001065   Thumb Code     2  startup_tm4c123.o(.text)
    TIMER4B_Handler                          0x00001067   Thumb Code     2  startup_tm4c123.o(.text)
    TIMER5A_Handler                          0x00001069   Thumb Code     2  startup_tm4c123.o(.text)
    TIMER5B_Handler                          0x0000106b   Thumb Code     2  startup_tm4c123.o(.text)
    WTIMER0A_Handler                         0x0000106d   Thumb Code     2  startup_tm4c123.o(.text)
    WTIMER0B_Handler                         0x0000106f   Thumb Code     2  startup_tm4c123.o(.text)
    WTIMER1A_Handler                         0x00001071   Thumb Code     2  startup_tm4c123.o(.text)
    WTIMER1B_Handler                         0x00001073   Thumb Code     2  startup_tm4c123.o(.text)
    WTIMER2A_Handler                         0x00001075   Thumb Code     2  startup_tm4c123.o(.text)
    WTIMER2B_Handler                         0x00001077   Thumb Code     2  startup_tm4c123.o(.text)
    WTIMER3A_Handler                         0x00001079   Thumb Code     2  startup_tm4c123.o(.text)
    WTIMER3B_Handler                         0x0000107b   Thumb Code     2  startup_tm4c123.o(.text)
    WTIMER4A_Handler                         0x0000107d   Thumb Code     2  startup_tm4c123.o(.text)
    WTIMER4B_Handler                         0x0000107f   Thumb Code     2  startup_tm4c123.o(.text)
    WTIMER5A_Handler                         0x00001081   Thumb Code     2  startup_tm4c123.o(.text)
    WTIMER5B_Handler                         0x00001083   Thumb Code     2  startup_tm4c123.o(.text)
    FPU_Handler                              0x00001085   Thumb Code     2  startup_tm4c123.o(.text)
    I2C4_Handler                             0x00001087   Thumb Code     2  startup_tm4c123.o(.text)
    I2C5_Handler                             0x00001089   Thumb Code     2  startup_tm4c123.o(.text)
    GPIOM_Handler                            0x0000108b   Thumb Code     2  startup_tm4c123.o(.text)
    GPION_Handler                            0x0000108d   Thumb Code     2  startup_tm4c123.o(.text)
    QEI2_Handler                             0x0000108f   Thumb Code     2  startup_tm4c123.o(.text)
    GPIOP0_Handler                           0x00001091   Thumb Code     2  startup_tm4c123.o(.text)
    GPIOP1_Handler                           0x00001093   Thumb Code     2  startup_tm4c123.o(.text)
    GPIOP2_Handler                           0x00001095   Thumb Code     2  startup_tm4c123.o(.text)
    GPIOP3_Handler                           0x00001097   Thumb Code     2  startup_tm4c123.o(.text)
    GPIOP4_Handler                           0x00001099   Thumb Code     2  startup_tm4c123.o(.text)
    GPIOP5_Handler                           0x0000109b   Thumb Code     2  startup_tm4c123.o(.text)
    GPIOP6_Handler                           0x0000109d   Thumb Code     2  startup_tm4c123.o(.text)
    GPIOP7_Handler                           0x0000109f   Thumb Code     2  startup_tm4c123.o(.text)
    GPIOQ0_Handler                           0x000010a1   Thumb Code     2  startup_tm4c123.o(.text)
    GPIOQ1_Handler                           0x000010a3   Thumb Code     2  startup_tm4c123.o(.text)
    GPIOQ2_Handler                           0x000010a5   Thumb Code     2  startup_tm4c123.o(.text)
    GPIOQ3_Handler                           0x000010a7   Thumb Code     2  startup_tm4c123.o(.text)
    GPIOQ4_Handler                           0x000010a9   Thumb Code     2  startup_tm4c123.o(.text)
    GPIOQ5_Handler                           0x000010ab   Thumb Code     2  startup_tm4c123.o(.text)
    GPIOQ6_Handler                           0x000010ad   Thumb Code     2  startup_tm4c123.o(.text)
    GPIOQ7_Handler                           0x000010af   Thumb Code     2  startup_tm4c123.o(.text)
    GPIOR_Handler                            0x000010b1   Thumb Code     2  startup_tm4c123.o(.text)
    GPIOS_Handler                            0x000010b3   Thumb Code     2  startup_tm4c123.o(.text)
    PMW1_0_Handler                           0x000010b5   Thumb Code     2  startup_tm4c123.o(.text)
    PWM1_1_Handler                           0x000010b7   Thumb Code     2  startup_tm4c123.o(.text)
    PWM1_2_Handler                           0x000010b9   Thumb Code     2  startup_tm4c123.o(.text)
    PWM1_3_Handler                           0x000010bb   Thumb Code     2  startup_tm4c123.o(.text)
    PWM1_FAULT_Handler                       0x000010bd   Thumb Code     2  startup_tm4c123.o(.text)
    SystemCoreClockUpdate                    0x0000117f   Thumb Code   184  system_tm4c123.o(.text)
    SystemInit                               0x00001237   Thumb Code   112  system_tm4c123.o(.text)
    gpio_enable_port                         0x00001359   Thumb Code   156  gpioport.o(.text)
    gpio_config_digital_enable               0x000013f5   Thumb Code    34  gpioport.o(.text)
    gpio_config_enable_output                0x00001417   Thumb Code    34  gpioport.o(.text)
    gpio_config_enable_input                 0x00001439   Thumb Code    34  gpioport.o(.text)
    gpio_config_enable_pullup                0x0000145b   Thumb Code    34  gpioport.o(.text)
    gpio_config_enable_pulldown              0x0000147d   Thumb Code    34  gpioport.o(.text)
    gpio_config_analog_enable                0x0000149f   Thumb Code    34  gpioport.o(.text)
    gpio_config_alternate_function           0x000014c1   Thumb Code    34  gpioport.o(.text)
    gpio_config_port_control                 0x000014e3   Thumb Code    34  gpioport.o(.text)
    gpio_config_open_drain                   0x00001505   Thumb Code    34  gpioport.o(.text)
    spiVerifyBaseAddr                        0x00001549   Thumb Code    34  spi.o(.text)
    initialize_spi                           0x0000156b   Thumb Code   246  spi.o(.text)
    spiTx                                    0x00001661   Thumb Code    94  spi.o(.text)
    verifyUartBase                           0x000016d9   Thumb Code    54  uart.o(.text)
    uartTxPoll                               0x0000170f   Thumb Code    50  uart.o(.text)
    uartRxPoll                               0x00001741   Thumb Code    70  uart.o(.text)
    uart_init_115K                           0x00001787   Thumb Code    78  uart.o(.text)
    initializeADC                            0x000017dd   Thumb Code   146  adc.o(.text)
    getADCValue                              0x0000186f   Thumb Code    58  adc.o(.text)
    wait_uS_15                               0x000018b5   Thumb Code    14  wireless.o(.text)
    wireless_set_pin_config                  0x000018c3   Thumb Code    24  wireless.o(.text)
    wireless_send_32                         0x00001a39   Thumb Code   306  wireless.o(.text)
    wireless_get_32                          0x00001b6b   Thumb Code   132  wireless.o(.text)
    wireless_configure_device                0x00001bef   Thumb Code   236  wireless.o(.text)
    __aeabi_memset                           0x00001d75   Thumb Code    14  memseta.o(.text)
    __aeabi_memset4                          0x00001d75   Thumb Code     0  memseta.o(.text)
    __aeabi_memset8                          0x00001d75   Thumb Code     0  memseta.o(.text)
    __aeabi_memclr                           0x00001d83   Thumb Code     4  memseta.o(.text)
    __aeabi_memclr4                          0x00001d83   Thumb Code     0  memseta.o(.text)
    __aeabi_memclr8                          0x00001d83   Thumb Code     0  memseta.o(.text)
    _memset$wrapper                          0x00001d87   Thumb Code    18  memseta.o(.text)
    __aeabi_dmul                             0x00001d99   Thumb Code   228  dmul.o(.text)
    __aeabi_f2d                              0x00001e7d   Thumb Code    38  f2d.o(.text)
    __aeabi_d2f                              0x00001ea3   Thumb Code    56  d2f.o(.text)
    __aeabi_uidiv                            0x00001edb   Thumb Code     0  uidiv.o(.text)
    __aeabi_uidivmod                         0x00001edb   Thumb Code    44  uidiv.o(.text)
    __aeabi_uldivmod                         0x00001f07   Thumb Code    98  uldiv.o(.text)
    __strtod_int                             0x00001f9f   Thumb Code    90  strtod.o(.text)
    __I$use$fp                               0x00002005   Thumb Code     0  iusefp.o(.text)
    _float_round                             0x00002005   Thumb Code    18  fepilogue.o(.text)
    _float_epilogue                          0x00002017   Thumb Code    92  fepilogue.o(.text)
    _double_round                            0x00002073   Thumb Code    30  depilogue.o(.text)
    _double_epilogue                         0x00002091   Thumb Code   156  depilogue.o(.text)
    __aeabi_dadd                             0x0000212d   Thumb Code   322  dadd.o(.text)
    __aeabi_dsub                             0x0000226f   Thumb Code     6  dadd.o(.text)
    __aeabi_drsub                            0x00002275   Thumb Code     6  dadd.o(.text)
    __aeabi_ddiv                             0x0000227b   Thumb Code   222  ddiv.o(.text)
    __aeabi_d2ulz                            0x00002359   Thumb Code    48  dfixul.o(.text)
    __aeabi_cdrcmple                         0x00002389   Thumb Code    48  cdrcmple.o(.text)
    __scatterload                            0x000023b9   Thumb Code    28  init.o(.text)
    __scatterload_rt2                        0x000023b9   Thumb Code     0  init.o(.text)
    __aeabi_llsl                             0x000023dd   Thumb Code    30  llshl.o(.text)
    _ll_shift_l                              0x000023dd   Thumb Code     0  llshl.o(.text)
    __aeabi_llsr                             0x000023fb   Thumb Code    32  llushr.o(.text)
    _ll_ushift_r                             0x000023fb   Thumb Code     0  llushr.o(.text)
    __aeabi_lasr                             0x0000241b   Thumb Code    36  llsshr.o(.text)
    _ll_sshift_r                             0x0000241b   Thumb Code     0  llsshr.o(.text)
    isspace                                  0x0000243f   Thumb Code    10  isspace_c.o(.text)
    _scanf_real                              0x00002549   Thumb Code     0  scanf_fp.o(.text)
    _scanf_really_real                       0x00002549   Thumb Code   556  scanf_fp.o(.text)
    _sgetc                                   0x00002781   Thumb Code    30  _sgetc.o(.text)
    _sbackspace                              0x0000279f   Thumb Code    34  _sgetc.o(.text)
    __ctype_lookup                           0x000027c1   Thumb Code    34  ctype_c.o(.text)
    __aeabi_ul2d                             0x000027e9   Thumb Code    24  dfltul.o(.text)
    __0sprintf                               0x00002801   Thumb Code    34  printfa.o(i.__0sprintf)
    __1sprintf                               0x00002801   Thumb Code     0  printfa.o(i.__0sprintf)
    __2sprintf                               0x00002801   Thumb Code     0  printfa.o(i.__0sprintf)
    __c89sprintf                             0x00002801   Thumb Code     0  printfa.o(i.__0sprintf)
    sprintf                                  0x00002801   Thumb Code     0  printfa.o(i.__0sprintf)
    __hardfp_atof                            0x00002829   Thumb Code    44  atof.o(i.__hardfp_atof)
    __read_errno                             0x00002861   Thumb Code     6  errno.o(i.__read_errno)
    __scatterload_copy                       0x0000286d   Thumb Code    14  handlers.o(i.__scatterload_copy)
    __scatterload_null                       0x0000287b   Thumb Code     2  handlers.o(i.__scatterload_null)
    __scatterload_zeroinit                   0x0000287d   Thumb Code    14  handlers.o(i.__scatterload_zeroinit)
    __set_errno                              0x0000288d   Thumb Code     6  errno.o(i.__set_errno)
    _is_digit                                0x00002a1d   Thumb Code    14  scanf_fp.o(i._is_digit)
    courierNew_10ptBitmaps                   0x00003164   Data        1900  fonts.o(.constdata)
    motionW                                  0x000038d0   Data         392  fonts.o(.constdata)
    __ctype_categories                       0x00003a58   Data          64  ctype_c.o(.constdata)
    Region$$Table$$Base                      0x00003a98   Number         0  anon$$obj.o(Region$$Table)
    Region$$Table$$Limit                     0x00003ab8   Number         0  anon$$obj.o(Region$$Table)
    leftBuf                                  0x20000000   Data           4  main.o(.data)
    distdata                                 0x20000004   Data           4  main.o(.data)
    PWM                                      0x20000008   Data           4  pwm.o(.data)
    SystemCoreClock                          0x20000018   Data           4  system_tm4c123.o(.data)
    console                                  0x20000020   Data          50  main.o(.bss)
    wirelessPinConfig                        0x20000054   Data          24  wireless.o(.bss)
    __initial_sp                             0x20001070   Data           0  startup_tm4c123.o(STACK)



==============================================================================

Memory Map of the image

  Image Entry point : 0x00000fcd

  Load Region LR_1 (Base: 0x00000000, Size: 0x00003ad8, Max: 0xffffffff, ABSOLUTE)

    Execution Region ER_RO (Base: 0x00000000, Size: 0x00003ab8, Max: 0xffffffff, ABSOLUTE)

    Base Addr    Size         Type   Attr      Idx    E Section Name        Object

    0x00000000   0x0000026c   Data   RO          304    RESET               startup_tm4c123.o
    0x0000026c   0x00000000   Code   RO          528  * .ARM.Collect$$$$00000000  mc_w.l(entry.o)
    0x0000026c   0x00000004   Code   RO          800    .ARM.Collect$$$$00000001  mc_w.l(entry2.o)
    0x00000270   0x00000004   Code   RO          803    .ARM.Collect$$$$00000004  mc_w.l(entry5.o)
    0x00000274   0x00000000   Code   RO          805    .ARM.Collect$$$$00000008  mc_w.l(entry7b.o)
    0x00000274   0x00000000   Code   RO          807    .ARM.Collect$$$$0000000A  mc_w.l(entry8b.o)
    0x00000274   0x00000008   Code   RO          808    .ARM.Collect$$$$0000000B  mc_w.l(entry9a.o)
    0x0000027c   0x00000000   Code   RO          810    .ARM.Collect$$$$0000000D  mc_w.l(entry10a.o)
    0x0000027c   0x00000000   Code   RO          812    .ARM.Collect$$$$0000000F  mc_w.l(entry11a.o)
    0x0000027c   0x00000004   Code   RO          801    .ARM.Collect$$$$00002712  mc_w.l(entry2.o)
    0x00000280   0x000002c4   Code   RO            4    .text               main.o
    0x00000544   0x0000024c   Code   RO          110    .text               boardutil.o
    0x00000790   0x000000a0   Code   RO          138    .text               interrupts.o
    0x00000830   0x000002dc   Code   RO          169    .text               lcd.o
    0x00000b0c   0x00000220   Code   RO          228    .text               pwm.o
    0x00000d2c   0x000000ec   Code   RO          255    .text               ece315_lab3.o
    0x00000e18   0x000001b4   Code   RO          281    .text               drv8833.o
    0x00000fcc   0x000000fc   Code   RO          305  * .text               startup_tm4c123.o
    0x000010c8   0x00000250   Code   RO          312    .text               system_tm4c123.o
    0x00001318   0x00000230   Code   RO          342    .text               ece315.lib(gpioport.o)
    0x00001548   0x00000190   Code   RO          404    .text               ece315.lib(spi.o)
    0x000016d8   0x00000104   Code   RO          434    .text               ece315.lib(uart.o)
    0x000017dc   0x000000d8   Code   RO          468    .text               ece315.lib(adc.o)
    0x000018b4   0x000004c0   Code   RO          495    .text               ece315.lib(wireless.o)
    0x00001d74   0x00000024   Code   RO          531    .text               mc_w.l(memseta.o)
    0x00001d98   0x000000e4   Code   RO          794    .text               mf_w.l(dmul.o)
    0x00001e7c   0x00000026   Code   RO          796    .text               mf_w.l(f2d.o)
    0x00001ea2   0x00000038   Code   RO          798    .text               mf_w.l(d2f.o)
    0x00001eda   0x0000002c   Code   RO          817    .text               mc_w.l(uidiv.o)
    0x00001f06   0x00000062   Code   RO          819    .text               mc_w.l(uldiv.o)
    0x00001f68   0x0000009c   Code   RO          828    .text               mc_w.l(strtod.o)
    0x00002004   0x00000000   Code   RO          830    .text               mc_w.l(iusefp.o)
    0x00002004   0x0000006e   Code   RO          831    .text               mf_w.l(fepilogue.o)
    0x00002072   0x000000ba   Code   RO          833    .text               mf_w.l(depilogue.o)
    0x0000212c   0x0000014e   Code   RO          835    .text               mf_w.l(dadd.o)
    0x0000227a   0x000000de   Code   RO          837    .text               mf_w.l(ddiv.o)
    0x00002358   0x00000030   Code   RO          839    .text               mf_w.l(dfixul.o)
    0x00002388   0x00000030   Code   RO          841    .text               mf_w.l(cdrcmple.o)
    0x000023b8   0x00000024   Code   RO          843    .text               mc_w.l(init.o)
    0x000023dc   0x0000001e   Code   RO          846    .text               mc_w.l(llshl.o)
    0x000023fa   0x00000020   Code   RO          848    .text               mc_w.l(llushr.o)
    0x0000241a   0x00000024   Code   RO          850    .text               mc_w.l(llsshr.o)
    0x0000243e   0x0000000a   Code   RO          852    .text               mc_w.l(isspace_c.o)
    0x00002448   0x00000338   Code   RO          854    .text               mc_w.l(scanf_fp.o)
    0x00002780   0x00000040   Code   RO          858    .text               mc_w.l(_sgetc.o)
    0x000027c0   0x00000028   Code   RO          861    .text               mc_w.l(ctype_c.o)
    0x000027e8   0x00000018   Code   RO          864    .text               mf_w.l(dfltul.o)
    0x00002800   0x00000028   Code   RO          768    i.__0sprintf        mc_w.l(printfa.o)
    0x00002828   0x00000038   Code   RO          522    i.__hardfp_atof     m_wm.l(atof.o)
    0x00002860   0x0000000c   Code   RO          822    i.__read_errno      mc_w.l(errno.o)
    0x0000286c   0x0000000e   Code   RO          868    i.__scatterload_copy  mc_w.l(handlers.o)
    0x0000287a   0x00000002   Code   RO          869    i.__scatterload_null  mc_w.l(handlers.o)
    0x0000287c   0x0000000e   Code   RO          870    i.__scatterload_zeroinit  mc_w.l(handlers.o)
    0x0000288a   0x00000002   PAD
    0x0000288c   0x0000000c   Code   RO          823    i.__set_errno       mc_w.l(errno.o)
    0x00002898   0x00000184   Code   RO          773    i._fp_digits        mc_w.l(printfa.o)
    0x00002a1c   0x0000000e   Code   RO          856    i._is_digit         mc_w.l(scanf_fp.o)
    0x00002a2a   0x00000002   PAD
    0x00002a2c   0x000006dc   Code   RO          774    i._printf_core      mc_w.l(printfa.o)
    0x00003108   0x00000024   Code   RO          775    i._printf_post_padding  mc_w.l(printfa.o)
    0x0000312c   0x0000002e   Code   RO          776    i._printf_pre_padding  mc_w.l(printfa.o)
    0x0000315a   0x0000000a   Code   RO          778    i._sputc            mc_w.l(printfa.o)
    0x00003164   0x000008f4   Data   RO          197    .constdata          fonts.o
    0x00003a58   0x00000040   Data   RO          862    .constdata          mc_w.l(ctype_c.o)
    0x00003a98   0x00000020   Data   RO          866    Region$$Table       anon$$obj.o


    Execution Region ER_RW (Base: 0x20000000, Size: 0x00000020, Max: 0xffffffff, ABSOLUTE)

    Base Addr    Size         Type   Attr      Idx    E Section Name        Object

    0x20000000   0x00000008   Data   RW            6    .data               main.o
    0x20000008   0x00000004   Data   RW          229    .data               pwm.o
    0x2000000c   0x0000000a   Data   RW          256    .data               ece315_lab3.o
    0x20000016   0x00000002   PAD
    0x20000018   0x00000004   Data   RW          313    .data               system_tm4c123.o
    0x2000001c   0x00000004   Data   RW          824    .data               mc_w.l(errno.o)


    Execution Region ER_ZI (Base: 0x20000020, Size: 0x00001050, Max: 0xffffffff, ABSOLUTE)

    Base Addr    Size         Type   Attr      Idx    E Section Name        Object

    0x20000020   0x00000032   Zero   RW            5    .bss                main.o
    0x20000052   0x00000002   PAD
    0x20000054   0x00000018   Zero   RW          496    .bss                ece315.lib(wireless.o)
    0x2000006c   0x00000004   PAD
    0x20000070   0x00001000   Zero   RW          302    STACK               startup_tm4c123.o


==============================================================================

Image component sizes


      Code (inc. data)   RO Data    RW Data    ZI Data      Debug   Object Name

       588         44          0          0          0      31948   boardutil.o
       436         24          0          0          0       1813   drv8833.o
       236         22          0         10          0        909   ece315_lab3.o
         0          0       2292          0          0        509   fonts.o
       160         18          0          0          0        664   interrupts.o
       732         16          0          0          0       2493   lcd.o
       708        212          0          8         50      33470   main.o
       544         20          0          4          0       1286   pwm.o
       252         10        620          0       4096       5404   startup_tm4c123.o
       592        138          0          4          0       1485   system_tm4c123.o

    ----------------------------------------------------------------------
      4248        504       2944         28       4148      79981   Object Totals
         0          0         32          0          0          0   (incl. Generated)
         0          0          0          2          2          0   (incl. Padding)

    ----------------------------------------------------------------------

      Code (inc. data)   RO Data    RW Data    ZI Data      Debug   Library Member Name

       216         12          0          0          0       1380   adc.o
       560         34          0          0          0      29656   gpioport.o
       400         26          0          0          0       1885   spi.o
       260         16          0          0          0       2042   uart.o
      1216         16          0          0         24      12492   wireless.o
        56         12          0          0          0        132   atof.o
        64          0          0          0          0         84   _sgetc.o
        40          6         64          0          0         68   ctype_c.o
         0          0          0          0          0          0   entry.o
         0          0          0          0          0          0   entry10a.o
         0          0          0          0          0          0   entry11a.o
         8          4          0          0          0          0   entry2.o
         4          0          0          0          0          0   entry5.o
         0          0          0          0          0          0   entry7b.o
         0          0          0          0          0          0   entry8b.o
         8          4          0          0          0          0   entry9a.o
        24         12          0          4          0        136   errno.o
        30          0          0          0          0          0   handlers.o
        36          8          0          0          0         68   init.o
        10          0          0          0          0         68   isspace_c.o
         0          0          0          0          0          0   iusefp.o
        30          0          0          0          0         68   llshl.o
        36          0          0          0          0         68   llsshr.o
        32          0          0          0          0         68   llushr.o
        36          0          0          0          0        108   memseta.o
      2276         86          0          0          0        520   printfa.o
       838         12          0          0          0        216   scanf_fp.o
       156         12          0          0          0        120   strtod.o
        44          0          0          0          0         80   uidiv.o
        98          0          0          0          0         92   uldiv.o
        48          0          0          0          0         68   cdrcmple.o
        56          0          0          0          0         88   d2f.o
       334          0          0          0          0        148   dadd.o
       222          0          0          0          0        100   ddiv.o
       186          0          0          0          0        176   depilogue.o
        48          0          0          0          0         68   dfixul.o
        24          0          0          0          0         76   dfltul.o
       228          0          0          0          0         96   dmul.o
        38          0          0          0          0         68   f2d.o
       110          0          0          0          0        168   fepilogue.o

    ----------------------------------------------------------------------
      7776        260         64          4         28      50407   Library Totals
         4          0          0          0          4          0   (incl. Padding)

    ----------------------------------------------------------------------

      Code (inc. data)   RO Data    RW Data    ZI Data      Debug   Library Name

      2652        104          0          0         24      47455   ece315.lib
        56         12          0          0          0        132   m_wm.l
      3770        144         64          4          0       1764   mc_w.l
      1294          0          0          0          0       1056   mf_w.l

    ----------------------------------------------------------------------
      7776        260         64          4         28      50407   Library Totals

    ----------------------------------------------------------------------

==============================================================================


      Code (inc. data)   RO Data    RW Data    ZI Data      Debug   

     12024        764       3008         32       4176     127488   Grand Totals
     12024        764       3008         32       4176     127488   ELF Image Totals
     12024        764       3008         32          0          0   ROM Totals

==============================================================================

    Total RO  Size (Code + RO Data)                15032 (  14.68kB)
    Total RW  Size (RW Data + ZI Data)              4208 (   4.11kB)
    Total ROM Size (Code + RO Data + RW Data)      15064 (  14.71kB)

==============================================================================

