Product: MDK-ARM Lite 5.10
Component: ARM Compiler 5.04 update 1 (build 49)
Tool: armlink [5040049]

==============================================================================

Section Cross References

    main.o(.text) refers to _scanf_int.o(.text) for _scanf_int
    main.o(.text) refers to boardutil.o(.text) for DisableInterrupts
    main.o(.text) refers to lcd.o(.text) for ece315_lcdInit
    main.o(.text) refers to drv8833.o(.text) for drv8833_gpioInit
    main.o(.text) refers to ece315_lab3.o(.text) for rfInit
    main.o(.text) refers to adc.o(.text) for initializeADC
    main.o(.text) refers to uart.o(.text) for uartTxPoll
    main.o(.text) refers to wireless.o(.text) for wireless_get_32
    main.o(.text) refers to memseta.o(.text) for __aeabi_memclr4
    main.o(.text) refers to printf3.o(i.__0sprintf$3) for __2sprintf
    main.o(.text) refers to __0sscanf.o(.text) for __0sscanf
    main.o(.text) refers to main.o(.data) for leftBuf
    main.o(.text) refers to main.o(.bss) for console
    boardutil.o(.text) refers to gpioport.o(.text) for gpio_enable_port
    boardutil.o(.text) refers to uart.o(.text) for uart_init_115K
    interrupts.o(.text) refers to main.o(.data) for leftBuf
    interrupts.o(.text) refers to interrupts.o(.data) for cnt1
    lcd.o(.text) refers to spi.o(.text) for spiTx
    lcd.o(.text) refers to gpioport.o(.text) for gpio_enable_port
    lcd.o(.text) refers to fonts.o(.constdata) for courierNew_10ptBitmaps
    drv8833.o(.text) refers to gpioport.o(.text) for gpio_enable_port
    drv8833.o(.text) refers to pwm.o(.text) for pwmConfig
    pwm.o(.text) refers to pwm.o(.data) for PWM
    ece315_lab3.o(.text) refers to wireless.o(.text) for wireless_set_pin_config
    ece315_lab3.o(.text) refers to gpioport.o(.text) for gpio_enable_port
    ece315_lab3.o(.text) refers to spi.o(.text) for initialize_spi
    ece315_lab3.o(.text) refers to ece315_lab3.o(.data) for ece353_ids
    encoders.o(.text) refers to f2d.o(.text) for __aeabi_f2d
    encoders.o(.text) refers to dmul.o(.text) for __aeabi_dmul
    encoders.o(.text) refers to d2f.o(.text) for __aeabi_d2f
    startup_tm4c123.o(RESET) refers to startup_tm4c123.o(STACK) for __initial_sp
    startup_tm4c123.o(RESET) refers to startup_tm4c123.o(.text) for Reset_Handler
    startup_tm4c123.o(RESET) refers to interrupts.o(.text) for SysTick_Handler
    startup_tm4c123.o(.text) refers to system_tm4c123.o(.text) for SystemInit
    startup_tm4c123.o(.text) refers to entry.o(.ARM.Collect$$$$00000000) for __main
    system_tm4c123.o(.text) refers to system_tm4c123.o(.data) for SystemCoreClock
    wireless.o(.text) refers to spi.o(.text) for spiTx
    wireless.o(.text) refers to wireless.o(.bss) for wirelessPinConfig
    entry.o(.ARM.Collect$$$$00000000) refers (Special) to entry10a.o(.ARM.Collect$$$$0000000D) for __rt_final_cpp
    entry.o(.ARM.Collect$$$$00000000) refers (Special) to entry11a.o(.ARM.Collect$$$$0000000F) for __rt_final_exit
    entry.o(.ARM.Collect$$$$00000000) refers (Special) to entry7b.o(.ARM.Collect$$$$00000008) for _main_clock
    entry.o(.ARM.Collect$$$$00000000) refers (Special) to entry8b.o(.ARM.Collect$$$$0000000A) for _main_cpp_init
    entry.o(.ARM.Collect$$$$00000000) refers (Special) to entry9a.o(.ARM.Collect$$$$0000000B) for _main_init
    entry.o(.ARM.Collect$$$$00000000) refers (Special) to entry5.o(.ARM.Collect$$$$00000004) for _main_scatterload
    entry.o(.ARM.Collect$$$$00000000) refers (Special) to entry2.o(.ARM.Collect$$$$00000001) for _main_stk
    printfb.o(i.__0fprintf$bare) refers to printfb.o(i._printf_core) for _printf_core
    printfb.o(i.__0fprintf$bare) refers to fputc.o(i.fputc) for fputc
    printfb.o(i.__0printf$bare) refers to printfb.o(i._printf_core) for _printf_core
    printfb.o(i.__0printf$bare) refers to fputc.o(i.fputc) for fputc
    printfb.o(i.__0printf$bare) refers to stdout.o(.data) for __stdout
    printfb.o(i.__0snprintf$bare) refers to printfb.o(i._printf_core) for _printf_core
    printfb.o(i.__0snprintf$bare) refers to printfb.o(i._snputc) for _snputc
    printfb.o(i.__0sprintf$bare) refers to printfb.o(i._printf_core) for _printf_core
    printfb.o(i.__0sprintf$bare) refers to printfb.o(i._sputc) for _sputc
    printfb.o(i.__0vfprintf$bare) refers to printfb.o(i._printf_core) for _printf_core
    printfb.o(i.__0vfprintf$bare) refers to fputc.o(i.fputc) for fputc
    printfb.o(i.__0vprintf$bare) refers to printfb.o(i._printf_core) for _printf_core
    printfb.o(i.__0vprintf$bare) refers to fputc.o(i.fputc) for fputc
    printfb.o(i.__0vprintf$bare) refers to stdout.o(.data) for __stdout
    printfb.o(i.__0vsnprintf$bare) refers to printfb.o(i._printf_core) for _printf_core
    printfb.o(i.__0vsnprintf$bare) refers to printfb.o(i._snputc) for _snputc
    printfb.o(i.__0vsprintf$bare) refers to printfb.o(i._printf_core) for _printf_core
    printfb.o(i.__0vsprintf$bare) refers to printfb.o(i._sputc) for _sputc
    printf0.o(i.__0fprintf$0) refers to printf0.o(i._printf_core) for _printf_core
    printf0.o(i.__0fprintf$0) refers to fputc.o(i.fputc) for fputc
    printf0.o(i.__0printf$0) refers to printf0.o(i._printf_core) for _printf_core
    printf0.o(i.__0printf$0) refers to fputc.o(i.fputc) for fputc
    printf0.o(i.__0printf$0) refers to stdout.o(.data) for __stdout
    printf0.o(i.__0snprintf$0) refers to printf0.o(i._printf_core) for _printf_core
    printf0.o(i.__0snprintf$0) refers to printf0.o(i._snputc) for _snputc
    printf0.o(i.__0sprintf$0) refers to printf0.o(i._printf_core) for _printf_core
    printf0.o(i.__0sprintf$0) refers to printf0.o(i._sputc) for _sputc
    printf0.o(i.__0vfprintf$0) refers to printf0.o(i._printf_core) for _printf_core
    printf0.o(i.__0vfprintf$0) refers to fputc.o(i.fputc) for fputc
    printf0.o(i.__0vprintf$0) refers to printf0.o(i._printf_core) for _printf_core
    printf0.o(i.__0vprintf$0) refers to fputc.o(i.fputc) for fputc
    printf0.o(i.__0vprintf$0) refers to stdout.o(.data) for __stdout
    printf0.o(i.__0vsnprintf$0) refers to printf0.o(i._printf_core) for _printf_core
    printf0.o(i.__0vsnprintf$0) refers to printf0.o(i._snputc) for _snputc
    printf0.o(i.__0vsprintf$0) refers to printf0.o(i._printf_core) for _printf_core
    printf0.o(i.__0vsprintf$0) refers to printf0.o(i._sputc) for _sputc
    printf1.o(i.__0fprintf$1) refers to printf1.o(i._printf_core) for _printf_core
    printf1.o(i.__0fprintf$1) refers to fputc.o(i.fputc) for fputc
    printf1.o(i.__0printf$1) refers to printf1.o(i._printf_core) for _printf_core
    printf1.o(i.__0printf$1) refers to fputc.o(i.fputc) for fputc
    printf1.o(i.__0printf$1) refers to stdout.o(.data) for __stdout
    printf1.o(i.__0snprintf$1) refers to printf1.o(i._printf_core) for _printf_core
    printf1.o(i.__0snprintf$1) refers to printf1.o(i._snputc) for _snputc
    printf1.o(i.__0sprintf$1) refers to printf1.o(i._printf_core) for _printf_core
    printf1.o(i.__0sprintf$1) refers to printf1.o(i._sputc) for _sputc
    printf1.o(i.__0vfprintf$1) refers to printf1.o(i._printf_core) for _printf_core
    printf1.o(i.__0vfprintf$1) refers to fputc.o(i.fputc) for fputc
    printf1.o(i.__0vprintf$1) refers to printf1.o(i._printf_core) for _printf_core
    printf1.o(i.__0vprintf$1) refers to fputc.o(i.fputc) for fputc
    printf1.o(i.__0vprintf$1) refers to stdout.o(.data) for __stdout
    printf1.o(i.__0vsnprintf$1) refers to printf1.o(i._printf_core) for _printf_core
    printf1.o(i.__0vsnprintf$1) refers to printf1.o(i._snputc) for _snputc
    printf1.o(i.__0vsprintf$1) refers to printf1.o(i._printf_core) for _printf_core
    printf1.o(i.__0vsprintf$1) refers to printf1.o(i._sputc) for _sputc
    printf1.o(i._printf_core) refers to uidiv.o(.text) for __aeabi_uidivmod
    printf2.o(i.__0fprintf$2) refers to printf2.o(i._printf_core) for _printf_core
    printf2.o(i.__0fprintf$2) refers to fputc.o(i.fputc) for fputc
    printf2.o(i.__0printf$2) refers to printf2.o(i._printf_core) for _printf_core
    printf2.o(i.__0printf$2) refers to fputc.o(i.fputc) for fputc
    printf2.o(i.__0printf$2) refers to stdout.o(.data) for __stdout
    printf2.o(i.__0snprintf$2) refers to printf2.o(i._printf_core) for _printf_core
    printf2.o(i.__0snprintf$2) refers to printf2.o(i._snputc) for _snputc
    printf2.o(i.__0sprintf$2) refers to printf2.o(i._printf_core) for _printf_core
    printf2.o(i.__0sprintf$2) refers to printf2.o(i._sputc) for _sputc
    printf2.o(i.__0vfprintf$2) refers to printf2.o(i._printf_core) for _printf_core
    printf2.o(i.__0vfprintf$2) refers to fputc.o(i.fputc) for fputc
    printf2.o(i.__0vprintf$2) refers to printf2.o(i._printf_core) for _printf_core
    printf2.o(i.__0vprintf$2) refers to fputc.o(i.fputc) for fputc
    printf2.o(i.__0vprintf$2) refers to stdout.o(.data) for __stdout
    printf2.o(i.__0vsnprintf$2) refers to printf2.o(i._printf_core) for _printf_core
    printf2.o(i.__0vsnprintf$2) refers to printf2.o(i._snputc) for _snputc
    printf2.o(i.__0vsprintf$2) refers to printf2.o(i._printf_core) for _printf_core
    printf2.o(i.__0vsprintf$2) refers to printf2.o(i._sputc) for _sputc
    printf3.o(i.__0fprintf$3) refers to printf3.o(i._printf_core) for _printf_core
    printf3.o(i.__0fprintf$3) refers to fputc.o(i.fputc) for fputc
    printf3.o(i.__0printf$3) refers to printf3.o(i._printf_core) for _printf_core
    printf3.o(i.__0printf$3) refers to fputc.o(i.fputc) for fputc
    printf3.o(i.__0printf$3) refers to stdout.o(.data) for __stdout
    printf3.o(i.__0snprintf$3) refers to printf3.o(i._printf_core) for _printf_core
    printf3.o(i.__0snprintf$3) refers to printf3.o(i._snputc) for _snputc
    printf3.o(i.__0sprintf$3) refers to printf3.o(i._printf_core) for _printf_core
    printf3.o(i.__0sprintf$3) refers to printf3.o(i._sputc) for _sputc
    printf3.o(i.__0vfprintf$3) refers to printf3.o(i._printf_core) for _printf_core
    printf3.o(i.__0vfprintf$3) refers to fputc.o(i.fputc) for fputc
    printf3.o(i.__0vprintf$3) refers to printf3.o(i._printf_core) for _printf_core
    printf3.o(i.__0vprintf$3) refers to fputc.o(i.fputc) for fputc
    printf3.o(i.__0vprintf$3) refers to stdout.o(.data) for __stdout
    printf3.o(i.__0vsnprintf$3) refers to printf3.o(i._printf_core) for _printf_core
    printf3.o(i.__0vsnprintf$3) refers to printf3.o(i._snputc) for _snputc
    printf3.o(i.__0vsprintf$3) refers to printf3.o(i._printf_core) for _printf_core
    printf3.o(i.__0vsprintf$3) refers to printf3.o(i._sputc) for _sputc
    printf3.o(i._printf_core) refers to uidiv.o(.text) for __aeabi_uidivmod
    printf4.o(i.__0fprintf$4) refers to printf4.o(i._printf_core) for _printf_core
    printf4.o(i.__0fprintf$4) refers to fputc.o(i.fputc) for fputc
    printf4.o(i.__0printf$4) refers to printf4.o(i._printf_core) for _printf_core
    printf4.o(i.__0printf$4) refers to fputc.o(i.fputc) for fputc
    printf4.o(i.__0printf$4) refers to stdout.o(.data) for __stdout
    printf4.o(i.__0snprintf$4) refers to printf4.o(i._printf_core) for _printf_core
    printf4.o(i.__0snprintf$4) refers to printf4.o(i._snputc) for _snputc
    printf4.o(i.__0sprintf$4) refers to printf4.o(i._printf_core) for _printf_core
    printf4.o(i.__0sprintf$4) refers to printf4.o(i._sputc) for _sputc
    printf4.o(i.__0vfprintf$4) refers to printf4.o(i._printf_core) for _printf_core
    printf4.o(i.__0vfprintf$4) refers to fputc.o(i.fputc) for fputc
    printf4.o(i.__0vprintf$4) refers to printf4.o(i._printf_core) for _printf_core
    printf4.o(i.__0vprintf$4) refers to fputc.o(i.fputc) for fputc
    printf4.o(i.__0vprintf$4) refers to stdout.o(.data) for __stdout
    printf4.o(i.__0vsnprintf$4) refers to printf4.o(i._printf_core) for _printf_core
    printf4.o(i.__0vsnprintf$4) refers to printf4.o(i._snputc) for _snputc
    printf4.o(i.__0vsprintf$4) refers to printf4.o(i._printf_core) for _printf_core
    printf4.o(i.__0vsprintf$4) refers to printf4.o(i._sputc) for _sputc
    printf4.o(i._printf_core) refers to uldiv.o(.text) for __aeabi_uldivmod
    printf5.o(i.__0fprintf$5) refers to printf5.o(i._printf_core) for _printf_core
    printf5.o(i.__0fprintf$5) refers to fputc.o(i.fputc) for fputc
    printf5.o(i.__0printf$5) refers to printf5.o(i._printf_core) for _printf_core
    printf5.o(i.__0printf$5) refers to fputc.o(i.fputc) for fputc
    printf5.o(i.__0printf$5) refers to stdout.o(.data) for __stdout
    printf5.o(i.__0snprintf$5) refers to printf5.o(i._printf_core) for _printf_core
    printf5.o(i.__0snprintf$5) refers to printf5.o(i._snputc) for _snputc
    printf5.o(i.__0sprintf$5) refers to printf5.o(i._printf_core) for _printf_core
    printf5.o(i.__0sprintf$5) refers to printf5.o(i._sputc) for _sputc
    printf5.o(i.__0vfprintf$5) refers to printf5.o(i._printf_core) for _printf_core
    printf5.o(i.__0vfprintf$5) refers to fputc.o(i.fputc) for fputc
    printf5.o(i.__0vprintf$5) refers to printf5.o(i._printf_core) for _printf_core
    printf5.o(i.__0vprintf$5) refers to fputc.o(i.fputc) for fputc
    printf5.o(i.__0vprintf$5) refers to stdout.o(.data) for __stdout
    printf5.o(i.__0vsnprintf$5) refers to printf5.o(i._printf_core) for _printf_core
    printf5.o(i.__0vsnprintf$5) refers to printf5.o(i._snputc) for _snputc
    printf5.o(i.__0vsprintf$5) refers to printf5.o(i._printf_core) for _printf_core
    printf5.o(i.__0vsprintf$5) refers to printf5.o(i._sputc) for _sputc
    printf5.o(i._printf_core) refers to uldiv.o(.text) for __aeabi_uldivmod
    printf6.o(i.__0fprintf$6) refers to printf6.o(i._printf_core) for _printf_core
    printf6.o(i.__0fprintf$6) refers to fputc.o(i.fputc) for fputc
    printf6.o(i.__0printf$6) refers to printf6.o(i._printf_core) for _printf_core
    printf6.o(i.__0printf$6) refers to fputc.o(i.fputc) for fputc
    printf6.o(i.__0printf$6) refers to stdout.o(.data) for __stdout
    printf6.o(i.__0snprintf$6) refers to printf6.o(i._printf_core) for _printf_core
    printf6.o(i.__0snprintf$6) refers to printf6.o(i._snputc) for _snputc
    printf6.o(i.__0sprintf$6) refers to printf6.o(i._printf_core) for _printf_core
    printf6.o(i.__0sprintf$6) refers to printf6.o(i._sputc) for _sputc
    printf6.o(i.__0vfprintf$6) refers to printf6.o(i._printf_core) for _printf_core
    printf6.o(i.__0vfprintf$6) refers to fputc.o(i.fputc) for fputc
    printf6.o(i.__0vprintf$6) refers to printf6.o(i._printf_core) for _printf_core
    printf6.o(i.__0vprintf$6) refers to fputc.o(i.fputc) for fputc
    printf6.o(i.__0vprintf$6) refers to stdout.o(.data) for __stdout
    printf6.o(i.__0vsnprintf$6) refers to printf6.o(i._printf_core) for _printf_core
    printf6.o(i.__0vsnprintf$6) refers to printf6.o(i._snputc) for _snputc
    printf6.o(i.__0vsprintf$6) refers to printf6.o(i._printf_core) for _printf_core
    printf6.o(i.__0vsprintf$6) refers to printf6.o(i._sputc) for _sputc
    printf6.o(i._printf_core) refers to printf6.o(i._printf_pre_padding) for _printf_pre_padding
    printf6.o(i._printf_core) refers to uidiv.o(.text) for __aeabi_uidivmod
    printf6.o(i._printf_core) refers to printf6.o(i._printf_post_padding) for _printf_post_padding
    printf7.o(i.__0fprintf$7) refers to printf7.o(i._printf_core) for _printf_core
    printf7.o(i.__0fprintf$7) refers to fputc.o(i.fputc) for fputc
    printf7.o(i.__0printf$7) refers to printf7.o(i._printf_core) for _printf_core
    printf7.o(i.__0printf$7) refers to fputc.o(i.fputc) for fputc
    printf7.o(i.__0printf$7) refers to stdout.o(.data) for __stdout
    printf7.o(i.__0snprintf$7) refers to printf7.o(i._printf_core) for _printf_core
    printf7.o(i.__0snprintf$7) refers to printf7.o(i._snputc) for _snputc
    printf7.o(i.__0sprintf$7) refers to printf7.o(i._printf_core) for _printf_core
    printf7.o(i.__0sprintf$7) refers to printf7.o(i._sputc) for _sputc
    printf7.o(i.__0vfprintf$7) refers to printf7.o(i._printf_core) for _printf_core
    printf7.o(i.__0vfprintf$7) refers to fputc.o(i.fputc) for fputc
    printf7.o(i.__0vprintf$7) refers to printf7.o(i._printf_core) for _printf_core
    printf7.o(i.__0vprintf$7) refers to fputc.o(i.fputc) for fputc
    printf7.o(i.__0vprintf$7) refers to stdout.o(.data) for __stdout
    printf7.o(i.__0vsnprintf$7) refers to printf7.o(i._printf_core) for _printf_core
    printf7.o(i.__0vsnprintf$7) refers to printf7.o(i._snputc) for _snputc
    printf7.o(i.__0vsprintf$7) refers to printf7.o(i._printf_core) for _printf_core
    printf7.o(i.__0vsprintf$7) refers to printf7.o(i._sputc) for _sputc
    printf7.o(i._printf_core) refers to printf7.o(i._printf_pre_padding) for _printf_pre_padding
    printf7.o(i._printf_core) refers to uldiv.o(.text) for __aeabi_uldivmod
    printf7.o(i._printf_core) refers to printf7.o(i._printf_post_padding) for _printf_post_padding
    printf8.o(i.__0fprintf$8) refers to printf8.o(i._printf_core) for _printf_core
    printf8.o(i.__0fprintf$8) refers to fputc.o(i.fputc) for fputc
    printf8.o(i.__0printf$8) refers to printf8.o(i._printf_core) for _printf_core
    printf8.o(i.__0printf$8) refers to fputc.o(i.fputc) for fputc
    printf8.o(i.__0printf$8) refers to stdout.o(.data) for __stdout
    printf8.o(i.__0snprintf$8) refers to printf8.o(i._printf_core) for _printf_core
    printf8.o(i.__0snprintf$8) refers to printf8.o(i._snputc) for _snputc
    printf8.o(i.__0sprintf$8) refers to printf8.o(i._printf_core) for _printf_core
    printf8.o(i.__0sprintf$8) refers to printf8.o(i._sputc) for _sputc
    printf8.o(i.__0vfprintf$8) refers to printf8.o(i._printf_core) for _printf_core
    printf8.o(i.__0vfprintf$8) refers to fputc.o(i.fputc) for fputc
    printf8.o(i.__0vprintf$8) refers to printf8.o(i._printf_core) for _printf_core
    printf8.o(i.__0vprintf$8) refers to fputc.o(i.fputc) for fputc
    printf8.o(i.__0vprintf$8) refers to stdout.o(.data) for __stdout
    printf8.o(i.__0vsnprintf$8) refers to printf8.o(i._printf_core) for _printf_core
    printf8.o(i.__0vsnprintf$8) refers to printf8.o(i._snputc) for _snputc
    printf8.o(i.__0vsprintf$8) refers to printf8.o(i._printf_core) for _printf_core
    printf8.o(i.__0vsprintf$8) refers to printf8.o(i._sputc) for _sputc
    printf8.o(i._printf_core) refers to printf8.o(i._printf_pre_padding) for _printf_pre_padding
    printf8.o(i._printf_core) refers to uldiv.o(.text) for __aeabi_uldivmod
    printf8.o(i._printf_core) refers to printf8.o(i._printf_post_padding) for _printf_post_padding
    printfa.o(i.__0fprintf) refers (Special) to iusefp.o(.text) for __I$use$fp
    printfa.o(i.__0fprintf) refers to printfa.o(i._printf_core) for _printf_core
    printfa.o(i.__0fprintf) refers to fputc.o(i.fputc) for fputc
    printfa.o(i.__0printf) refers (Special) to iusefp.o(.text) for __I$use$fp
    printfa.o(i.__0printf) refers to printfa.o(i._printf_core) for _printf_core
    printfa.o(i.__0printf) refers to fputc.o(i.fputc) for fputc
    printfa.o(i.__0printf) refers to stdout.o(.data) for __stdout
    printfa.o(i.__0snprintf) refers (Special) to iusefp.o(.text) for __I$use$fp
    printfa.o(i.__0snprintf) refers to printfa.o(i._printf_core) for _printf_core
    printfa.o(i.__0snprintf) refers to printfa.o(i._snputc) for _snputc
    printfa.o(i.__0sprintf) refers (Special) to iusefp.o(.text) for __I$use$fp
    printfa.o(i.__0sprintf) refers to printfa.o(i._printf_core) for _printf_core
    printfa.o(i.__0sprintf) refers to printfa.o(i._sputc) for _sputc
    printfa.o(i.__0vfprintf) refers (Special) to iusefp.o(.text) for __I$use$fp
    printfa.o(i.__0vfprintf) refers to printfa.o(i._printf_core) for _printf_core
    printfa.o(i.__0vfprintf) refers to fputc.o(i.fputc) for fputc
    printfa.o(i.__0vprintf) refers (Special) to iusefp.o(.text) for __I$use$fp
    printfa.o(i.__0vprintf) refers to printfa.o(i._printf_core) for _printf_core
    printfa.o(i.__0vprintf) refers to fputc.o(i.fputc) for fputc
    printfa.o(i.__0vprintf) refers to stdout.o(.data) for __stdout
    printfa.o(i.__0vsnprintf) refers (Special) to iusefp.o(.text) for __I$use$fp
    printfa.o(i.__0vsnprintf) refers to printfa.o(i._printf_core) for _printf_core
    printfa.o(i.__0vsnprintf) refers to printfa.o(i._snputc) for _snputc
    printfa.o(i.__0vsprintf) refers (Special) to iusefp.o(.text) for __I$use$fp
    printfa.o(i.__0vsprintf) refers to printfa.o(i._printf_core) for _printf_core
    printfa.o(i.__0vsprintf) refers to printfa.o(i._sputc) for _sputc
    printfa.o(i._fp_digits) refers (Special) to iusefp.o(.text) for __I$use$fp
    printfa.o(i._fp_digits) refers to dmul.o(.text) for __aeabi_dmul
    printfa.o(i._fp_digits) refers to ddiv.o(.text) for __aeabi_ddiv
    printfa.o(i._fp_digits) refers to cdrcmple.o(.text) for __aeabi_cdrcmple
    printfa.o(i._fp_digits) refers to dadd.o(.text) for __aeabi_dadd
    printfa.o(i._fp_digits) refers to dfixul.o(.text) for __aeabi_d2ulz
    printfa.o(i._fp_digits) refers to uldiv.o(.text) for __aeabi_uldivmod
    printfa.o(i._printf_core) refers (Special) to iusefp.o(.text) for __I$use$fp
    printfa.o(i._printf_core) refers to printfa.o(i._printf_pre_padding) for _printf_pre_padding
    printfa.o(i._printf_core) refers to uldiv.o(.text) for __aeabi_uldivmod
    printfa.o(i._printf_core) refers to printfa.o(i._printf_post_padding) for _printf_post_padding
    printfa.o(i._printf_core) refers to printfa.o(i._fp_digits) for _fp_digits
    printfa.o(i._printf_core) refers to uidiv.o(.text) for __aeabi_uidivmod
    printfa.o(i._printf_post_padding) refers (Special) to iusefp.o(.text) for __I$use$fp
    printfa.o(i._printf_pre_padding) refers (Special) to iusefp.o(.text) for __I$use$fp
    printfa.o(i._snputc) refers (Special) to iusefp.o(.text) for __I$use$fp
    printfa.o(i._sputc) refers (Special) to iusefp.o(.text) for __I$use$fp
    __0sscanf.o(.text) refers to scanf_char.o(.text) for __vfscanf_char
    __0sscanf.o(.text) refers to _sgetc.o(.text) for _sgetc
    _scanf_int.o(.text) refers to _chval.o(.text) for _chval
    dmul.o(.text) refers (Special) to iusefp.o(.text) for __I$use$fp
    dmul.o(.text) refers to depilogue.o(.text) for _double_epilogue
    f2d.o(.text) refers (Special) to iusefp.o(.text) for __I$use$fp
    d2f.o(.text) refers (Special) to iusefp.o(.text) for __I$use$fp
    d2f.o(.text) refers to fepilogue.o(.text) for _float_round
    entry2.o(.ARM.Collect$$$$00000001) refers to entry2.o(.ARM.Collect$$$$00002712) for __lit__00000000
    entry2.o(.ARM.Collect$$$$00002712) refers to startup_tm4c123.o(STACK) for __initial_sp
    entry2.o(__vectab_stack_and_reset_area) refers to startup_tm4c123.o(STACK) for __initial_sp
    entry2.o(__vectab_stack_and_reset_area) refers to entry.o(.ARM.Collect$$$$00000000) for __main
    entry5.o(.ARM.Collect$$$$00000004) refers to init.o(.text) for __scatterload
    entry9a.o(.ARM.Collect$$$$0000000B) refers to main.o(.text) for main
    entry9b.o(.ARM.Collect$$$$0000000C) refers to main.o(.text) for main
    fputc.o(i.fputc) refers (Special) to iusesemip.o(.text) for __I$use$semihosting$fputc
    fputc.o(i.fputc) refers (Special) to semi.o(.text) for __semihosting_library_function
    uldiv.o(.text) refers to llushr.o(.text) for __aeabi_llsr
    uldiv.o(.text) refers to llshl.o(.text) for __aeabi_llsl
    scanf_char.o(.text) refers to _scanf.o(.text) for __vfscanf
    scanf_char.o(.text) refers to isspace_c.o(.text) for isspace
    depilogue.o(.text) refers to llshl.o(.text) for __aeabi_llsl
    depilogue.o(.text) refers to llushr.o(.text) for __aeabi_llsr
    dadd.o(.text) refers to llshl.o(.text) for __aeabi_llsl
    dadd.o(.text) refers to llsshr.o(.text) for __aeabi_lasr
    dadd.o(.text) refers to depilogue.o(.text) for _double_epilogue
    ddiv.o(.text) refers to depilogue.o(.text) for _double_round
    dfixul.o(.text) refers to llushr.o(.text) for __aeabi_llsr
    dfixul.o(.text) refers to llshl.o(.text) for __aeabi_llsl
    init.o(.text) refers to entry5.o(.ARM.Collect$$$$00000004) for __main_after_scatterload
    isspace_c.o(.text) refers to ctype_c.o(.text) for __ctype_lookup
    _scanf.o(.text) refers (Weak) to _scanf_int.o(.text) for _scanf_int
    ctype_c.o(.text) refers to ctype_c.o(.constdata) for .constdata


==============================================================================

Removing Unused input sections from the image.

    Removing main.o(.rev16_text), (4 bytes).
    Removing main.o(.revsh_text), (4 bytes).
    Removing boardutil.o(.rev16_text), (4 bytes).
    Removing boardutil.o(.revsh_text), (4 bytes).
    Removing interrupts.o(.rev16_text), (4 bytes).
    Removing interrupts.o(.revsh_text), (4 bytes).
    Removing lcd.o(.rev16_text), (4 bytes).
    Removing lcd.o(.revsh_text), (4 bytes).
    Removing drv8833.o(.rev16_text), (4 bytes).
    Removing drv8833.o(.revsh_text), (4 bytes).
    Removing pwm.o(.rev16_text), (4 bytes).
    Removing pwm.o(.revsh_text), (4 bytes).
    Removing ece315_lab3.o(.rev16_text), (4 bytes).
    Removing ece315_lab3.o(.revsh_text), (4 bytes).
    Removing encoders.o(.text), (60 bytes).
    Removing startup_tm4c123.o(HEAP), (0 bytes).
    Removing system_tm4c123.o(.rev16_text), (4 bytes).
    Removing system_tm4c123.o(.revsh_text), (4 bytes).
    Removing gpioport.o(.rev16_text), (4 bytes).
    Removing gpioport.o(.revsh_text), (4 bytes).
    Removing gpioport.o(.rrx_text), (6 bytes).
    Removing spi.o(.rev16_text), (4 bytes).
    Removing spi.o(.revsh_text), (4 bytes).
    Removing spi.o(.rrx_text), (6 bytes).
    Removing uart.o(.rev16_text), (4 bytes).
    Removing uart.o(.revsh_text), (4 bytes).
    Removing uart.o(.rrx_text), (6 bytes).
    Removing adc.o(.rev16_text), (4 bytes).
    Removing adc.o(.revsh_text), (4 bytes).
    Removing adc.o(.rrx_text), (6 bytes).
    Removing wireless.o(.rev16_text), (4 bytes).
    Removing wireless.o(.revsh_text), (4 bytes).
    Removing wireless.o(.rrx_text), (6 bytes).
    Removing dmul.o(.text), (228 bytes).
    Removing f2d.o(.text), (38 bytes).
    Removing d2f.o(.text), (56 bytes).
    Removing fepilogue.o(.text), (110 bytes).
    Removing depilogue.o(.text), (182 bytes).
    Removing dadd.o(.text), (334 bytes).
    Removing ddiv.o(.text), (222 bytes).
    Removing dfixul.o(.text), (48 bytes).
    Removing cdrcmple.o(.text), (40 bytes).

42 unused section(s) (total 1452 bytes) removed from the image.

==============================================================================

Image Symbol Table

    Local Symbols

    Symbol Name                              Value     Ov Type        Size  Object(Section)

    RESET                                    0x00000000   Section      620  startup_tm4c123.o(RESET)
    ../clib/microlib/ctype/ctype.c           0x00000000   Number         0  isspace_c.o ABSOLUTE
    ../clib/microlib/ctype/ctype.c           0x00000000   Number         0  ctype_c.o ABSOLUTE
    ../clib/microlib/division.c              0x00000000   Number         0  uldiv.o ABSOLUTE
    ../clib/microlib/division.c              0x00000000   Number         0  uidiv.o ABSOLUTE
    ../clib/microlib/init/entry.s            0x00000000   Number         0  entry11b.o ABSOLUTE
    ../clib/microlib/init/entry.s            0x00000000   Number         0  entry11a.o ABSOLUTE
    ../clib/microlib/init/entry.s            0x00000000   Number         0  entry10b.o ABSOLUTE
    ../clib/microlib/init/entry.s            0x00000000   Number         0  entry.o ABSOLUTE
    ../clib/microlib/init/entry.s            0x00000000   Number         0  entry7b.o ABSOLUTE
    ../clib/microlib/init/entry.s            0x00000000   Number         0  entry2.o ABSOLUTE
    ../clib/microlib/init/entry.s            0x00000000   Number         0  entry5.o ABSOLUTE
    ../clib/microlib/init/entry.s            0x00000000   Number         0  entry7a.o ABSOLUTE
    ../clib/microlib/init/entry.s            0x00000000   Number         0  entry8a.o ABSOLUTE
    ../clib/microlib/init/entry.s            0x00000000   Number         0  entry8b.o ABSOLUTE
    ../clib/microlib/init/entry.s            0x00000000   Number         0  entry9a.o ABSOLUTE
    ../clib/microlib/init/entry.s            0x00000000   Number         0  entry9b.o ABSOLUTE
    ../clib/microlib/init/entry.s            0x00000000   Number         0  entry10a.o ABSOLUTE
    ../clib/microlib/longlong.c              0x00000000   Number         0  llsshr.o ABSOLUTE
    ../clib/microlib/longlong.c              0x00000000   Number         0  llushr.o ABSOLUTE
    ../clib/microlib/longlong.c              0x00000000   Number         0  llshl.o ABSOLUTE
    ../clib/microlib/printf/printf.c         0x00000000   Number         0  printfb.o ABSOLUTE
    ../clib/microlib/printf/printf.c         0x00000000   Number         0  printf0.o ABSOLUTE
    ../clib/microlib/printf/printf.c         0x00000000   Number         0  printfa.o ABSOLUTE
    ../clib/microlib/printf/printf.c         0x00000000   Number         0  printf8.o ABSOLUTE
    ../clib/microlib/printf/printf.c         0x00000000   Number         0  printf7.o ABSOLUTE
    ../clib/microlib/printf/printf.c         0x00000000   Number         0  printf5.o ABSOLUTE
    ../clib/microlib/printf/printf.c         0x00000000   Number         0  printf4.o ABSOLUTE
    ../clib/microlib/printf/printf.c         0x00000000   Number         0  printf3.o ABSOLUTE
    ../clib/microlib/printf/printf.c         0x00000000   Number         0  printf2.o ABSOLUTE
    ../clib/microlib/printf/printf.c         0x00000000   Number         0  printf1.o ABSOLUTE
    ../clib/microlib/printf/printf.c         0x00000000   Number         0  printf6.o ABSOLUTE
    ../clib/microlib/printf/stubs.s          0x00000000   Number         0  stubs.o ABSOLUTE
    ../clib/microlib/stdio/fputc.c           0x00000000   Number         0  fputc.o ABSOLUTE
    ../clib/microlib/stdio/semi.s            0x00000000   Number         0  semi.o ABSOLUTE
    ../clib/microlib/stdio/streams.c         0x00000000   Number         0  stdout.o ABSOLUTE
    ../clib/microlib/string/memset.c         0x00000000   Number         0  memseta.o ABSOLUTE
    ../clib/microlib/stubs.s                 0x00000000   Number         0  iusesemip.o ABSOLUTE
    ../clib/microlib/stubs.s                 0x00000000   Number         0  iusefp.o ABSOLUTE
    ../clib/scanf.c                          0x00000000   Number         0  _scanf.o ABSOLUTE
    ../clib/scanf.c                          0x00000000   Number         0  __0sscanf.o ABSOLUTE
    ../clib/scanf.c                          0x00000000   Number         0  _scanf_int.o ABSOLUTE
    ../clib/scanf.c                          0x00000000   Number         0  scanf_char.o ABSOLUTE
    ../clib/scanf.c                          0x00000000   Number         0  _chval.o ABSOLUTE
    ../clib/scanf.c                          0x00000000   Number         0  _sgetc.o ABSOLUTE
    ../fplib/microlib/d2f.c                  0x00000000   Number         0  d2f.o ABSOLUTE
    ../fplib/microlib/f2d.c                  0x00000000   Number         0  f2d.o ABSOLUTE
    ../fplib/microlib/fpadd.c                0x00000000   Number         0  dadd.o ABSOLUTE
    ../fplib/microlib/fpdiv.c                0x00000000   Number         0  ddiv.o ABSOLUTE
    ../fplib/microlib/fpepilogue.c           0x00000000   Number         0  depilogue.o ABSOLUTE
    ../fplib/microlib/fpepilogue.c           0x00000000   Number         0  fepilogue.o ABSOLUTE
    ../fplib/microlib/fpfix.c                0x00000000   Number         0  dfixul.o ABSOLUTE
    ../fplib/microlib/fpmul.c                0x00000000   Number         0  dmul.o ABSOLUTE
    ..\\drivers\\adc.c                       0x00000000   Number         0  adc.o ABSOLUTE
    ..\\drivers\\gpioPort.c                  0x00000000   Number         0  gpioport.o ABSOLUTE
    ..\\drivers\\spi.c                       0x00000000   Number         0  spi.o ABSOLUTE
    ..\\drivers\\uart.c                      0x00000000   Number         0  uart.o ABSOLUTE
    ..\\drivers\\wireless.c                  0x00000000   Number         0  wireless.o ABSOLUTE
    ..\drivers\adc.c                         0x00000000   Number         0  adc.o ABSOLUTE
    ..\drivers\fonts.c                       0x00000000   Number         0  fonts.o ABSOLUTE
    ..\drivers\gpioPort.c                    0x00000000   Number         0  gpioport.o ABSOLUTE
    ..\drivers\spi.c                         0x00000000   Number         0  spi.o ABSOLUTE
    ..\drivers\uart.c                        0x00000000   Number         0  uart.o ABSOLUTE
    ..\drivers\wireless.c                    0x00000000   Number         0  wireless.o ABSOLUTE
    RTE\Device\TM4C123GH6PM\startup_TM4C123.s 0x00000000   Number         0  startup_tm4c123.o ABSOLUTE
    RTE\Device\TM4C123GH6PM\system_TM4C123.c 0x00000000   Number         0  system_tm4c123.o ABSOLUTE
    RTE\\Device\\TM4C123GH6PM\\system_TM4C123.c 0x00000000   Number         0  system_tm4c123.o ABSOLUTE
    boardUtil.c                              0x00000000   Number         0  boardutil.o ABSOLUTE
    boardUtil.c                              0x00000000   Number         0  boardutil.o ABSOLUTE
    cdrcmple.s                               0x00000000   Number         0  cdrcmple.o ABSOLUTE
    dc.s                                     0x00000000   Number         0  dc.o ABSOLUTE
    drv8833.c                                0x00000000   Number         0  drv8833.o ABSOLUTE
    drv8833.c                                0x00000000   Number         0  drv8833.o ABSOLUTE
    ece315_lab3.c                            0x00000000   Number         0  ece315_lab3.o ABSOLUTE
    ece315_lab3.c                            0x00000000   Number         0  ece315_lab3.o ABSOLUTE
    encoders.c                               0x00000000   Number         0  encoders.o ABSOLUTE
    handlers.s                               0x00000000   Number         0  handlers.o ABSOLUTE
    init.s                                   0x00000000   Number         0  init.o ABSOLUTE
    interrupts.c                             0x00000000   Number         0  interrupts.o ABSOLUTE
    interrupts.c                             0x00000000   Number         0  interrupts.o ABSOLUTE
    lcd.c                                    0x00000000   Number         0  lcd.o ABSOLUTE
    lcd.c                                    0x00000000   Number         0  lcd.o ABSOLUTE
    main.c                                   0x00000000   Number         0  main.o ABSOLUTE
    main.c                                   0x00000000   Number         0  main.o ABSOLUTE
    pwm.c                                    0x00000000   Number         0  pwm.o ABSOLUTE
    pwm.c                                    0x00000000   Number         0  pwm.o ABSOLUTE
    .ARM.Collect$$$$00000000                 0x0000026c   Section        0  entry.o(.ARM.Collect$$$$00000000)
    .ARM.Collect$$$$00000001                 0x0000026c   Section        4  entry2.o(.ARM.Collect$$$$00000001)
    .ARM.Collect$$$$00000004                 0x00000270   Section        4  entry5.o(.ARM.Collect$$$$00000004)
    .ARM.Collect$$$$00000008                 0x00000274   Section        0  entry7b.o(.ARM.Collect$$$$00000008)
    .ARM.Collect$$$$0000000A                 0x00000274   Section        0  entry8b.o(.ARM.Collect$$$$0000000A)
    .ARM.Collect$$$$0000000B                 0x00000274   Section        8  entry9a.o(.ARM.Collect$$$$0000000B)
    .ARM.Collect$$$$0000000D                 0x0000027c   Section        0  entry10a.o(.ARM.Collect$$$$0000000D)
    .ARM.Collect$$$$0000000F                 0x0000027c   Section        0  entry11a.o(.ARM.Collect$$$$0000000F)
    .ARM.Collect$$$$00002712                 0x0000027c   Section        4  entry2.o(.ARM.Collect$$$$00002712)
    __lit__00000000                          0x0000027c   Data           4  entry2.o(.ARM.Collect$$$$00002712)
    .text                                    0x00000280   Section        0  main.o(.text)
    .text                                    0x00000528   Section        0  boardutil.o(.text)
    NVIC_SetPriority                         0x00000529   Thumb Code    32  boardutil.o(.text)
    NVIC_EnableIRQ                           0x0000072f   Thumb Code    22  boardutil.o(.text)
    .text                                    0x00000770   Section        0  interrupts.o(.text)
    .text                                    0x000007fc   Section        0  lcd.o(.text)
    .text                                    0x00000ad8   Section        0  drv8833.o(.text)
    .text                                    0x00000c8c   Section        0  pwm.o(.text)
    .text                                    0x00000eac   Section        0  ece315_lab3.o(.text)
    .text                                    0x00000f98   Section      252  startup_tm4c123.o(.text)
    $v0                                      0x00000f98   Number         0  startup_tm4c123.o(.text)
    .text                                    0x00001094   Section        0  system_tm4c123.o(.text)
    getOscClk                                0x00001095   Thumb Code   182  system_tm4c123.o(.text)
    .text                                    0x000012e4   Section        0  gpioport.o(.text)
    verifyBaseAddr                           0x000012e5   Thumb Code    64  gpioport.o(.text)
    .text                                    0x00001514   Section        0  spi.o(.text)
    .text                                    0x000016a4   Section        0  uart.o(.text)
    .text                                    0x000017a8   Section        0  adc.o(.text)
    .text                                    0x00001880   Section        0  wireless.o(.text)
    wireless_reg_read                        0x000018a7   Thumb Code    42  wireless.o(.text)
    wireless_reg_write                       0x000018d1   Thumb Code    42  wireless.o(.text)
    wireless_rx_data_payload                 0x000018fb   Thumb Code    82  wireless.o(.text)
    wireless_set_rx_addr                     0x0000194d   Thumb Code   120  wireless.o(.text)
    wireless_flush_tx_fifo                   0x000019c5   Thumb Code    30  wireless.o(.text)
    wireless_get_status                      0x000019e3   Thumb Code    34  wireless.o(.text)
    wireless_CSN_low                         0x00001ca7   Thumb Code    20  wireless.o(.text)
    wireless_CSN_high                        0x00001cbb   Thumb Code    20  wireless.o(.text)
    wireless_CE_low                          0x00001ccf   Thumb Code    20  wireless.o(.text)
    wireless_CE_high                         0x00001ce3   Thumb Code    20  wireless.o(.text)
    wireless_rx_fifo_empty                   0x00001cf7   Thumb Code    24  wireless.o(.text)
    wireless_status_tx_ds_asserted           0x00001d0f   Thumb Code    16  wireless.o(.text)
    wireless_status_tx_full_asserted         0x00001d1f   Thumb Code    16  wireless.o(.text)
    wireless_clear_max_rt                    0x00001d2f   Thumb Code    12  wireless.o(.text)
    .text                                    0x00001d40   Section        0  memseta.o(.text)
    .text                                    0x00001d64   Section        0  __0sscanf.o(.text)
    .text                                    0x00001d9c   Section        0  _scanf_int.o(.text)
    .text                                    0x00001ee8   Section        0  uidiv.o(.text)
    .text                                    0x00001f14   Section        0  _chval.o(.text)
    .text                                    0x00001f30   Section        0  scanf_char.o(.text)
    _scanf_char_input                        0x00001f31   Thumb Code    12  scanf_char.o(.text)
    .text                                    0x00001f58   Section        0  _sgetc.o(.text)
    .text                                    0x00001f98   Section       36  init.o(.text)
    .text                                    0x00001fbc   Section        0  isspace_c.o(.text)
    .text                                    0x00001fc8   Section        0  _scanf.o(.text)
    .text                                    0x000022f0   Section        0  ctype_c.o(.text)
    i.__0sprintf$3                           0x00002318   Section        0  printf3.o(i.__0sprintf$3)
    i.__scatterload_copy                     0x00002340   Section       14  handlers.o(i.__scatterload_copy)
    i.__scatterload_null                     0x0000234e   Section        2  handlers.o(i.__scatterload_null)
    i.__scatterload_zeroinit                 0x00002350   Section       14  handlers.o(i.__scatterload_zeroinit)
    i._printf_core                           0x00002360   Section        0  printf3.o(i._printf_core)
    _printf_core                             0x00002361   Thumb Code   436  printf3.o(i._printf_core)
    i._sputc                                 0x00002518   Section        0  printf3.o(i._sputc)
    _sputc                                   0x00002519   Thumb Code    10  printf3.o(i._sputc)
    .constdata                               0x00002522   Section     2292  fonts.o(.constdata)
    .constdata                               0x00002e16   Section       64  ctype_c.o(.constdata)
    .data                                    0x20000000   Section        7  main.o(.data)
    .data                                    0x20000008   Section        8  interrupts.o(.data)
    cnt1                                     0x20000008   Data           4  interrupts.o(.data)
    cnt2                                     0x2000000c   Data           4  interrupts.o(.data)
    .data                                    0x20000010   Section        4  pwm.o(.data)
    .data                                    0x20000014   Section       10  ece315_lab3.o(.data)
    ece353_ids                               0x20000014   Data           5  ece315_lab3.o(.data)
    ece315_ids                               0x20000019   Data           5  ece315_lab3.o(.data)
    .data                                    0x20000020   Section        4  system_tm4c123.o(.data)
    .bss                                     0x20000024   Section       50  main.o(.bss)
    .bss                                     0x20000058   Section       24  wireless.o(.bss)
    STACK                                    0x20000070   Section     4096  startup_tm4c123.o(STACK)

    Global Symbols

    Symbol Name                              Value     Ov Type        Size  Object(Section)

    BuildAttributes$$THM_ISAv4$E$P$D$K$B$S$7EM$VFPi3$EXTD16$VFPS$VFMA$PE$A:L22UL41UL21$X:L11$S22US41US21$IEEE1$IW$USESV6$~STKCKD$USESV7$~SHL$OTIME$ROPI$EBA8$MICROLIB$REQ8$PRES8$EABIv2 0x00000000   Number         0  anon$$obj.o ABSOLUTE
    __ARM_use_no_argv                        0x00000000   Number         0  main.o ABSOLUTE
    __Vectors                                0x00000000   Data           4  startup_tm4c123.o(RESET)
    _printf_a                                0x00000000   Number         0  stubs.o ABSOLUTE
    _printf_c                                0x00000000   Number         0  stubs.o ABSOLUTE
    _printf_charcount                        0x00000000   Number         0  stubs.o ABSOLUTE
    _printf_d                                0x00000000   Number         0  stubs.o ABSOLUTE
    _printf_e                                0x00000000   Number         0  stubs.o ABSOLUTE
    _printf_f                                0x00000000   Number         0  stubs.o ABSOLUTE
    _printf_flags                            0x00000000   Number         0  stubs.o ABSOLUTE
    _printf_fp_dec                           0x00000000   Number         0  stubs.o ABSOLUTE
    _printf_fp_hex                           0x00000000   Number         0  stubs.o ABSOLUTE
    _printf_g                                0x00000000   Number         0  stubs.o ABSOLUTE
    _printf_i                                0x00000000   Number         0  stubs.o ABSOLUTE
    _printf_int_dec                          0x00000000   Number         0  stubs.o ABSOLUTE
    _printf_l                                0x00000000   Number         0  stubs.o ABSOLUTE
    _printf_lc                               0x00000000   Number         0  stubs.o ABSOLUTE
    _printf_ll                               0x00000000   Number         0  stubs.o ABSOLUTE
    _printf_lld                              0x00000000   Number         0  stubs.o ABSOLUTE
    _printf_lli                              0x00000000   Number         0  stubs.o ABSOLUTE
    _printf_llo                              0x00000000   Number         0  stubs.o ABSOLUTE
    _printf_llu                              0x00000000   Number         0  stubs.o ABSOLUTE
    _printf_llx                              0x00000000   Number         0  stubs.o ABSOLUTE
    _printf_longlong_dec                     0x00000000   Number         0  stubs.o ABSOLUTE
    _printf_longlong_hex                     0x00000000   Number         0  stubs.o ABSOLUTE
    _printf_longlong_oct                     0x00000000   Number         0  stubs.o ABSOLUTE
    _printf_ls                               0x00000000   Number         0  stubs.o ABSOLUTE
    _printf_mbtowc                           0x00000000   Number         0  stubs.o ABSOLUTE
    _printf_n                                0x00000000   Number         0  stubs.o ABSOLUTE
    _printf_o                                0x00000000   Number         0  stubs.o ABSOLUTE
    _printf_p                                0x00000000   Number         0  stubs.o ABSOLUTE
    _printf_percent                          0x00000000   Number         0  stubs.o ABSOLUTE
    _printf_pre_padding                      0x00000000   Number         0  stubs.o ABSOLUTE
    _printf_return_value                     0x00000000   Number         0  stubs.o ABSOLUTE
    _printf_s                                0x00000000   Number         0  stubs.o ABSOLUTE
    _printf_sizespec                         0x00000000   Number         0  stubs.o ABSOLUTE
    _printf_str                              0x00000000   Number         0  stubs.o ABSOLUTE
    _printf_truncate_signed                  0x00000000   Number         0  stubs.o ABSOLUTE
    _printf_truncate_unsigned                0x00000000   Number         0  stubs.o ABSOLUTE
    _printf_u                                0x00000000   Number         0  stubs.o ABSOLUTE
    _printf_wc                               0x00000000   Number         0  stubs.o ABSOLUTE
    _printf_wctomb                           0x00000000   Number         0  stubs.o ABSOLUTE
    _printf_widthprec                        0x00000000   Number         0  stubs.o ABSOLUTE
    _printf_x                                0x00000000   Number         0  stubs.o ABSOLUTE
    __cpp_initialize__aeabi_                  - Undefined Weak Reference
    __cxa_finalize                            - Undefined Weak Reference
    __decompress                              - Undefined Weak Reference
    _clock_init                               - Undefined Weak Reference
    _microlib_exit                            - Undefined Weak Reference
    _scanf_longlong                           - Undefined Weak Reference
    _scanf_real                               - Undefined Weak Reference
    _scanf_string                             - Undefined Weak Reference
    __Vectors_End                            0x0000026c   Data           0  startup_tm4c123.o(RESET)
    __Vectors_Size                           0x0000026c   Number         0  startup_tm4c123.o ABSOLUTE
    __main                                   0x0000026d   Thumb Code     0  entry.o(.ARM.Collect$$$$00000000)
    _main_stk                                0x0000026d   Thumb Code     0  entry2.o(.ARM.Collect$$$$00000001)
    _main_scatterload                        0x00000271   Thumb Code     0  entry5.o(.ARM.Collect$$$$00000004)
    __main_after_scatterload                 0x00000275   Thumb Code     0  entry5.o(.ARM.Collect$$$$00000004)
    _main_clock                              0x00000275   Thumb Code     0  entry7b.o(.ARM.Collect$$$$00000008)
    _main_cpp_init                           0x00000275   Thumb Code     0  entry8b.o(.ARM.Collect$$$$0000000A)
    _main_init                               0x00000275   Thumb Code     0  entry9a.o(.ARM.Collect$$$$0000000B)
    __rt_final_cpp                           0x0000027d   Thumb Code     0  entry10a.o(.ARM.Collect$$$$0000000D)
    __rt_final_exit                          0x0000027d   Thumb Code     0  entry11a.o(.ARM.Collect$$$$0000000F)
    initializeBoard                          0x00000281   Thumb Code    42  main.o(.text)
    main                                     0x000002ab   Thumb Code   458  main.o(.text)
    DisableInterrupts                        0x00000549   Thumb Code     4  boardutil.o(.text)
    EnableInterrupts                         0x0000054d   Thumb Code     4  boardutil.o(.text)
    uart0_config_gpio                        0x00000551   Thumb Code    42  boardutil.o(.text)
    serialDebugInit                          0x0000057b   Thumb Code    18  boardutil.o(.text)
    uart_init_9600                           0x0000058d   Thumb Code    70  boardutil.o(.text)
    sensor_config                            0x000005d3   Thumb Code   120  boardutil.o(.text)
    encodersInit                             0x0000064b   Thumb Code   228  boardutil.o(.text)
    UART7_Handler                            0x00000771   Thumb Code    34  interrupts.o(.text)
    SysTick_Handler                          0x00000793   Thumb Code    78  interrupts.o(.text)
    ece315_lcdWriteData                      0x000007fd   Thumb Code    18  lcd.o(.text)
    ece315_lcdSetColumn                      0x0000080f   Thumb Code    84  lcd.o(.text)
    ece315_lcdSetPage                        0x00000863   Thumb Code    58  lcd.o(.text)
    ece315_lcdClear                          0x0000089d   Thumb Code    42  lcd.o(.text)
    ece315_lcdInit                           0x000008c7   Thumb Code   368  lcd.o(.text)
    ece315_lcdWriteChar                      0x00000a37   Thumb Code   102  lcd.o(.text)
    ece315_lcdWriteString                    0x00000a9d   Thumb Code    44  lcd.o(.text)
    drv8833_gpioInit                         0x00000ad9   Thumb Code   128  drv8833.o(.text)
    drv8833_leftForward                      0x00000b59   Thumb Code    48  drv8833.o(.text)
    drv8833_leftReverse                      0x00000b89   Thumb Code    48  drv8833.o(.text)
    drv8833_rightForward                     0x00000bb9   Thumb Code    48  drv8833.o(.text)
    drv8833_rightReverse                     0x00000be9   Thumb Code    48  drv8833.o(.text)
    drv8833_turnLeft                         0x00000c19   Thumb Code    18  drv8833.o(.text)
    drv8833_turnRight                        0x00000c2b   Thumb Code    18  drv8833.o(.text)
    drv8833_halt                             0x00000c3d   Thumb Code    56  drv8833.o(.text)
    pwmConfig                                0x00000c8d   Thumb Code   524  pwm.o(.text)
    rfInit                                   0x00000ead   Thumb Code   214  ece315_lab3.o(.text)
    Reset_Handler                            0x00000f99   Thumb Code     8  startup_tm4c123.o(.text)
    NMI_Handler                              0x00000fa1   Thumb Code     2  startup_tm4c123.o(.text)
    HardFault_Handler                        0x00000fa3   Thumb Code     2  startup_tm4c123.o(.text)
    MemManage_Handler                        0x00000fa5   Thumb Code     2  startup_tm4c123.o(.text)
    BusFault_Handler                         0x00000fa7   Thumb Code     2  startup_tm4c123.o(.text)
    UsageFault_Handler                       0x00000fa9   Thumb Code     2  startup_tm4c123.o(.text)
    SVC_Handler                              0x00000fab   Thumb Code     2  startup_tm4c123.o(.text)
    DebugMon_Handler                         0x00000fad   Thumb Code     2  startup_tm4c123.o(.text)
    PendSV_Handler                           0x00000faf   Thumb Code     2  startup_tm4c123.o(.text)
    GPIOA_Handler                            0x00000fb3   Thumb Code     2  startup_tm4c123.o(.text)
    GPIOB_Handler                            0x00000fb5   Thumb Code     2  startup_tm4c123.o(.text)
    GPIOC_Handler                            0x00000fb7   Thumb Code     2  startup_tm4c123.o(.text)
    GPIOD_Handler                            0x00000fb9   Thumb Code     2  startup_tm4c123.o(.text)
    GPIOE_Handler                            0x00000fbb   Thumb Code     2  startup_tm4c123.o(.text)
    UART0_Handler                            0x00000fbd   Thumb Code     2  startup_tm4c123.o(.text)
    UART1_Handler                            0x00000fbf   Thumb Code     2  startup_tm4c123.o(.text)
    SSI0_Handler                             0x00000fc1   Thumb Code     2  startup_tm4c123.o(.text)
    I2C0_Handler                             0x00000fc3   Thumb Code     2  startup_tm4c123.o(.text)
    PMW0_FAULT_Handler                       0x00000fc5   Thumb Code     2  startup_tm4c123.o(.text)
    PWM0_0_Handler                           0x00000fc7   Thumb Code     2  startup_tm4c123.o(.text)
    PWM0_1_Handler                           0x00000fc9   Thumb Code     2  startup_tm4c123.o(.text)
    PWM0_2_Handler                           0x00000fcb   Thumb Code     2  startup_tm4c123.o(.text)
    QEI0_Handler                             0x00000fcd   Thumb Code     2  startup_tm4c123.o(.text)
    ADC0SS0_Handler                          0x00000fcf   Thumb Code     2  startup_tm4c123.o(.text)
    ADC0SS1_Handler                          0x00000fd1   Thumb Code     2  startup_tm4c123.o(.text)
    ADC0SS2_Handler                          0x00000fd3   Thumb Code     2  startup_tm4c123.o(.text)
    ADC0SS3_Handler                          0x00000fd5   Thumb Code     2  startup_tm4c123.o(.text)
    WDT0_Handler                             0x00000fd7   Thumb Code     2  startup_tm4c123.o(.text)
    TIMER0A_Handler                          0x00000fd9   Thumb Code     2  startup_tm4c123.o(.text)
    TIMER0B_Handler                          0x00000fdb   Thumb Code     2  startup_tm4c123.o(.text)
    TIMER1A_Handler                          0x00000fdd   Thumb Code     2  startup_tm4c123.o(.text)
    TIMER1B_Handler                          0x00000fdf   Thumb Code     2  startup_tm4c123.o(.text)
    TIMER2A_Handler                          0x00000fe1   Thumb Code     2  startup_tm4c123.o(.text)
    TIMER2B_Handler                          0x00000fe3   Thumb Code     2  startup_tm4c123.o(.text)
    COMP0_Handler                            0x00000fe5   Thumb Code     2  startup_tm4c123.o(.text)
    COMP1_Handler                            0x00000fe7   Thumb Code     2  startup_tm4c123.o(.text)
    COMP2_Handler                            0x00000fe9   Thumb Code     2  startup_tm4c123.o(.text)
    SYSCTL_Handler                           0x00000feb   Thumb Code     2  startup_tm4c123.o(.text)
    FLASH_Handler                            0x00000fed   Thumb Code     2  startup_tm4c123.o(.text)
    GPIOF_Handler                            0x00000fef   Thumb Code     2  startup_tm4c123.o(.text)
    GPIOG_Handler                            0x00000ff1   Thumb Code     2  startup_tm4c123.o(.text)
    GPIOH_Handler                            0x00000ff3   Thumb Code     2  startup_tm4c123.o(.text)
    UART2_Handler                            0x00000ff5   Thumb Code     2  startup_tm4c123.o(.text)
    SSI1_Handler                             0x00000ff7   Thumb Code     2  startup_tm4c123.o(.text)
    TIMER3A_Handler                          0x00000ff9   Thumb Code     2  startup_tm4c123.o(.text)
    TIMER3B_Handler                          0x00000ffb   Thumb Code     2  startup_tm4c123.o(.text)
    I2C1_Handler                             0x00000ffd   Thumb Code     2  startup_tm4c123.o(.text)
    QEI1_Handler                             0x00000fff   Thumb Code     2  startup_tm4c123.o(.text)
    CAN0_Handler                             0x00001001   Thumb Code     2  startup_tm4c123.o(.text)
    CAN1_Handler                             0x00001003   Thumb Code     2  startup_tm4c123.o(.text)
    CAN2_Handler                             0x00001005   Thumb Code     2  startup_tm4c123.o(.text)
    HIB_Handler                              0x00001007   Thumb Code     2  startup_tm4c123.o(.text)
    USB0_Handler                             0x00001009   Thumb Code     2  startup_tm4c123.o(.text)
    PWM0_3_Handler                           0x0000100b   Thumb Code     2  startup_tm4c123.o(.text)
    UDMA_Handler                             0x0000100d   Thumb Code     2  startup_tm4c123.o(.text)
    UDMAERR_Handler                          0x0000100f   Thumb Code     2  startup_tm4c123.o(.text)
    ADC1SS0_Handler                          0x00001011   Thumb Code     2  startup_tm4c123.o(.text)
    ADC1SS1_Handler                          0x00001013   Thumb Code     2  startup_tm4c123.o(.text)
    ADC1SS2_Handler                          0x00001015   Thumb Code     2  startup_tm4c123.o(.text)
    ADC1SS3_Handler                          0x00001017   Thumb Code     2  startup_tm4c123.o(.text)
    GPIOJ_Handler                            0x00001019   Thumb Code     2  startup_tm4c123.o(.text)
    GPIOK_Handler                            0x0000101b   Thumb Code     2  startup_tm4c123.o(.text)
    GPIOL_Handler                            0x0000101d   Thumb Code     2  startup_tm4c123.o(.text)
    SSI2_Handler                             0x0000101f   Thumb Code     2  startup_tm4c123.o(.text)
    SSI3_Handler                             0x00001021   Thumb Code     2  startup_tm4c123.o(.text)
    UART3_Handler                            0x00001023   Thumb Code     2  startup_tm4c123.o(.text)
    UART4_Handler                            0x00001025   Thumb Code     2  startup_tm4c123.o(.text)
    UART5_Handler                            0x00001027   Thumb Code     2  startup_tm4c123.o(.text)
    UART6_Handler                            0x00001029   Thumb Code     2  startup_tm4c123.o(.text)
    I2C2_Handler                             0x0000102d   Thumb Code     2  startup_tm4c123.o(.text)
    I2C3_Handler                             0x0000102f   Thumb Code     2  startup_tm4c123.o(.text)
    TIMER4A_Handler                          0x00001031   Thumb Code     2  startup_tm4c123.o(.text)
    TIMER4B_Handler                          0x00001033   Thumb Code     2  startup_tm4c123.o(.text)
    TIMER5A_Handler                          0x00001035   Thumb Code     2  startup_tm4c123.o(.text)
    TIMER5B_Handler                          0x00001037   Thumb Code     2  startup_tm4c123.o(.text)
    WTIMER0A_Handler                         0x00001039   Thumb Code     2  startup_tm4c123.o(.text)
    WTIMER0B_Handler                         0x0000103b   Thumb Code     2  startup_tm4c123.o(.text)
    WTIMER1A_Handler                         0x0000103d   Thumb Code     2  startup_tm4c123.o(.text)
    WTIMER1B_Handler                         0x0000103f   Thumb Code     2  startup_tm4c123.o(.text)
    WTIMER2A_Handler                         0x00001041   Thumb Code     2  startup_tm4c123.o(.text)
    WTIMER2B_Handler                         0x00001043   Thumb Code     2  startup_tm4c123.o(.text)
    WTIMER3A_Handler                         0x00001045   Thumb Code     2  startup_tm4c123.o(.text)
    WTIMER3B_Handler                         0x00001047   Thumb Code     2  startup_tm4c123.o(.text)
    WTIMER4A_Handler                         0x00001049   Thumb Code     2  startup_tm4c123.o(.text)
    WTIMER4B_Handler                         0x0000104b   Thumb Code     2  startup_tm4c123.o(.text)
    WTIMER5A_Handler                         0x0000104d   Thumb Code     2  startup_tm4c123.o(.text)
    WTIMER5B_Handler                         0x0000104f   Thumb Code     2  startup_tm4c123.o(.text)
    FPU_Handler                              0x00001051   Thumb Code     2  startup_tm4c123.o(.text)
    I2C4_Handler                             0x00001053   Thumb Code     2  startup_tm4c123.o(.text)
    I2C5_Handler                             0x00001055   Thumb Code     2  startup_tm4c123.o(.text)
    GPIOM_Handler                            0x00001057   Thumb Code     2  startup_tm4c123.o(.text)
    GPION_Handler                            0x00001059   Thumb Code     2  startup_tm4c123.o(.text)
    QEI2_Handler                             0x0000105b   Thumb Code     2  startup_tm4c123.o(.text)
    GPIOP0_Handler                           0x0000105d   Thumb Code     2  startup_tm4c123.o(.text)
    GPIOP1_Handler                           0x0000105f   Thumb Code     2  startup_tm4c123.o(.text)
    GPIOP2_Handler                           0x00001061   Thumb Code     2  startup_tm4c123.o(.text)
    GPIOP3_Handler                           0x00001063   Thumb Code     2  startup_tm4c123.o(.text)
    GPIOP4_Handler                           0x00001065   Thumb Code     2  startup_tm4c123.o(.text)
    GPIOP5_Handler                           0x00001067   Thumb Code     2  startup_tm4c123.o(.text)
    GPIOP6_Handler                           0x00001069   Thumb Code     2  startup_tm4c123.o(.text)
    GPIOP7_Handler                           0x0000106b   Thumb Code     2  startup_tm4c123.o(.text)
    GPIOQ0_Handler                           0x0000106d   Thumb Code     2  startup_tm4c123.o(.text)
    GPIOQ1_Handler                           0x0000106f   Thumb Code     2  startup_tm4c123.o(.text)
    GPIOQ2_Handler                           0x00001071   Thumb Code     2  startup_tm4c123.o(.text)
    GPIOQ3_Handler                           0x00001073   Thumb Code     2  startup_tm4c123.o(.text)
    GPIOQ4_Handler                           0x00001075   Thumb Code     2  startup_tm4c123.o(.text)
    GPIOQ5_Handler                           0x00001077   Thumb Code     2  startup_tm4c123.o(.text)
    GPIOQ6_Handler                           0x00001079   Thumb Code     2  startup_tm4c123.o(.text)
    GPIOQ7_Handler                           0x0000107b   Thumb Code     2  startup_tm4c123.o(.text)
    GPIOR_Handler                            0x0000107d   Thumb Code     2  startup_tm4c123.o(.text)
    GPIOS_Handler                            0x0000107f   Thumb Code     2  startup_tm4c123.o(.text)
    PMW1_0_Handler                           0x00001081   Thumb Code     2  startup_tm4c123.o(.text)
    PWM1_1_Handler                           0x00001083   Thumb Code     2  startup_tm4c123.o(.text)
    PWM1_2_Handler                           0x00001085   Thumb Code     2  startup_tm4c123.o(.text)
    PWM1_3_Handler                           0x00001087   Thumb Code     2  startup_tm4c123.o(.text)
    PWM1_FAULT_Handler                       0x00001089   Thumb Code     2  startup_tm4c123.o(.text)
    SystemCoreClockUpdate                    0x0000114b   Thumb Code   184  system_tm4c123.o(.text)
    SystemInit                               0x00001203   Thumb Code   112  system_tm4c123.o(.text)
    gpio_enable_port                         0x00001325   Thumb Code   156  gpioport.o(.text)
    gpio_config_digital_enable               0x000013c1   Thumb Code    34  gpioport.o(.text)
    gpio_config_enable_output                0x000013e3   Thumb Code    34  gpioport.o(.text)
    gpio_config_enable_input                 0x00001405   Thumb Code    34  gpioport.o(.text)
    gpio_config_enable_pullup                0x00001427   Thumb Code    34  gpioport.o(.text)
    gpio_config_enable_pulldown              0x00001449   Thumb Code    34  gpioport.o(.text)
    gpio_config_analog_enable                0x0000146b   Thumb Code    34  gpioport.o(.text)
    gpio_config_alternate_function           0x0000148d   Thumb Code    34  gpioport.o(.text)
    gpio_config_port_control                 0x000014af   Thumb Code    34  gpioport.o(.text)
    gpio_config_open_drain                   0x000014d1   Thumb Code    34  gpioport.o(.text)
    spiVerifyBaseAddr                        0x00001515   Thumb Code    34  spi.o(.text)
    initialize_spi                           0x00001537   Thumb Code   246  spi.o(.text)
    spiTx                                    0x0000162d   Thumb Code    94  spi.o(.text)
    verifyUartBase                           0x000016a5   Thumb Code    54  uart.o(.text)
    uartTxPoll                               0x000016db   Thumb Code    50  uart.o(.text)
    uartRxPoll                               0x0000170d   Thumb Code    70  uart.o(.text)
    uart_init_115K                           0x00001753   Thumb Code    78  uart.o(.text)
    initializeADC                            0x000017a9   Thumb Code   146  adc.o(.text)
    getADCValue                              0x0000183b   Thumb Code    58  adc.o(.text)
    wait_uS_15                               0x00001881   Thumb Code    14  wireless.o(.text)
    wireless_set_pin_config                  0x0000188f   Thumb Code    24  wireless.o(.text)
    wireless_send_32                         0x00001a05   Thumb Code   306  wireless.o(.text)
    wireless_get_32                          0x00001b37   Thumb Code   132  wireless.o(.text)
    wireless_configure_device                0x00001bbb   Thumb Code   236  wireless.o(.text)
    __aeabi_memset                           0x00001d41   Thumb Code    14  memseta.o(.text)
    __aeabi_memset4                          0x00001d41   Thumb Code     0  memseta.o(.text)
    __aeabi_memset8                          0x00001d41   Thumb Code     0  memseta.o(.text)
    __aeabi_memclr                           0x00001d4f   Thumb Code     4  memseta.o(.text)
    __aeabi_memclr4                          0x00001d4f   Thumb Code     0  memseta.o(.text)
    __aeabi_memclr8                          0x00001d4f   Thumb Code     0  memseta.o(.text)
    _memset$wrapper                          0x00001d53   Thumb Code    18  memseta.o(.text)
    __0sscanf                                0x00001d65   Thumb Code    48  __0sscanf.o(.text)
    _scanf_int                               0x00001d9d   Thumb Code   332  _scanf_int.o(.text)
    __aeabi_uidiv                            0x00001ee9   Thumb Code     0  uidiv.o(.text)
    __aeabi_uidivmod                         0x00001ee9   Thumb Code    44  uidiv.o(.text)
    _chval                                   0x00001f15   Thumb Code    28  _chval.o(.text)
    __vfscanf_char                           0x00001f3d   Thumb Code    20  scanf_char.o(.text)
    _sgetc                                   0x00001f59   Thumb Code    30  _sgetc.o(.text)
    _sbackspace                              0x00001f77   Thumb Code    34  _sgetc.o(.text)
    __scatterload                            0x00001f99   Thumb Code    28  init.o(.text)
    __scatterload_rt2                        0x00001f99   Thumb Code     0  init.o(.text)
    isspace                                  0x00001fbd   Thumb Code    10  isspace_c.o(.text)
    __vfscanf                                0x00001fc9   Thumb Code   802  _scanf.o(.text)
    __ctype_lookup                           0x000022f1   Thumb Code    34  ctype_c.o(.text)
    __0sprintf$3                             0x00002319   Thumb Code    34  printf3.o(i.__0sprintf$3)
    __1sprintf$3                             0x00002319   Thumb Code     0  printf3.o(i.__0sprintf$3)
    __2sprintf                               0x00002319   Thumb Code     0  printf3.o(i.__0sprintf$3)
    __scatterload_copy                       0x00002341   Thumb Code    14  handlers.o(i.__scatterload_copy)
    __scatterload_null                       0x0000234f   Thumb Code     2  handlers.o(i.__scatterload_null)
    __scatterload_zeroinit                   0x00002351   Thumb Code    14  handlers.o(i.__scatterload_zeroinit)
    courierNew_10ptBitmaps                   0x00002522   Data        1900  fonts.o(.constdata)
    motionW                                  0x00002c8e   Data         392  fonts.o(.constdata)
    __ctype_categories                       0x00002e16   Data          64  ctype_c.o(.constdata)
    Region$$Table$$Base                      0x00002e58   Number         0  anon$$obj.o(Region$$Table)
    Region$$Table$$Limit                     0x00002e78   Number         0  anon$$obj.o(Region$$Table)
    leftBuf                                  0x20000000   Data           4  main.o(.data)
    AlertSysTick                             0x20000004   Data           1  main.o(.data)
    Alert10ms                                0x20000005   Data           1  main.o(.data)
    Alert1s                                  0x20000006   Data           1  main.o(.data)
    PWM                                      0x20000010   Data           4  pwm.o(.data)
    SystemCoreClock                          0x20000020   Data           4  system_tm4c123.o(.data)
    console                                  0x20000024   Data          50  main.o(.bss)
    wirelessPinConfig                        0x20000058   Data          24  wireless.o(.bss)
    __initial_sp                             0x20001070   Data           0  startup_tm4c123.o(STACK)



==============================================================================

Memory Map of the image

  Image Entry point : 0x00000f99

  Load Region LR_1 (Base: 0x00000000, Size: 0x00002e9c, Max: 0xffffffff, ABSOLUTE)

    Execution Region ER_RO (Base: 0x00000000, Size: 0x00002e78, Max: 0xffffffff, ABSOLUTE)

    Base Addr    Size         Type   Attr      Idx    E Section Name        Object

    0x00000000   0x0000026c   Data   RO          280    RESET               startup_tm4c123.o
    0x0000026c   0x00000000   Code   RO          494  * .ARM.Collect$$$$00000000  mc_w.l(entry.o)
    0x0000026c   0x00000004   Code   RO          770    .ARM.Collect$$$$00000001  mc_w.l(entry2.o)
    0x00000270   0x00000004   Code   RO          773    .ARM.Collect$$$$00000004  mc_w.l(entry5.o)
    0x00000274   0x00000000   Code   RO          775    .ARM.Collect$$$$00000008  mc_w.l(entry7b.o)
    0x00000274   0x00000000   Code   RO          777    .ARM.Collect$$$$0000000A  mc_w.l(entry8b.o)
    0x00000274   0x00000008   Code   RO          778    .ARM.Collect$$$$0000000B  mc_w.l(entry9a.o)
    0x0000027c   0x00000000   Code   RO          780    .ARM.Collect$$$$0000000D  mc_w.l(entry10a.o)
    0x0000027c   0x00000000   Code   RO          782    .ARM.Collect$$$$0000000F  mc_w.l(entry11a.o)
    0x0000027c   0x00000004   Code   RO          771    .ARM.Collect$$$$00002712  mc_w.l(entry2.o)
    0x00000280   0x000002a8   Code   RO            3    .text               main.o
    0x00000528   0x00000248   Code   RO          108    .text               boardutil.o
    0x00000770   0x0000008c   Code   RO          132    .text               interrupts.o
    0x000007fc   0x000002dc   Code   RO          160    .text               lcd.o
    0x00000ad8   0x000001b4   Code   RO          200    .text               drv8833.o
    0x00000c8c   0x00000220   Code   RO          220    .text               pwm.o
    0x00000eac   0x000000ec   Code   RO          243    .text               ece315_lab3.o
    0x00000f98   0x000000fc   Code   RO          281  * .text               startup_tm4c123.o
    0x00001094   0x00000250   Code   RO          287    .text               system_tm4c123.o
    0x000012e4   0x00000230   Code   RO          314    .text               ece315.lib(gpioport.o)
    0x00001514   0x00000190   Code   RO          376    .text               ece315.lib(spi.o)
    0x000016a4   0x00000104   Code   RO          406    .text               ece315.lib(uart.o)
    0x000017a8   0x000000d8   Code   RO          440    .text               ece315.lib(adc.o)
    0x00001880   0x000004c0   Code   RO          467    .text               ece315.lib(wireless.o)
    0x00001d40   0x00000024   Code   RO          497    .text               mc_w.l(memseta.o)
    0x00001d64   0x00000038   Code   RO          760    .text               mc_w.l(__0sscanf.o)
    0x00001d9c   0x0000014c   Code   RO          762    .text               mc_w.l(_scanf_int.o)
    0x00001ee8   0x0000002c   Code   RO          787    .text               mc_w.l(uidiv.o)
    0x00001f14   0x0000001c   Code   RO          791    .text               mc_w.l(_chval.o)
    0x00001f30   0x00000028   Code   RO          793    .text               mc_w.l(scanf_char.o)
    0x00001f58   0x00000040   Code   RO          795    .text               mc_w.l(_sgetc.o)
    0x00001f98   0x00000024   Code   RO          810    .text               mc_w.l(init.o)
    0x00001fbc   0x0000000a   Code   RO          819    .text               mc_w.l(isspace_c.o)
    0x00001fc6   0x00000002   PAD
    0x00001fc8   0x00000328   Code   RO          821    .text               mc_w.l(_scanf.o)
    0x000022f0   0x00000028   Code   RO          824    .text               mc_w.l(ctype_c.o)
    0x00002318   0x00000028   Code   RO          590    i.__0sprintf$3      mc_w.l(printf3.o)
    0x00002340   0x0000000e   Code   RO          829    i.__scatterload_copy  mc_w.l(handlers.o)
    0x0000234e   0x00000002   Code   RO          830    i.__scatterload_null  mc_w.l(handlers.o)
    0x00002350   0x0000000e   Code   RO          831    i.__scatterload_zeroinit  mc_w.l(handlers.o)
    0x0000235e   0x00000002   PAD
    0x00002360   0x000001b8   Code   RO          595    i._printf_core      mc_w.l(printf3.o)
    0x00002518   0x0000000a   Code   RO          597    i._sputc            mc_w.l(printf3.o)
    0x00002522   0x000008f4   Data   RO          185    .constdata          fonts.o
    0x00002e16   0x00000040   Data   RO          825    .constdata          mc_w.l(ctype_c.o)
    0x00002e56   0x00000002   PAD
    0x00002e58   0x00000020   Data   RO          827    Region$$Table       anon$$obj.o


    Execution Region ER_RW (Base: 0x20000000, Size: 0x00000024, Max: 0xffffffff, ABSOLUTE)

    Base Addr    Size         Type   Attr      Idx    E Section Name        Object

    0x20000000   0x00000007   Data   RW            5    .data               main.o
    0x20000007   0x00000001   PAD
    0x20000008   0x00000008   Data   RW          133    .data               interrupts.o
    0x20000010   0x00000004   Data   RW          221    .data               pwm.o
    0x20000014   0x0000000a   Data   RW          244    .data               ece315_lab3.o
    0x2000001e   0x00000002   PAD
    0x20000020   0x00000004   Data   RW          288    .data               system_tm4c123.o


    Execution Region ER_ZI (Base: 0x20000024, Size: 0x0000104c, Max: 0xffffffff, ABSOLUTE)

    Base Addr    Size         Type   Attr      Idx    E Section Name        Object

    0x20000024   0x00000032   Zero   RW            4    .bss                main.o
    0x20000056   0x00000002   PAD
    0x20000058   0x00000018   Zero   RW          468    .bss                ece315.lib(wireless.o)
    0x20000070   0x00001000   Zero   RW          278    STACK               startup_tm4c123.o


==============================================================================

Image component sizes


      Code (inc. data)   RO Data    RW Data    ZI Data      Debug   Object Name

       584         44          0          0          0      28884   boardutil.o
       436         24          0          0          0       1777   drv8833.o
       236         22          0         10          0        993   ece315_lab3.o
         0          0       2292          0          0        565   fonts.o
       140         28          0          8          0        756   interrupts.o
       732         16          0          0          0       2473   lcd.o
       680        180          0          7         50      33968   main.o
       544         20          0          4          0       1362   pwm.o
       252         10        620          0       4096       5432   startup_tm4c123.o
       592        138          0          4          0       1529   system_tm4c123.o

    ----------------------------------------------------------------------
      4196        482       2944         36       4148      77739   Object Totals
         0          0         32          0          0          0   (incl. Generated)
         0          0          0          3          2          0   (incl. Padding)

    ----------------------------------------------------------------------

      Code (inc. data)   RO Data    RW Data    ZI Data      Debug   Library Member Name

       216         12          0          0          0       1380   adc.o
       560         34          0          0          0      29656   gpioport.o
       400         26          0          0          0       1885   spi.o
       260         16          0          0          0       2042   uart.o
      1216         16          0          0         24      12492   wireless.o
        56          8          0          0          0         84   __0sscanf.o
        28          0          0          0          0         68   _chval.o
       808          6          0          0          0        112   _scanf.o
       332          0          0          0          0         96   _scanf_int.o
        64          0          0          0          0         84   _sgetc.o
        40          6         64          0          0         68   ctype_c.o
         0          0          0          0          0          0   entry.o
         0          0          0          0          0          0   entry10a.o
         0          0          0          0          0          0   entry11a.o
         8          4          0          0          0          0   entry2.o
         4          0          0          0          0          0   entry5.o
         0          0          0          0          0          0   entry7b.o
         0          0          0          0          0          0   entry8b.o
         8          4          0          0          0          0   entry9a.o
        30          0          0          0          0          0   handlers.o
        36          8          0          0          0         68   init.o
        10          0          0          0          0         68   isspace_c.o
        36          0          0          0          0        108   memseta.o
       490         10          0          0          0        252   printf3.o
        40          8          0          0          0         84   scanf_char.o
        44          0          0          0          0         80   uidiv.o

    ----------------------------------------------------------------------
      4690        158         66          0         24      48627   Library Totals
         4          0          2          0          0          0   (incl. Padding)

    ----------------------------------------------------------------------

      Code (inc. data)   RO Data    RW Data    ZI Data      Debug   Library Name

      2652        104          0          0         24      47455   ece315.lib
      2034         54         64          0          0       1172   mc_w.l

    ----------------------------------------------------------------------
      4690        158         66          0         24      48627   Library Totals

    ----------------------------------------------------------------------

==============================================================================


      Code (inc. data)   RO Data    RW Data    ZI Data      Debug   

      8886        640       3010         36       4172     124350   Grand Totals
      8886        640       3010         36       4172     124350   ELF Image Totals
      8886        640       3010         36          0          0   ROM Totals

==============================================================================

    Total RO  Size (Code + RO Data)                11896 (  11.62kB)
    Total RW  Size (RW Data + ZI Data)              4208 (   4.11kB)
    Total ROM Size (Code + RO Data + RW Data)      11932 (  11.65kB)

==============================================================================

