<html>
<body>
<pre>
<h1>µVision Build Log</h1>
<h2>Project:</h2>
I:\ECE315\LAB3\ECE315\ece353_base_project.uvprojx
Project File Date:  04/05/2017

<h2>Output:</h2>
Rebuild target 'Target 1'
compiling main.c...
..\include\pwm.h(64): warning:  #1-D: last line of file ends without a newline
  #endif
main.c: 1 warning, 0 errors
compiling boardUtil.c...
compiling ece315_lab3.c...
compiling fonts.c...
compiling led_controller.c...
compiling pwm.c...
..\include\pwm.h(64): warning:  #1-D: last line of file ends without a newline
  #endif
..\drivers\pwm.c(79): warning:  #1-D: last line of file ends without a newline
  }
..\drivers\pwm.c: 2 warnings, 0 errors
compiling interrupts.c...
interrupts.c(36): warning:  #1-D: last line of file ends without a newline
  }
interrupts.c: 1 warning, 0 errors
compiling drv8833.c...
..\include\pwm.h(64): warning:  #1-D: last line of file ends without a newline
  #endif
drv8833.c(110): warning:  #1-D: last line of file ends without a newline
  }
drv8833.c: 2 warnings, 0 errors
compiling lcd.c...
compiling encoders.c...
encoders.h(7): warning:  #1-D: last line of file ends without a newline
  #endif
encoders.c(5): warning:  #1035-D: single-precision operand implicitly converted to double-precision
        return (inches * 12.15);
encoders.c(6): warning:  #1-D: last line of file ends without a newline
  }
encoders.c: 3 warnings, 0 errors
assembling startup_TM4C123.s...
compiling system_TM4C123.c...
linking...
Program Size: Code=6220 RO-data=652 RW-data=36 ZI-data=4124  
".\obj\ece353_base_project.axf" - 0 Error(s), 9 Warning(s).

<h2>Software Packages used:</h2>

Package Vendor: ARM
                http://www.keil.com/pack/ARM.CMSIS.4.1.1.pack
                ARM::CMSIS:CORE:3.30.0
                CMSIS (Cortex Microcontroller Software Interface Standard)
   * Component: CORE Version: 3.30.0

Package Vendor: Keil
                http://www.keil.com/pack/Keil.TM4C_DFP.1.0.0.pack
                Keil::Device:Startup:1.0.0
                Texas Instruments Tiva C Series Device Support and Examples
   * Component: Startup Version: 1.0.0

<h2>Collection of Component include folders:</h2>
  I:\ECE315\LAB3\ECE315\RTE
  C:\AppV\mdk_510\ARM\PACK\ARM\CMSIS\4.1.1\CMSIS\Include
  C:\AppV\mdk_510\ARM\PACK\Keil\TM4C_DFP\1.0.0\Device\Include\TM4C123

<h2>Collection of Component Files used:</h2>

   * Component: ARM::CMSIS:CORE:3.30.0
      Source file:   CMSIS\UserCodeTemplates\ARM\ITM_Retarget.c

   * Component: Keil::Device:Startup:1.0.0
      Include file:  Device\Include\TM4C123\TM4C123.h
      Source file:   Device\Source\ARM\startup_TM4C123.s
      Source file:   Device\Source\system_TM4C123.c
Load "I:\\ECE315\\LAB3\\ECE315\\obj\\ece353_base_project.axf" 
Connecting: Mode=JTAG, Speed=1000000Hz
Connection failed!, error code=&d
Error: Flash Download failed  -  Target DLL has been cancelled
Load "I:\\ECE315\\LAB3\\ECE315\\obj\\ece353_base_project.axf" 
Connecting: Mode=JTAG, Speed=1000000Hz
Erase Done.
Programming Done.
Verify OK.
Load "I:\\ECE315\\LAB3\\ECE315\\obj\\ece353_base_project.axf" 
Connecting: Mode=JTAG, Speed=1000000Hz
Erase Done.
Programming Done.
Verify OK.
</pre>
</body>
</html>
