Product: MDK-ARM Lite 5.10
Component: ARM Compiler 5.04 update 1 (build 49)
Tool: armlink [5040049]

==============================================================================

Section Cross References

    main.o(.text) refers to boardutil.o(.text) for DisableInterrupts
    main.o(.text) refers to uart.o(.text) for uartTxPoll
    boardutil.o(.text) refers to gpioport.o(.text) for gpio_enable_port
    boardutil.o(.text) refers to uart.o(.text) for uart_init_115K
    startup_tm4c123.o(RESET) refers to startup_tm4c123.o(STACK) for __initial_sp
    startup_tm4c123.o(RESET) refers to startup_tm4c123.o(.text) for Reset_Handler
    startup_tm4c123.o(.text) refers to system_tm4c123.o(.text) for SystemInit
    startup_tm4c123.o(.text) refers to entry.o(.ARM.Collect$$$$00000000) for __main
    system_tm4c123.o(.text) refers to system_tm4c123.o(.data) for SystemCoreClock
    entry.o(.ARM.Collect$$$$00000000) refers (Special) to entry10a.o(.ARM.Collect$$$$0000000D) for __rt_final_cpp
    entry.o(.ARM.Collect$$$$00000000) refers (Special) to entry11a.o(.ARM.Collect$$$$0000000F) for __rt_final_exit
    entry.o(.ARM.Collect$$$$00000000) refers (Special) to entry7b.o(.ARM.Collect$$$$00000008) for _main_clock
    entry.o(.ARM.Collect$$$$00000000) refers (Special) to entry8b.o(.ARM.Collect$$$$0000000A) for _main_cpp_init
    entry.o(.ARM.Collect$$$$00000000) refers (Special) to entry9a.o(.ARM.Collect$$$$0000000B) for _main_init
    entry.o(.ARM.Collect$$$$00000000) refers (Special) to entry5.o(.ARM.Collect$$$$00000004) for _main_scatterload
    entry.o(.ARM.Collect$$$$00000000) refers (Special) to entry2.o(.ARM.Collect$$$$00000001) for _main_stk
    entry2.o(.ARM.Collect$$$$00000001) refers to entry2.o(.ARM.Collect$$$$00002712) for __lit__00000000
    entry2.o(.ARM.Collect$$$$00002712) refers to startup_tm4c123.o(STACK) for __initial_sp
    entry2.o(__vectab_stack_and_reset_area) refers to startup_tm4c123.o(STACK) for __initial_sp
    entry2.o(__vectab_stack_and_reset_area) refers to entry.o(.ARM.Collect$$$$00000000) for __main
    entry5.o(.ARM.Collect$$$$00000004) refers to init.o(.text) for __scatterload
    entry9a.o(.ARM.Collect$$$$0000000B) refers to main.o(.text) for main
    entry9b.o(.ARM.Collect$$$$0000000C) refers to main.o(.text) for main
    init.o(.text) refers to entry5.o(.ARM.Collect$$$$00000004) for __main_after_scatterload


==============================================================================

Removing Unused input sections from the image.

    Removing main.o(.rev16_text), (4 bytes).
    Removing main.o(.revsh_text), (4 bytes).
    Removing boardutil.o(.rev16_text), (4 bytes).
    Removing boardutil.o(.revsh_text), (4 bytes).
    Removing startup_tm4c123.o(HEAP), (0 bytes).
    Removing system_tm4c123.o(.rev16_text), (4 bytes).
    Removing system_tm4c123.o(.revsh_text), (4 bytes).
    Removing gpioport.o(.rev16_text), (4 bytes).
    Removing gpioport.o(.revsh_text), (4 bytes).
    Removing gpioport.o(.rrx_text), (6 bytes).
    Removing uart.o(.rev16_text), (4 bytes).
    Removing uart.o(.revsh_text), (4 bytes).
    Removing uart.o(.rrx_text), (6 bytes).

13 unused section(s) (total 52 bytes) removed from the image.

==============================================================================

Image Symbol Table

    Local Symbols

    Symbol Name                              Value     Ov Type        Size  Object(Section)

    RESET                                    0x00000000   Section      620  startup_tm4c123.o(RESET)
    ../clib/microlib/init/entry.s            0x00000000   Number         0  entry11b.o ABSOLUTE
    ../clib/microlib/init/entry.s            0x00000000   Number         0  entry5.o ABSOLUTE
    ../clib/microlib/init/entry.s            0x00000000   Number         0  entry7b.o ABSOLUTE
    ../clib/microlib/init/entry.s            0x00000000   Number         0  entry8a.o ABSOLUTE
    ../clib/microlib/init/entry.s            0x00000000   Number         0  entry8b.o ABSOLUTE
    ../clib/microlib/init/entry.s            0x00000000   Number         0  entry9a.o ABSOLUTE
    ../clib/microlib/init/entry.s            0x00000000   Number         0  entry7a.o ABSOLUTE
    ../clib/microlib/init/entry.s            0x00000000   Number         0  entry2.o ABSOLUTE
    ../clib/microlib/init/entry.s            0x00000000   Number         0  entry9b.o ABSOLUTE
    ../clib/microlib/init/entry.s            0x00000000   Number         0  entry10a.o ABSOLUTE
    ../clib/microlib/init/entry.s            0x00000000   Number         0  entry.o ABSOLUTE
    ../clib/microlib/init/entry.s            0x00000000   Number         0  entry10b.o ABSOLUTE
    ../clib/microlib/init/entry.s            0x00000000   Number         0  entry11a.o ABSOLUTE
    ..\\drivers\\gpioPort.c                  0x00000000   Number         0  gpioport.o ABSOLUTE
    ..\\drivers\\uart.c                      0x00000000   Number         0  uart.o ABSOLUTE
    ..\drivers\gpioPort.c                    0x00000000   Number         0  gpioport.o ABSOLUTE
    ..\drivers\uart.c                        0x00000000   Number         0  uart.o ABSOLUTE
    RTE\Device\TM4C123GH6PM\startup_TM4C123.s 0x00000000   Number         0  startup_tm4c123.o ABSOLUTE
    RTE\Device\TM4C123GH6PM\system_TM4C123.c 0x00000000   Number         0  system_tm4c123.o ABSOLUTE
    RTE\\Device\\TM4C123GH6PM\\system_TM4C123.c 0x00000000   Number         0  system_tm4c123.o ABSOLUTE
    boardUtil.c                              0x00000000   Number         0  boardutil.o ABSOLUTE
    boardUtil.c                              0x00000000   Number         0  boardutil.o ABSOLUTE
    dc.s                                     0x00000000   Number         0  dc.o ABSOLUTE
    handlers.s                               0x00000000   Number         0  handlers.o ABSOLUTE
    init.s                                   0x00000000   Number         0  init.o ABSOLUTE
    main.c                                   0x00000000   Number         0  main.o ABSOLUTE
    main.c                                   0x00000000   Number         0  main.o ABSOLUTE
    .ARM.Collect$$$$00000000                 0x0000026c   Section        0  entry.o(.ARM.Collect$$$$00000000)
    .ARM.Collect$$$$00000001                 0x0000026c   Section        4  entry2.o(.ARM.Collect$$$$00000001)
    .ARM.Collect$$$$00000004                 0x00000270   Section        4  entry5.o(.ARM.Collect$$$$00000004)
    .ARM.Collect$$$$00000008                 0x00000274   Section        0  entry7b.o(.ARM.Collect$$$$00000008)
    .ARM.Collect$$$$0000000A                 0x00000274   Section        0  entry8b.o(.ARM.Collect$$$$0000000A)
    .ARM.Collect$$$$0000000B                 0x00000274   Section        8  entry9a.o(.ARM.Collect$$$$0000000B)
    .ARM.Collect$$$$0000000D                 0x0000027c   Section        0  entry10a.o(.ARM.Collect$$$$0000000D)
    .ARM.Collect$$$$0000000F                 0x0000027c   Section        0  entry11a.o(.ARM.Collect$$$$0000000F)
    .ARM.Collect$$$$00002712                 0x0000027c   Section        4  entry2.o(.ARM.Collect$$$$00002712)
    __lit__00000000                          0x0000027c   Data           4  entry2.o(.ARM.Collect$$$$00002712)
    .text                                    0x00000280   Section        0  main.o(.text)
    .text                                    0x00000308   Section        0  boardutil.o(.text)
    .text                                    0x00000350   Section      252  startup_tm4c123.o(.text)
    $v0                                      0x00000350   Number         0  startup_tm4c123.o(.text)
    .text                                    0x0000044c   Section        0  system_tm4c123.o(.text)
    getOscClk                                0x0000044d   Thumb Code   182  system_tm4c123.o(.text)
    .text                                    0x0000069c   Section        0  gpioport.o(.text)
    verifyBaseAddr                           0x0000069d   Thumb Code    64  gpioport.o(.text)
    .text                                    0x000008cc   Section        0  uart.o(.text)
    .text                                    0x000009d0   Section       36  init.o(.text)
    i.__scatterload_copy                     0x000009f4   Section       14  handlers.o(i.__scatterload_copy)
    i.__scatterload_null                     0x00000a02   Section        2  handlers.o(i.__scatterload_null)
    i.__scatterload_zeroinit                 0x00000a04   Section       14  handlers.o(i.__scatterload_zeroinit)
    .data                                    0x20000000   Section        4  system_tm4c123.o(.data)
    STACK                                    0x20000008   Section     4096  startup_tm4c123.o(STACK)

    Global Symbols

    Symbol Name                              Value     Ov Type        Size  Object(Section)

    BuildAttributes$$THM_ISAv4$E$P$D$K$B$S$7EM$VFPi3$EXTD16$VFPS$VFMA$PE$A:L22UL41UL21$X:L11$S22US41US21$IEEE1$IW$USESV6$~STKCKD$USESV7$~SHL$OSPACE$EBA8$MICROLIB$REQ8$PRES8$EABIv2 0x00000000   Number         0  anon$$obj.o ABSOLUTE
    __ARM_use_no_argv                        0x00000000   Number         0  main.o ABSOLUTE
    __Vectors                                0x00000000   Data           4  startup_tm4c123.o(RESET)
    __cpp_initialize__aeabi_                  - Undefined Weak Reference
    __cxa_finalize                            - Undefined Weak Reference
    __decompress                              - Undefined Weak Reference
    _clock_init                               - Undefined Weak Reference
    _microlib_exit                            - Undefined Weak Reference
    __Vectors_End                            0x0000026c   Data           0  startup_tm4c123.o(RESET)
    __Vectors_Size                           0x0000026c   Number         0  startup_tm4c123.o ABSOLUTE
    __main                                   0x0000026d   Thumb Code     0  entry.o(.ARM.Collect$$$$00000000)
    _main_stk                                0x0000026d   Thumb Code     0  entry2.o(.ARM.Collect$$$$00000001)
    _main_scatterload                        0x00000271   Thumb Code     0  entry5.o(.ARM.Collect$$$$00000004)
    __main_after_scatterload                 0x00000275   Thumb Code     0  entry5.o(.ARM.Collect$$$$00000004)
    _main_clock                              0x00000275   Thumb Code     0  entry7b.o(.ARM.Collect$$$$00000008)
    _main_cpp_init                           0x00000275   Thumb Code     0  entry8b.o(.ARM.Collect$$$$0000000A)
    _main_init                               0x00000275   Thumb Code     0  entry9a.o(.ARM.Collect$$$$0000000B)
    __rt_final_cpp                           0x0000027d   Thumb Code     0  entry10a.o(.ARM.Collect$$$$0000000D)
    __rt_final_exit                          0x0000027d   Thumb Code     0  entry11a.o(.ARM.Collect$$$$0000000F)
    initializeBoard                          0x00000281   Thumb Code    16  main.o(.text)
    main                                     0x00000291   Thumb Code    40  main.o(.text)
    DisableInterrupts                        0x00000309   Thumb Code     4  boardutil.o(.text)
    EnableInterrupts                         0x0000030d   Thumb Code     4  boardutil.o(.text)
    uart0_config_gpio                        0x00000311   Thumb Code    42  boardutil.o(.text)
    serialDebugInit                          0x0000033b   Thumb Code    18  boardutil.o(.text)
    Reset_Handler                            0x00000351   Thumb Code     8  startup_tm4c123.o(.text)
    NMI_Handler                              0x00000359   Thumb Code     2  startup_tm4c123.o(.text)
    HardFault_Handler                        0x0000035b   Thumb Code     2  startup_tm4c123.o(.text)
    MemManage_Handler                        0x0000035d   Thumb Code     2  startup_tm4c123.o(.text)
    BusFault_Handler                         0x0000035f   Thumb Code     2  startup_tm4c123.o(.text)
    UsageFault_Handler                       0x00000361   Thumb Code     2  startup_tm4c123.o(.text)
    SVC_Handler                              0x00000363   Thumb Code     2  startup_tm4c123.o(.text)
    DebugMon_Handler                         0x00000365   Thumb Code     2  startup_tm4c123.o(.text)
    PendSV_Handler                           0x00000367   Thumb Code     2  startup_tm4c123.o(.text)
    SysTick_Handler                          0x00000369   Thumb Code     2  startup_tm4c123.o(.text)
    GPIOA_Handler                            0x0000036b   Thumb Code     2  startup_tm4c123.o(.text)
    GPIOB_Handler                            0x0000036d   Thumb Code     2  startup_tm4c123.o(.text)
    GPIOC_Handler                            0x0000036f   Thumb Code     2  startup_tm4c123.o(.text)
    GPIOD_Handler                            0x00000371   Thumb Code     2  startup_tm4c123.o(.text)
    GPIOE_Handler                            0x00000373   Thumb Code     2  startup_tm4c123.o(.text)
    UART0_Handler                            0x00000375   Thumb Code     2  startup_tm4c123.o(.text)
    UART1_Handler                            0x00000377   Thumb Code     2  startup_tm4c123.o(.text)
    SSI0_Handler                             0x00000379   Thumb Code     2  startup_tm4c123.o(.text)
    I2C0_Handler                             0x0000037b   Thumb Code     2  startup_tm4c123.o(.text)
    PMW0_FAULT_Handler                       0x0000037d   Thumb Code     2  startup_tm4c123.o(.text)
    PWM0_0_Handler                           0x0000037f   Thumb Code     2  startup_tm4c123.o(.text)
    PWM0_1_Handler                           0x00000381   Thumb Code     2  startup_tm4c123.o(.text)
    PWM0_2_Handler                           0x00000383   Thumb Code     2  startup_tm4c123.o(.text)
    QEI0_Handler                             0x00000385   Thumb Code     2  startup_tm4c123.o(.text)
    ADC0SS0_Handler                          0x00000387   Thumb Code     2  startup_tm4c123.o(.text)
    ADC0SS1_Handler                          0x00000389   Thumb Code     2  startup_tm4c123.o(.text)
    ADC0SS2_Handler                          0x0000038b   Thumb Code     2  startup_tm4c123.o(.text)
    ADC0SS3_Handler                          0x0000038d   Thumb Code     2  startup_tm4c123.o(.text)
    WDT0_Handler                             0x0000038f   Thumb Code     2  startup_tm4c123.o(.text)
    TIMER0A_Handler                          0x00000391   Thumb Code     2  startup_tm4c123.o(.text)
    TIMER0B_Handler                          0x00000393   Thumb Code     2  startup_tm4c123.o(.text)
    TIMER1A_Handler                          0x00000395   Thumb Code     2  startup_tm4c123.o(.text)
    TIMER1B_Handler                          0x00000397   Thumb Code     2  startup_tm4c123.o(.text)
    TIMER2A_Handler                          0x00000399   Thumb Code     2  startup_tm4c123.o(.text)
    TIMER2B_Handler                          0x0000039b   Thumb Code     2  startup_tm4c123.o(.text)
    COMP0_Handler                            0x0000039d   Thumb Code     2  startup_tm4c123.o(.text)
    COMP1_Handler                            0x0000039f   Thumb Code     2  startup_tm4c123.o(.text)
    COMP2_Handler                            0x000003a1   Thumb Code     2  startup_tm4c123.o(.text)
    SYSCTL_Handler                           0x000003a3   Thumb Code     2  startup_tm4c123.o(.text)
    FLASH_Handler                            0x000003a5   Thumb Code     2  startup_tm4c123.o(.text)
    GPIOF_Handler                            0x000003a7   Thumb Code     2  startup_tm4c123.o(.text)
    GPIOG_Handler                            0x000003a9   Thumb Code     2  startup_tm4c123.o(.text)
    GPIOH_Handler                            0x000003ab   Thumb Code     2  startup_tm4c123.o(.text)
    UART2_Handler                            0x000003ad   Thumb Code     2  startup_tm4c123.o(.text)
    SSI1_Handler                             0x000003af   Thumb Code     2  startup_tm4c123.o(.text)
    TIMER3A_Handler                          0x000003b1   Thumb Code     2  startup_tm4c123.o(.text)
    TIMER3B_Handler                          0x000003b3   Thumb Code     2  startup_tm4c123.o(.text)
    I2C1_Handler                             0x000003b5   Thumb Code     2  startup_tm4c123.o(.text)
    QEI1_Handler                             0x000003b7   Thumb Code     2  startup_tm4c123.o(.text)
    CAN0_Handler                             0x000003b9   Thumb Code     2  startup_tm4c123.o(.text)
    CAN1_Handler                             0x000003bb   Thumb Code     2  startup_tm4c123.o(.text)
    CAN2_Handler                             0x000003bd   Thumb Code     2  startup_tm4c123.o(.text)
    HIB_Handler                              0x000003bf   Thumb Code     2  startup_tm4c123.o(.text)
    USB0_Handler                             0x000003c1   Thumb Code     2  startup_tm4c123.o(.text)
    PWM0_3_Handler                           0x000003c3   Thumb Code     2  startup_tm4c123.o(.text)
    UDMA_Handler                             0x000003c5   Thumb Code     2  startup_tm4c123.o(.text)
    UDMAERR_Handler                          0x000003c7   Thumb Code     2  startup_tm4c123.o(.text)
    ADC1SS0_Handler                          0x000003c9   Thumb Code     2  startup_tm4c123.o(.text)
    ADC1SS1_Handler                          0x000003cb   Thumb Code     2  startup_tm4c123.o(.text)
    ADC1SS2_Handler                          0x000003cd   Thumb Code     2  startup_tm4c123.o(.text)
    ADC1SS3_Handler                          0x000003cf   Thumb Code     2  startup_tm4c123.o(.text)
    GPIOJ_Handler                            0x000003d1   Thumb Code     2  startup_tm4c123.o(.text)
    GPIOK_Handler                            0x000003d3   Thumb Code     2  startup_tm4c123.o(.text)
    GPIOL_Handler                            0x000003d5   Thumb Code     2  startup_tm4c123.o(.text)
    SSI2_Handler                             0x000003d7   Thumb Code     2  startup_tm4c123.o(.text)
    SSI3_Handler                             0x000003d9   Thumb Code     2  startup_tm4c123.o(.text)
    UART3_Handler                            0x000003db   Thumb Code     2  startup_tm4c123.o(.text)
    UART4_Handler                            0x000003dd   Thumb Code     2  startup_tm4c123.o(.text)
    UART5_Handler                            0x000003df   Thumb Code     2  startup_tm4c123.o(.text)
    UART6_Handler                            0x000003e1   Thumb Code     2  startup_tm4c123.o(.text)
    UART7_Handler                            0x000003e3   Thumb Code     2  startup_tm4c123.o(.text)
    I2C2_Handler                             0x000003e5   Thumb Code     2  startup_tm4c123.o(.text)
    I2C3_Handler                             0x000003e7   Thumb Code     2  startup_tm4c123.o(.text)
    TIMER4A_Handler                          0x000003e9   Thumb Code     2  startup_tm4c123.o(.text)
    TIMER4B_Handler                          0x000003eb   Thumb Code     2  startup_tm4c123.o(.text)
    TIMER5A_Handler                          0x000003ed   Thumb Code     2  startup_tm4c123.o(.text)
    TIMER5B_Handler                          0x000003ef   Thumb Code     2  startup_tm4c123.o(.text)
    WTIMER0A_Handler                         0x000003f1   Thumb Code     2  startup_tm4c123.o(.text)
    WTIMER0B_Handler                         0x000003f3   Thumb Code     2  startup_tm4c123.o(.text)
    WTIMER1A_Handler                         0x000003f5   Thumb Code     2  startup_tm4c123.o(.text)
    WTIMER1B_Handler                         0x000003f7   Thumb Code     2  startup_tm4c123.o(.text)
    WTIMER2A_Handler                         0x000003f9   Thumb Code     2  startup_tm4c123.o(.text)
    WTIMER2B_Handler                         0x000003fb   Thumb Code     2  startup_tm4c123.o(.text)
    WTIMER3A_Handler                         0x000003fd   Thumb Code     2  startup_tm4c123.o(.text)
    WTIMER3B_Handler                         0x000003ff   Thumb Code     2  startup_tm4c123.o(.text)
    WTIMER4A_Handler                         0x00000401   Thumb Code     2  startup_tm4c123.o(.text)
    WTIMER4B_Handler                         0x00000403   Thumb Code     2  startup_tm4c123.o(.text)
    WTIMER5A_Handler                         0x00000405   Thumb Code     2  startup_tm4c123.o(.text)
    WTIMER5B_Handler                         0x00000407   Thumb Code     2  startup_tm4c123.o(.text)
    FPU_Handler                              0x00000409   Thumb Code     2  startup_tm4c123.o(.text)
    I2C4_Handler                             0x0000040b   Thumb Code     2  startup_tm4c123.o(.text)
    I2C5_Handler                             0x0000040d   Thumb Code     2  startup_tm4c123.o(.text)
    GPIOM_Handler                            0x0000040f   Thumb Code     2  startup_tm4c123.o(.text)
    GPION_Handler                            0x00000411   Thumb Code     2  startup_tm4c123.o(.text)
    QEI2_Handler                             0x00000413   Thumb Code     2  startup_tm4c123.o(.text)
    GPIOP0_Handler                           0x00000415   Thumb Code     2  startup_tm4c123.o(.text)
    GPIOP1_Handler                           0x00000417   Thumb Code     2  startup_tm4c123.o(.text)
    GPIOP2_Handler                           0x00000419   Thumb Code     2  startup_tm4c123.o(.text)
    GPIOP3_Handler                           0x0000041b   Thumb Code     2  startup_tm4c123.o(.text)
    GPIOP4_Handler                           0x0000041d   Thumb Code     2  startup_tm4c123.o(.text)
    GPIOP5_Handler                           0x0000041f   Thumb Code     2  startup_tm4c123.o(.text)
    GPIOP6_Handler                           0x00000421   Thumb Code     2  startup_tm4c123.o(.text)
    GPIOP7_Handler                           0x00000423   Thumb Code     2  startup_tm4c123.o(.text)
    GPIOQ0_Handler                           0x00000425   Thumb Code     2  startup_tm4c123.o(.text)
    GPIOQ1_Handler                           0x00000427   Thumb Code     2  startup_tm4c123.o(.text)
    GPIOQ2_Handler                           0x00000429   Thumb Code     2  startup_tm4c123.o(.text)
    GPIOQ3_Handler                           0x0000042b   Thumb Code     2  startup_tm4c123.o(.text)
    GPIOQ4_Handler                           0x0000042d   Thumb Code     2  startup_tm4c123.o(.text)
    GPIOQ5_Handler                           0x0000042f   Thumb Code     2  startup_tm4c123.o(.text)
    GPIOQ6_Handler                           0x00000431   Thumb Code     2  startup_tm4c123.o(.text)
    GPIOQ7_Handler                           0x00000433   Thumb Code     2  startup_tm4c123.o(.text)
    GPIOR_Handler                            0x00000435   Thumb Code     2  startup_tm4c123.o(.text)
    GPIOS_Handler                            0x00000437   Thumb Code     2  startup_tm4c123.o(.text)
    PMW1_0_Handler                           0x00000439   Thumb Code     2  startup_tm4c123.o(.text)
    PWM1_1_Handler                           0x0000043b   Thumb Code     2  startup_tm4c123.o(.text)
    PWM1_2_Handler                           0x0000043d   Thumb Code     2  startup_tm4c123.o(.text)
    PWM1_3_Handler                           0x0000043f   Thumb Code     2  startup_tm4c123.o(.text)
    PWM1_FAULT_Handler                       0x00000441   Thumb Code     2  startup_tm4c123.o(.text)
    SystemCoreClockUpdate                    0x00000503   Thumb Code   184  system_tm4c123.o(.text)
    SystemInit                               0x000005bb   Thumb Code   112  system_tm4c123.o(.text)
    gpio_enable_port                         0x000006dd   Thumb Code   156  gpioport.o(.text)
    gpio_config_digital_enable               0x00000779   Thumb Code    34  gpioport.o(.text)
    gpio_config_enable_output                0x0000079b   Thumb Code    34  gpioport.o(.text)
    gpio_config_enable_input                 0x000007bd   Thumb Code    34  gpioport.o(.text)
    gpio_config_enable_pullup                0x000007df   Thumb Code    34  gpioport.o(.text)
    gpio_config_enable_pulldown              0x00000801   Thumb Code    34  gpioport.o(.text)
    gpio_config_analog_enable                0x00000823   Thumb Code    34  gpioport.o(.text)
    gpio_config_alternate_function           0x00000845   Thumb Code    34  gpioport.o(.text)
    gpio_config_port_control                 0x00000867   Thumb Code    34  gpioport.o(.text)
    gpio_config_open_drain                   0x00000889   Thumb Code    34  gpioport.o(.text)
    verifyUartBase                           0x000008cd   Thumb Code    54  uart.o(.text)
    uartTxPoll                               0x00000903   Thumb Code    50  uart.o(.text)
    uartRxPoll                               0x00000935   Thumb Code    70  uart.o(.text)
    uart_init_115K                           0x0000097b   Thumb Code    78  uart.o(.text)
    __scatterload                            0x000009d1   Thumb Code    28  init.o(.text)
    __scatterload_rt2                        0x000009d1   Thumb Code     0  init.o(.text)
    __scatterload_copy                       0x000009f5   Thumb Code    14  handlers.o(i.__scatterload_copy)
    __scatterload_null                       0x00000a03   Thumb Code     2  handlers.o(i.__scatterload_null)
    __scatterload_zeroinit                   0x00000a05   Thumb Code    14  handlers.o(i.__scatterload_zeroinit)
    Region$$Table$$Base                      0x00000a14   Number         0  anon$$obj.o(Region$$Table)
    Region$$Table$$Limit                     0x00000a34   Number         0  anon$$obj.o(Region$$Table)
    SystemCoreClock                          0x20000000   Data           4  system_tm4c123.o(.data)
    __initial_sp                             0x20001008   Data           0  startup_tm4c123.o(STACK)



==============================================================================

Memory Map of the image

  Image Entry point : 0x00000351

  Load Region LR_1 (Base: 0x00000000, Size: 0x00000a38, Max: 0xffffffff, ABSOLUTE)

    Execution Region ER_RO (Base: 0x00000000, Size: 0x00000a34, Max: 0xffffffff, ABSOLUTE)

    Base Addr    Size         Type   Attr      Idx    E Section Name        Object

    0x00000000   0x0000026c   Data   RO          103    RESET               startup_tm4c123.o
    0x0000026c   0x00000000   Code   RO          230  * .ARM.Collect$$$$00000000  mc_w.l(entry.o)
    0x0000026c   0x00000004   Code   RO          233    .ARM.Collect$$$$00000001  mc_w.l(entry2.o)
    0x00000270   0x00000004   Code   RO          236    .ARM.Collect$$$$00000004  mc_w.l(entry5.o)
    0x00000274   0x00000000   Code   RO          238    .ARM.Collect$$$$00000008  mc_w.l(entry7b.o)
    0x00000274   0x00000000   Code   RO          240    .ARM.Collect$$$$0000000A  mc_w.l(entry8b.o)
    0x00000274   0x00000008   Code   RO          241    .ARM.Collect$$$$0000000B  mc_w.l(entry9a.o)
    0x0000027c   0x00000000   Code   RO          243    .ARM.Collect$$$$0000000D  mc_w.l(entry10a.o)
    0x0000027c   0x00000000   Code   RO          245    .ARM.Collect$$$$0000000F  mc_w.l(entry11a.o)
    0x0000027c   0x00000004   Code   RO          234    .ARM.Collect$$$$00002712  mc_w.l(entry2.o)
    0x00000280   0x00000088   Code   RO            3    .text               main.o
    0x00000308   0x00000048   Code   RO           83    .text               boardutil.o
    0x00000350   0x000000fc   Code   RO          104  * .text               startup_tm4c123.o
    0x0000044c   0x00000250   Code   RO          110    .text               system_tm4c123.o
    0x0000069c   0x00000230   Code   RO          137    .text               ece315.lib(gpioport.o)
    0x000008cc   0x00000104   Code   RO          199    .text               ece315.lib(uart.o)
    0x000009d0   0x00000024   Code   RO          247    .text               mc_w.l(init.o)
    0x000009f4   0x0000000e   Code   RO          251    i.__scatterload_copy  mc_w.l(handlers.o)
    0x00000a02   0x00000002   Code   RO          252    i.__scatterload_null  mc_w.l(handlers.o)
    0x00000a04   0x0000000e   Code   RO          253    i.__scatterload_zeroinit  mc_w.l(handlers.o)
    0x00000a12   0x00000002   PAD
    0x00000a14   0x00000020   Data   RO          249    Region$$Table       anon$$obj.o


    Execution Region ER_RW (Base: 0x20000000, Size: 0x00000004, Max: 0xffffffff, ABSOLUTE)

    Base Addr    Size         Type   Attr      Idx    E Section Name        Object

    0x20000000   0x00000004   Data   RW          111    .data               system_tm4c123.o


    Execution Region ER_ZI (Base: 0x20000004, Size: 0x00001004, Max: 0xffffffff, ABSOLUTE)

    Base Addr    Size         Type   Attr      Idx    E Section Name        Object

    0x20000004   0x00000004   PAD
    0x20000008   0x00001000   Zero   RW          101    STACK               startup_tm4c123.o


==============================================================================

Image component sizes


      Code (inc. data)   RO Data    RW Data    ZI Data      Debug   Object Name

        72          4          0          0          0        883   boardutil.o
       136         80          0          0          0       5043   main.o
       252         10        620          0       4096       5404   startup_tm4c123.o
       592        138          0          4          0       1473   system_tm4c123.o

    ----------------------------------------------------------------------
      1052        232        652          4       4100      12803   Object Totals
         0          0         32          0          0          0   (incl. Generated)
         0          0          0          0          4          0   (incl. Padding)

    ----------------------------------------------------------------------

      Code (inc. data)   RO Data    RW Data    ZI Data      Debug   Library Member Name

       560         34          0          0          0      29656   gpioport.o
       260         16          0          0          0       2042   uart.o
         0          0          0          0          0          0   entry.o
         0          0          0          0          0          0   entry10a.o
         0          0          0          0          0          0   entry11a.o
         8          4          0          0          0          0   entry2.o
         4          0          0          0          0          0   entry5.o
         0          0          0          0          0          0   entry7b.o
         0          0          0          0          0          0   entry8b.o
         8          4          0          0          0          0   entry9a.o
        30          0          0          0          0          0   handlers.o
        36          8          0          0          0         68   init.o

    ----------------------------------------------------------------------
       908         66          0          0          0      31766   Library Totals
         2          0          0          0          0          0   (incl. Padding)

    ----------------------------------------------------------------------

      Code (inc. data)   RO Data    RW Data    ZI Data      Debug   Library Name

       820         50          0          0          0      31698   ece315.lib
        86         16          0          0          0         68   mc_w.l

    ----------------------------------------------------------------------
       908         66          0          0          0      31766   Library Totals

    ----------------------------------------------------------------------

==============================================================================


      Code (inc. data)   RO Data    RW Data    ZI Data      Debug   

      1960        298        652          4       4100      44273   Grand Totals
      1960        298        652          4       4100      44273   ELF Image Totals
      1960        298        652          4          0          0   ROM Totals

==============================================================================

    Total RO  Size (Code + RO Data)                 2612 (   2.55kB)
    Total RW  Size (RW Data + ZI Data)              4104 (   4.01kB)
    Total ROM Size (Code + RO Data + RW Data)       2616 (   2.55kB)

==============================================================================

