Product: MDK-ARM Lite 5.10
Component: ARM Compiler 5.04 update 1 (build 49)
Tool: armlink [5040049]

==============================================================================

Section Cross References

    main.o(.text) refers to boardutil.o(.text) for DisableInterrupts
    main.o(.text) refers to drv8833.o(.text) for drv8833_gpioInit
    main.o(.text) refers to uart.o(.text) for uartTxPoll
    boardutil.o(.text) refers to gpioport.o(.text) for gpio_enable_port
    boardutil.o(.text) refers to uart.o(.text) for uart_init_115K
    drv8833.o(.text) refers to gpioport.o(.text) for gpio_enable_port
    drv8833.o(.text) refers to pwm.o(.text) for pwmConfig
    pwm.o(.text) refers to pwm.o(.data) for PWM
    startup_tm4c123.o(RESET) refers to startup_tm4c123.o(STACK) for __initial_sp
    startup_tm4c123.o(RESET) refers to startup_tm4c123.o(.text) for Reset_Handler
    startup_tm4c123.o(.text) refers to system_tm4c123.o(.text) for SystemInit
    startup_tm4c123.o(.text) refers to entry.o(.ARM.Collect$$$$00000000) for __main
    system_tm4c123.o(.text) refers to system_tm4c123.o(.data) for SystemCoreClock
    entry.o(.ARM.Collect$$$$00000000) refers (Special) to entry10a.o(.ARM.Collect$$$$0000000D) for __rt_final_cpp
    entry.o(.ARM.Collect$$$$00000000) refers (Special) to entry11a.o(.ARM.Collect$$$$0000000F) for __rt_final_exit
    entry.o(.ARM.Collect$$$$00000000) refers (Special) to entry7b.o(.ARM.Collect$$$$00000008) for _main_clock
    entry.o(.ARM.Collect$$$$00000000) refers (Special) to entry8b.o(.ARM.Collect$$$$0000000A) for _main_cpp_init
    entry.o(.ARM.Collect$$$$00000000) refers (Special) to entry9a.o(.ARM.Collect$$$$0000000B) for _main_init
    entry.o(.ARM.Collect$$$$00000000) refers (Special) to entry5.o(.ARM.Collect$$$$00000004) for _main_scatterload
    entry.o(.ARM.Collect$$$$00000000) refers (Special) to entry2.o(.ARM.Collect$$$$00000001) for _main_stk
    entry2.o(.ARM.Collect$$$$00000001) refers to entry2.o(.ARM.Collect$$$$00002712) for __lit__00000000
    entry2.o(.ARM.Collect$$$$00002712) refers to startup_tm4c123.o(STACK) for __initial_sp
    entry2.o(__vectab_stack_and_reset_area) refers to startup_tm4c123.o(STACK) for __initial_sp
    entry2.o(__vectab_stack_and_reset_area) refers to entry.o(.ARM.Collect$$$$00000000) for __main
    entry5.o(.ARM.Collect$$$$00000004) refers to init.o(.text) for __scatterload
    entry9a.o(.ARM.Collect$$$$0000000B) refers to main.o(.text) for main
    entry9b.o(.ARM.Collect$$$$0000000C) refers to main.o(.text) for main
    init.o(.text) refers to entry5.o(.ARM.Collect$$$$00000004) for __main_after_scatterload


==============================================================================

Removing Unused input sections from the image.

    Removing main.o(.rev16_text), (4 bytes).
    Removing main.o(.revsh_text), (4 bytes).
    Removing boardutil.o(.rev16_text), (4 bytes).
    Removing boardutil.o(.revsh_text), (4 bytes).
    Removing drv8833.o(.rev16_text), (4 bytes).
    Removing drv8833.o(.revsh_text), (4 bytes).
    Removing pwm.o(.rev16_text), (4 bytes).
    Removing pwm.o(.revsh_text), (4 bytes).
    Removing startup_tm4c123.o(HEAP), (0 bytes).
    Removing system_tm4c123.o(.rev16_text), (4 bytes).
    Removing system_tm4c123.o(.revsh_text), (4 bytes).
    Removing gpioport.o(.rev16_text), (4 bytes).
    Removing gpioport.o(.revsh_text), (4 bytes).
    Removing gpioport.o(.rrx_text), (6 bytes).
    Removing uart.o(.rev16_text), (4 bytes).
    Removing uart.o(.revsh_text), (4 bytes).
    Removing uart.o(.rrx_text), (6 bytes).

17 unused section(s) (total 68 bytes) removed from the image.

==============================================================================

Image Symbol Table

    Local Symbols

    Symbol Name                              Value     Ov Type        Size  Object(Section)

    RESET                                    0x00000000   Section      620  startup_tm4c123.o(RESET)
    ../clib/microlib/init/entry.s            0x00000000   Number         0  entry5.o ABSOLUTE
    ../clib/microlib/init/entry.s            0x00000000   Number         0  entry11b.o ABSOLUTE
    ../clib/microlib/init/entry.s            0x00000000   Number         0  entry11a.o ABSOLUTE
    ../clib/microlib/init/entry.s            0x00000000   Number         0  entry10b.o ABSOLUTE
    ../clib/microlib/init/entry.s            0x00000000   Number         0  entry10a.o ABSOLUTE
    ../clib/microlib/init/entry.s            0x00000000   Number         0  entry9b.o ABSOLUTE
    ../clib/microlib/init/entry.s            0x00000000   Number         0  entry9a.o ABSOLUTE
    ../clib/microlib/init/entry.s            0x00000000   Number         0  entry8b.o ABSOLUTE
    ../clib/microlib/init/entry.s            0x00000000   Number         0  entry8a.o ABSOLUTE
    ../clib/microlib/init/entry.s            0x00000000   Number         0  entry7b.o ABSOLUTE
    ../clib/microlib/init/entry.s            0x00000000   Number         0  entry7a.o ABSOLUTE
    ../clib/microlib/init/entry.s            0x00000000   Number         0  entry.o ABSOLUTE
    ../clib/microlib/init/entry.s            0x00000000   Number         0  entry2.o ABSOLUTE
    ..\\drivers\\gpioPort.c                  0x00000000   Number         0  gpioport.o ABSOLUTE
    ..\\drivers\\uart.c                      0x00000000   Number         0  uart.o ABSOLUTE
    ..\drivers\gpioPort.c                    0x00000000   Number         0  gpioport.o ABSOLUTE
    ..\drivers\uart.c                        0x00000000   Number         0  uart.o ABSOLUTE
    RTE\Device\TM4C123GH6PM\startup_TM4C123.s 0x00000000   Number         0  startup_tm4c123.o ABSOLUTE
    RTE\Device\TM4C123GH6PM\system_TM4C123.c 0x00000000   Number         0  system_tm4c123.o ABSOLUTE
    RTE\\Device\\TM4C123GH6PM\\system_TM4C123.c 0x00000000   Number         0  system_tm4c123.o ABSOLUTE
    boardUtil.c                              0x00000000   Number         0  boardutil.o ABSOLUTE
    boardUtil.c                              0x00000000   Number         0  boardutil.o ABSOLUTE
    dc.s                                     0x00000000   Number         0  dc.o ABSOLUTE
    drv8833.c                                0x00000000   Number         0  drv8833.o ABSOLUTE
    drv8833.c                                0x00000000   Number         0  drv8833.o ABSOLUTE
    handlers.s                               0x00000000   Number         0  handlers.o ABSOLUTE
    init.s                                   0x00000000   Number         0  init.o ABSOLUTE
    main.c                                   0x00000000   Number         0  main.o ABSOLUTE
    main.c                                   0x00000000   Number         0  main.o ABSOLUTE
    pwm.c                                    0x00000000   Number         0  pwm.o ABSOLUTE
    pwm.c                                    0x00000000   Number         0  pwm.o ABSOLUTE
    .ARM.Collect$$$$00000000                 0x0000026c   Section        0  entry.o(.ARM.Collect$$$$00000000)
    .ARM.Collect$$$$00000001                 0x0000026c   Section        4  entry2.o(.ARM.Collect$$$$00000001)
    .ARM.Collect$$$$00000004                 0x00000270   Section        4  entry5.o(.ARM.Collect$$$$00000004)
    .ARM.Collect$$$$00000008                 0x00000274   Section        0  entry7b.o(.ARM.Collect$$$$00000008)
    .ARM.Collect$$$$0000000A                 0x00000274   Section        0  entry8b.o(.ARM.Collect$$$$0000000A)
    .ARM.Collect$$$$0000000B                 0x00000274   Section        8  entry9a.o(.ARM.Collect$$$$0000000B)
    .ARM.Collect$$$$0000000D                 0x0000027c   Section        0  entry10a.o(.ARM.Collect$$$$0000000D)
    .ARM.Collect$$$$0000000F                 0x0000027c   Section        0  entry11a.o(.ARM.Collect$$$$0000000F)
    .ARM.Collect$$$$00002712                 0x0000027c   Section        4  entry2.o(.ARM.Collect$$$$00002712)
    __lit__00000000                          0x0000027c   Data           4  entry2.o(.ARM.Collect$$$$00002712)
    .text                                    0x00000280   Section        0  main.o(.text)
    .text                                    0x00000314   Section        0  boardutil.o(.text)
    .text                                    0x0000035c   Section        0  drv8833.o(.text)
    .text                                    0x000004e8   Section        0  pwm.o(.text)
    .text                                    0x00000698   Section      252  startup_tm4c123.o(.text)
    $v0                                      0x00000698   Number         0  startup_tm4c123.o(.text)
    .text                                    0x00000794   Section        0  system_tm4c123.o(.text)
    getOscClk                                0x00000795   Thumb Code   182  system_tm4c123.o(.text)
    .text                                    0x000009e4   Section        0  gpioport.o(.text)
    verifyBaseAddr                           0x000009e5   Thumb Code    64  gpioport.o(.text)
    .text                                    0x00000c14   Section        0  uart.o(.text)
    .text                                    0x00000d18   Section       36  init.o(.text)
    i.__scatterload_copy                     0x00000d3c   Section       14  handlers.o(i.__scatterload_copy)
    i.__scatterload_null                     0x00000d4a   Section        2  handlers.o(i.__scatterload_null)
    i.__scatterload_zeroinit                 0x00000d4c   Section       14  handlers.o(i.__scatterload_zeroinit)
    .data                                    0x20000000   Section        4  pwm.o(.data)
    .data                                    0x20000004   Section        4  system_tm4c123.o(.data)
    STACK                                    0x20000008   Section     4096  startup_tm4c123.o(STACK)

    Global Symbols

    Symbol Name                              Value     Ov Type        Size  Object(Section)

    BuildAttributes$$THM_ISAv4$E$P$D$K$B$S$7EM$VFPi3$EXTD16$VFPS$VFMA$PE$A:L22UL41UL21$X:L11$S22US41US21$IEEE1$IW$USESV6$~STKCKD$USESV7$~SHL$OSPACE$EBA8$MICROLIB$REQ8$PRES8$EABIv2 0x00000000   Number         0  anon$$obj.o ABSOLUTE
    __ARM_use_no_argv                        0x00000000   Number         0  main.o ABSOLUTE
    __Vectors                                0x00000000   Data           4  startup_tm4c123.o(RESET)
    __cpp_initialize__aeabi_                  - Undefined Weak Reference
    __cxa_finalize                            - Undefined Weak Reference
    __decompress                              - Undefined Weak Reference
    _clock_init                               - Undefined Weak Reference
    _microlib_exit                            - Undefined Weak Reference
    __Vectors_End                            0x0000026c   Data           0  startup_tm4c123.o(RESET)
    __Vectors_Size                           0x0000026c   Number         0  startup_tm4c123.o ABSOLUTE
    __main                                   0x0000026d   Thumb Code     0  entry.o(.ARM.Collect$$$$00000000)
    _main_stk                                0x0000026d   Thumb Code     0  entry2.o(.ARM.Collect$$$$00000001)
    _main_scatterload                        0x00000271   Thumb Code     0  entry5.o(.ARM.Collect$$$$00000004)
    __main_after_scatterload                 0x00000275   Thumb Code     0  entry5.o(.ARM.Collect$$$$00000004)
    _main_clock                              0x00000275   Thumb Code     0  entry7b.o(.ARM.Collect$$$$00000008)
    _main_cpp_init                           0x00000275   Thumb Code     0  entry8b.o(.ARM.Collect$$$$0000000A)
    _main_init                               0x00000275   Thumb Code     0  entry9a.o(.ARM.Collect$$$$0000000B)
    __rt_final_cpp                           0x0000027d   Thumb Code     0  entry10a.o(.ARM.Collect$$$$0000000D)
    __rt_final_exit                          0x0000027d   Thumb Code     0  entry11a.o(.ARM.Collect$$$$0000000F)
    initializeBoard                          0x00000281   Thumb Code    20  main.o(.text)
    main                                     0x00000295   Thumb Code    46  main.o(.text)
    DisableInterrupts                        0x00000315   Thumb Code     4  boardutil.o(.text)
    EnableInterrupts                         0x00000319   Thumb Code     4  boardutil.o(.text)
    uart0_config_gpio                        0x0000031d   Thumb Code    42  boardutil.o(.text)
    serialDebugInit                          0x00000347   Thumb Code    18  boardutil.o(.text)
    drv8833_gpioInit                         0x0000035d   Thumb Code   140  drv8833.o(.text)
    drv8833_leftForward                      0x000003e9   Thumb Code    48  drv8833.o(.text)
    drv8833_leftReverse                      0x00000419   Thumb Code    48  drv8833.o(.text)
    drv8833_rightForward                     0x00000449   Thumb Code    48  drv8833.o(.text)
    drv8833_rightReverse                     0x00000479   Thumb Code    48  drv8833.o(.text)
    drv8833_turnLeft                         0x000004a9   Thumb Code    18  drv8833.o(.text)
    drv8833_turnRight                        0x000004bb   Thumb Code    18  drv8833.o(.text)
    pwmConfig                                0x000004e9   Thumb Code   428  pwm.o(.text)
    Reset_Handler                            0x00000699   Thumb Code     8  startup_tm4c123.o(.text)
    NMI_Handler                              0x000006a1   Thumb Code     2  startup_tm4c123.o(.text)
    HardFault_Handler                        0x000006a3   Thumb Code     2  startup_tm4c123.o(.text)
    MemManage_Handler                        0x000006a5   Thumb Code     2  startup_tm4c123.o(.text)
    BusFault_Handler                         0x000006a7   Thumb Code     2  startup_tm4c123.o(.text)
    UsageFault_Handler                       0x000006a9   Thumb Code     2  startup_tm4c123.o(.text)
    SVC_Handler                              0x000006ab   Thumb Code     2  startup_tm4c123.o(.text)
    DebugMon_Handler                         0x000006ad   Thumb Code     2  startup_tm4c123.o(.text)
    PendSV_Handler                           0x000006af   Thumb Code     2  startup_tm4c123.o(.text)
    SysTick_Handler                          0x000006b1   Thumb Code     2  startup_tm4c123.o(.text)
    GPIOA_Handler                            0x000006b3   Thumb Code     2  startup_tm4c123.o(.text)
    GPIOB_Handler                            0x000006b5   Thumb Code     2  startup_tm4c123.o(.text)
    GPIOC_Handler                            0x000006b7   Thumb Code     2  startup_tm4c123.o(.text)
    GPIOD_Handler                            0x000006b9   Thumb Code     2  startup_tm4c123.o(.text)
    GPIOE_Handler                            0x000006bb   Thumb Code     2  startup_tm4c123.o(.text)
    UART0_Handler                            0x000006bd   Thumb Code     2  startup_tm4c123.o(.text)
    UART1_Handler                            0x000006bf   Thumb Code     2  startup_tm4c123.o(.text)
    SSI0_Handler                             0x000006c1   Thumb Code     2  startup_tm4c123.o(.text)
    I2C0_Handler                             0x000006c3   Thumb Code     2  startup_tm4c123.o(.text)
    PMW0_FAULT_Handler                       0x000006c5   Thumb Code     2  startup_tm4c123.o(.text)
    PWM0_0_Handler                           0x000006c7   Thumb Code     2  startup_tm4c123.o(.text)
    PWM0_1_Handler                           0x000006c9   Thumb Code     2  startup_tm4c123.o(.text)
    PWM0_2_Handler                           0x000006cb   Thumb Code     2  startup_tm4c123.o(.text)
    QEI0_Handler                             0x000006cd   Thumb Code     2  startup_tm4c123.o(.text)
    ADC0SS0_Handler                          0x000006cf   Thumb Code     2  startup_tm4c123.o(.text)
    ADC0SS1_Handler                          0x000006d1   Thumb Code     2  startup_tm4c123.o(.text)
    ADC0SS2_Handler                          0x000006d3   Thumb Code     2  startup_tm4c123.o(.text)
    ADC0SS3_Handler                          0x000006d5   Thumb Code     2  startup_tm4c123.o(.text)
    WDT0_Handler                             0x000006d7   Thumb Code     2  startup_tm4c123.o(.text)
    TIMER0A_Handler                          0x000006d9   Thumb Code     2  startup_tm4c123.o(.text)
    TIMER0B_Handler                          0x000006db   Thumb Code     2  startup_tm4c123.o(.text)
    TIMER1A_Handler                          0x000006dd   Thumb Code     2  startup_tm4c123.o(.text)
    TIMER1B_Handler                          0x000006df   Thumb Code     2  startup_tm4c123.o(.text)
    TIMER2A_Handler                          0x000006e1   Thumb Code     2  startup_tm4c123.o(.text)
    TIMER2B_Handler                          0x000006e3   Thumb Code     2  startup_tm4c123.o(.text)
    COMP0_Handler                            0x000006e5   Thumb Code     2  startup_tm4c123.o(.text)
    COMP1_Handler                            0x000006e7   Thumb Code     2  startup_tm4c123.o(.text)
    COMP2_Handler                            0x000006e9   Thumb Code     2  startup_tm4c123.o(.text)
    SYSCTL_Handler                           0x000006eb   Thumb Code     2  startup_tm4c123.o(.text)
    FLASH_Handler                            0x000006ed   Thumb Code     2  startup_tm4c123.o(.text)
    GPIOF_Handler                            0x000006ef   Thumb Code     2  startup_tm4c123.o(.text)
    GPIOG_Handler                            0x000006f1   Thumb Code     2  startup_tm4c123.o(.text)
    GPIOH_Handler                            0x000006f3   Thumb Code     2  startup_tm4c123.o(.text)
    UART2_Handler                            0x000006f5   Thumb Code     2  startup_tm4c123.o(.text)
    SSI1_Handler                             0x000006f7   Thumb Code     2  startup_tm4c123.o(.text)
    TIMER3A_Handler                          0x000006f9   Thumb Code     2  startup_tm4c123.o(.text)
    TIMER3B_Handler                          0x000006fb   Thumb Code     2  startup_tm4c123.o(.text)
    I2C1_Handler                             0x000006fd   Thumb Code     2  startup_tm4c123.o(.text)
    QEI1_Handler                             0x000006ff   Thumb Code     2  startup_tm4c123.o(.text)
    CAN0_Handler                             0x00000701   Thumb Code     2  startup_tm4c123.o(.text)
    CAN1_Handler                             0x00000703   Thumb Code     2  startup_tm4c123.o(.text)
    CAN2_Handler                             0x00000705   Thumb Code     2  startup_tm4c123.o(.text)
    HIB_Handler                              0x00000707   Thumb Code     2  startup_tm4c123.o(.text)
    USB0_Handler                             0x00000709   Thumb Code     2  startup_tm4c123.o(.text)
    PWM0_3_Handler                           0x0000070b   Thumb Code     2  startup_tm4c123.o(.text)
    UDMA_Handler                             0x0000070d   Thumb Code     2  startup_tm4c123.o(.text)
    UDMAERR_Handler                          0x0000070f   Thumb Code     2  startup_tm4c123.o(.text)
    ADC1SS0_Handler                          0x00000711   Thumb Code     2  startup_tm4c123.o(.text)
    ADC1SS1_Handler                          0x00000713   Thumb Code     2  startup_tm4c123.o(.text)
    ADC1SS2_Handler                          0x00000715   Thumb Code     2  startup_tm4c123.o(.text)
    ADC1SS3_Handler                          0x00000717   Thumb Code     2  startup_tm4c123.o(.text)
    GPIOJ_Handler                            0x00000719   Thumb Code     2  startup_tm4c123.o(.text)
    GPIOK_Handler                            0x0000071b   Thumb Code     2  startup_tm4c123.o(.text)
    GPIOL_Handler                            0x0000071d   Thumb Code     2  startup_tm4c123.o(.text)
    SSI2_Handler                             0x0000071f   Thumb Code     2  startup_tm4c123.o(.text)
    SSI3_Handler                             0x00000721   Thumb Code     2  startup_tm4c123.o(.text)
    UART3_Handler                            0x00000723   Thumb Code     2  startup_tm4c123.o(.text)
    UART4_Handler                            0x00000725   Thumb Code     2  startup_tm4c123.o(.text)
    UART5_Handler                            0x00000727   Thumb Code     2  startup_tm4c123.o(.text)
    UART6_Handler                            0x00000729   Thumb Code     2  startup_tm4c123.o(.text)
    UART7_Handler                            0x0000072b   Thumb Code     2  startup_tm4c123.o(.text)
    I2C2_Handler                             0x0000072d   Thumb Code     2  startup_tm4c123.o(.text)
    I2C3_Handler                             0x0000072f   Thumb Code     2  startup_tm4c123.o(.text)
    TIMER4A_Handler                          0x00000731   Thumb Code     2  startup_tm4c123.o(.text)
    TIMER4B_Handler                          0x00000733   Thumb Code     2  startup_tm4c123.o(.text)
    TIMER5A_Handler                          0x00000735   Thumb Code     2  startup_tm4c123.o(.text)
    TIMER5B_Handler                          0x00000737   Thumb Code     2  startup_tm4c123.o(.text)
    WTIMER0A_Handler                         0x00000739   Thumb Code     2  startup_tm4c123.o(.text)
    WTIMER0B_Handler                         0x0000073b   Thumb Code     2  startup_tm4c123.o(.text)
    WTIMER1A_Handler                         0x0000073d   Thumb Code     2  startup_tm4c123.o(.text)
    WTIMER1B_Handler                         0x0000073f   Thumb Code     2  startup_tm4c123.o(.text)
    WTIMER2A_Handler                         0x00000741   Thumb Code     2  startup_tm4c123.o(.text)
    WTIMER2B_Handler                         0x00000743   Thumb Code     2  startup_tm4c123.o(.text)
    WTIMER3A_Handler                         0x00000745   Thumb Code     2  startup_tm4c123.o(.text)
    WTIMER3B_Handler                         0x00000747   Thumb Code     2  startup_tm4c123.o(.text)
    WTIMER4A_Handler                         0x00000749   Thumb Code     2  startup_tm4c123.o(.text)
    WTIMER4B_Handler                         0x0000074b   Thumb Code     2  startup_tm4c123.o(.text)
    WTIMER5A_Handler                         0x0000074d   Thumb Code     2  startup_tm4c123.o(.text)
    WTIMER5B_Handler                         0x0000074f   Thumb Code     2  startup_tm4c123.o(.text)
    FPU_Handler                              0x00000751   Thumb Code     2  startup_tm4c123.o(.text)
    I2C4_Handler                             0x00000753   Thumb Code     2  startup_tm4c123.o(.text)
    I2C5_Handler                             0x00000755   Thumb Code     2  startup_tm4c123.o(.text)
    GPIOM_Handler                            0x00000757   Thumb Code     2  startup_tm4c123.o(.text)
    GPION_Handler                            0x00000759   Thumb Code     2  startup_tm4c123.o(.text)
    QEI2_Handler                             0x0000075b   Thumb Code     2  startup_tm4c123.o(.text)
    GPIOP0_Handler                           0x0000075d   Thumb Code     2  startup_tm4c123.o(.text)
    GPIOP1_Handler                           0x0000075f   Thumb Code     2  startup_tm4c123.o(.text)
    GPIOP2_Handler                           0x00000761   Thumb Code     2  startup_tm4c123.o(.text)
    GPIOP3_Handler                           0x00000763   Thumb Code     2  startup_tm4c123.o(.text)
    GPIOP4_Handler                           0x00000765   Thumb Code     2  startup_tm4c123.o(.text)
    GPIOP5_Handler                           0x00000767   Thumb Code     2  startup_tm4c123.o(.text)
    GPIOP6_Handler                           0x00000769   Thumb Code     2  startup_tm4c123.o(.text)
    GPIOP7_Handler                           0x0000076b   Thumb Code     2  startup_tm4c123.o(.text)
    GPIOQ0_Handler                           0x0000076d   Thumb Code     2  startup_tm4c123.o(.text)
    GPIOQ1_Handler                           0x0000076f   Thumb Code     2  startup_tm4c123.o(.text)
    GPIOQ2_Handler                           0x00000771   Thumb Code     2  startup_tm4c123.o(.text)
    GPIOQ3_Handler                           0x00000773   Thumb Code     2  startup_tm4c123.o(.text)
    GPIOQ4_Handler                           0x00000775   Thumb Code     2  startup_tm4c123.o(.text)
    GPIOQ5_Handler                           0x00000777   Thumb Code     2  startup_tm4c123.o(.text)
    GPIOQ6_Handler                           0x00000779   Thumb Code     2  startup_tm4c123.o(.text)
    GPIOQ7_Handler                           0x0000077b   Thumb Code     2  startup_tm4c123.o(.text)
    GPIOR_Handler                            0x0000077d   Thumb Code     2  startup_tm4c123.o(.text)
    GPIOS_Handler                            0x0000077f   Thumb Code     2  startup_tm4c123.o(.text)
    PMW1_0_Handler                           0x00000781   Thumb Code     2  startup_tm4c123.o(.text)
    PWM1_1_Handler                           0x00000783   Thumb Code     2  startup_tm4c123.o(.text)
    PWM1_2_Handler                           0x00000785   Thumb Code     2  startup_tm4c123.o(.text)
    PWM1_3_Handler                           0x00000787   Thumb Code     2  startup_tm4c123.o(.text)
    PWM1_FAULT_Handler                       0x00000789   Thumb Code     2  startup_tm4c123.o(.text)
    SystemCoreClockUpdate                    0x0000084b   Thumb Code   184  system_tm4c123.o(.text)
    SystemInit                               0x00000903   Thumb Code   112  system_tm4c123.o(.text)
    gpio_enable_port                         0x00000a25   Thumb Code   156  gpioport.o(.text)
    gpio_config_digital_enable               0x00000ac1   Thumb Code    34  gpioport.o(.text)
    gpio_config_enable_output                0x00000ae3   Thumb Code    34  gpioport.o(.text)
    gpio_config_enable_input                 0x00000b05   Thumb Code    34  gpioport.o(.text)
    gpio_config_enable_pullup                0x00000b27   Thumb Code    34  gpioport.o(.text)
    gpio_config_enable_pulldown              0x00000b49   Thumb Code    34  gpioport.o(.text)
    gpio_config_analog_enable                0x00000b6b   Thumb Code    34  gpioport.o(.text)
    gpio_config_alternate_function           0x00000b8d   Thumb Code    34  gpioport.o(.text)
    gpio_config_port_control                 0x00000baf   Thumb Code    34  gpioport.o(.text)
    gpio_config_open_drain                   0x00000bd1   Thumb Code    34  gpioport.o(.text)
    verifyUartBase                           0x00000c15   Thumb Code    54  uart.o(.text)
    uartTxPoll                               0x00000c4b   Thumb Code    50  uart.o(.text)
    uartRxPoll                               0x00000c7d   Thumb Code    70  uart.o(.text)
    uart_init_115K                           0x00000cc3   Thumb Code    78  uart.o(.text)
    __scatterload                            0x00000d19   Thumb Code    28  init.o(.text)
    __scatterload_rt2                        0x00000d19   Thumb Code     0  init.o(.text)
    __scatterload_copy                       0x00000d3d   Thumb Code    14  handlers.o(i.__scatterload_copy)
    __scatterload_null                       0x00000d4b   Thumb Code     2  handlers.o(i.__scatterload_null)
    __scatterload_zeroinit                   0x00000d4d   Thumb Code    14  handlers.o(i.__scatterload_zeroinit)
    Region$$Table$$Base                      0x00000d5c   Number         0  anon$$obj.o(Region$$Table)
    Region$$Table$$Limit                     0x00000d7c   Number         0  anon$$obj.o(Region$$Table)
    PWM                                      0x20000000   Data           4  pwm.o(.data)
    SystemCoreClock                          0x20000004   Data           4  system_tm4c123.o(.data)
    __initial_sp                             0x20001008   Data           0  startup_tm4c123.o(STACK)



==============================================================================

Memory Map of the image

  Image Entry point : 0x00000699

  Load Region LR_1 (Base: 0x00000000, Size: 0x00000d84, Max: 0xffffffff, ABSOLUTE)

    Execution Region ER_RO (Base: 0x00000000, Size: 0x00000d7c, Max: 0xffffffff, ABSOLUTE)

    Base Addr    Size         Type   Attr      Idx    E Section Name        Object

    0x00000000   0x0000026c   Data   RO          152    RESET               startup_tm4c123.o
    0x0000026c   0x00000000   Code   RO          279  * .ARM.Collect$$$$00000000  mc_w.l(entry.o)
    0x0000026c   0x00000004   Code   RO          282    .ARM.Collect$$$$00000001  mc_w.l(entry2.o)
    0x00000270   0x00000004   Code   RO          285    .ARM.Collect$$$$00000004  mc_w.l(entry5.o)
    0x00000274   0x00000000   Code   RO          287    .ARM.Collect$$$$00000008  mc_w.l(entry7b.o)
    0x00000274   0x00000000   Code   RO          289    .ARM.Collect$$$$0000000A  mc_w.l(entry8b.o)
    0x00000274   0x00000008   Code   RO          290    .ARM.Collect$$$$0000000B  mc_w.l(entry9a.o)
    0x0000027c   0x00000000   Code   RO          292    .ARM.Collect$$$$0000000D  mc_w.l(entry10a.o)
    0x0000027c   0x00000000   Code   RO          294    .ARM.Collect$$$$0000000F  mc_w.l(entry11a.o)
    0x0000027c   0x00000004   Code   RO          283    .ARM.Collect$$$$00002712  mc_w.l(entry2.o)
    0x00000280   0x00000094   Code   RO            3    .text               main.o
    0x00000314   0x00000048   Code   RO           89    .text               boardutil.o
    0x0000035c   0x0000018c   Code   RO          109    .text               drv8833.o
    0x000004e8   0x000001b0   Code   RO          129    .text               pwm.o
    0x00000698   0x000000fc   Code   RO          153  * .text               startup_tm4c123.o
    0x00000794   0x00000250   Code   RO          159    .text               system_tm4c123.o
    0x000009e4   0x00000230   Code   RO          186    .text               ece315.lib(gpioport.o)
    0x00000c14   0x00000104   Code   RO          248    .text               ece315.lib(uart.o)
    0x00000d18   0x00000024   Code   RO          296    .text               mc_w.l(init.o)
    0x00000d3c   0x0000000e   Code   RO          300    i.__scatterload_copy  mc_w.l(handlers.o)
    0x00000d4a   0x00000002   Code   RO          301    i.__scatterload_null  mc_w.l(handlers.o)
    0x00000d4c   0x0000000e   Code   RO          302    i.__scatterload_zeroinit  mc_w.l(handlers.o)
    0x00000d5a   0x00000002   PAD
    0x00000d5c   0x00000020   Data   RO          298    Region$$Table       anon$$obj.o


    Execution Region ER_RW (Base: 0x20000000, Size: 0x00000008, Max: 0xffffffff, ABSOLUTE)

    Base Addr    Size         Type   Attr      Idx    E Section Name        Object

    0x20000000   0x00000004   Data   RW          130    .data               pwm.o
    0x20000004   0x00000004   Data   RW          160    .data               system_tm4c123.o


    Execution Region ER_ZI (Base: 0x20000008, Size: 0x00001000, Max: 0xffffffff, ABSOLUTE)

    Base Addr    Size         Type   Attr      Idx    E Section Name        Object

    0x20000008   0x00001000   Zero   RW          150    STACK               startup_tm4c123.o


==============================================================================

Image component sizes


      Code (inc. data)   RO Data    RW Data    ZI Data      Debug   Object Name

        72          4          0          0          0        883   boardutil.o
       396         28          0          0          0       1620   drv8833.o
       148         82          0          0          0      27415   main.o
       432          4          0          4          0       1210   pwm.o
       252         10        620          0       4096       5404   startup_tm4c123.o
       592        138          0          4          0       1473   system_tm4c123.o

    ----------------------------------------------------------------------
      1892        266        652          8       4096      38005   Object Totals
         0          0         32          0          0          0   (incl. Generated)
         0          0          0          0          0          0   (incl. Padding)

    ----------------------------------------------------------------------

      Code (inc. data)   RO Data    RW Data    ZI Data      Debug   Library Member Name

       560         34          0          0          0      29656   gpioport.o
       260         16          0          0          0       2042   uart.o
         0          0          0          0          0          0   entry.o
         0          0          0          0          0          0   entry10a.o
         0          0          0          0          0          0   entry11a.o
         8          4          0          0          0          0   entry2.o
         4          0          0          0          0          0   entry5.o
         0          0          0          0          0          0   entry7b.o
         0          0          0          0          0          0   entry8b.o
         8          4          0          0          0          0   entry9a.o
        30          0          0          0          0          0   handlers.o
        36          8          0          0          0         68   init.o

    ----------------------------------------------------------------------
       908         66          0          0          0      31766   Library Totals
         2          0          0          0          0          0   (incl. Padding)

    ----------------------------------------------------------------------

      Code (inc. data)   RO Data    RW Data    ZI Data      Debug   Library Name

       820         50          0          0          0      31698   ece315.lib
        86         16          0          0          0         68   mc_w.l

    ----------------------------------------------------------------------
       908         66          0          0          0      31766   Library Totals

    ----------------------------------------------------------------------

==============================================================================


      Code (inc. data)   RO Data    RW Data    ZI Data      Debug   

      2800        332        652          8       4096      69275   Grand Totals
      2800        332        652          8       4096      69275   ELF Image Totals
      2800        332        652          8          0          0   ROM Totals

==============================================================================

    Total RO  Size (Code + RO Data)                 3452 (   3.37kB)
    Total RW  Size (RW Data + ZI Data)              4104 (   4.01kB)
    Total ROM Size (Code + RO Data + RW Data)       3460 (   3.38kB)

==============================================================================

